Component: ARM Compiler 5.06 update 7 (build 960) Tool: armlink [4d3601]

==============================================================================

Section Cross References

    main.o(i._Z12SoftWareInitv) refers to misc.o(i.NVIC_PriorityGroupConfig) for NVIC_PriorityGroupConfig
    main.o(i._Z12SoftWareInitv) refers to platform_systick.o(i.delay_init) for delay_init
    main.o(i._Z12SoftWareInitv) refers to app_power_ctrl.o(i._Z24power_ctrl_configurationv) for power_ctrl_configuration()
    main.o(i._Z12SoftWareInitv) refers to queue.o(i.xQueueGenericCreate) for xQueueGenericCreate
    main.o(i._Z12SoftWareInitv) refers to app_preference.o(i._Z13Prefence_Initv) for Prefence_Init()
    main.o(i._Z12SoftWareInitv) refers to platform_pwm.o(i.PWM_Init) for PWM_Init
    main.o(i._Z12SoftWareInitv) refers to platform_pwm.o(i.pwmWrite) for pwmWrite
    main.o(i._Z12SoftWareInitv) refers to app_power_ctrl.o(i._Z13power_ctrl_onh) for power_ctrl_on(unsigned char)
    main.o(i._Z12SoftWareInitv) refers to platform_systick.o(i.delay_xus) for delay_xus
    main.o(i._Z12SoftWareInitv) refers to protocol_dbus.o(i.remote_control_init) for remote_control_init
    main.o(i._Z12SoftWareInitv) refers to main.o(.data) for Message_Queue
    main.o(i.main) refers to main.o(i._Z12SoftWareInitv) for SoftWareInit()
    main.o(i.main) refers to start_task.o(i.startTast) for startTast
    main.o(i.main) refers to tasks.o(i.vTaskStartScheduler) for vTaskStartScheduler
    main.o(.ARM.exidx) refers to main.o(i._Z12SoftWareInitv) for i._Z12SoftWareInitv
    main.o(.ARM.exidx) refers to main.o(i.main) for i.main
    app_led.o(i._ZN7LEDctrl6ToggleE11Pin_TypeDef) refers to tasks.o(i.vTaskDelay) for vTaskDelay
    app_led.o(i._ZN7LEDctrl6ToggleE11Pin_TypeDef) refers to platform_io.o(.constdata) for PIN_MAP
    app_led.o(i._ZN7LEDctrl6ToggleEv) refers to tasks.o(i.vTaskDelay) for vTaskDelay
    app_led.o(i._ZN7LEDctrl6ToggleEv) refers to app_led.o(.constdata) for LED_Pins
    app_led.o(i._ZN7LEDctrl6ToggleEv) refers to platform_io.o(.constdata) for PIN_MAP
    app_led.o(i._ZN7LEDctrl7Turn_OnE11Pin_TypeDef) refers to platform_io.o(.constdata) for PIN_MAP
    app_led.o(i._ZN7LEDctrl7Turn_OnEv) refers to app_led.o(.constdata) for LED_Pins
    app_led.o(i._ZN7LEDctrl7Turn_OnEv) refers to platform_io.o(.constdata) for PIN_MAP
    app_led.o(i._ZN7LEDctrl8Turn_OffE11Pin_TypeDef) refers to platform_io.o(.constdata) for PIN_MAP
    app_led.o(i._ZN7LEDctrl8Turn_OffEv) refers to app_led.o(.constdata) for LED_Pins
    app_led.o(i._ZN7LEDctrl8Turn_OffEv) refers to platform_io.o(.constdata) for PIN_MAP
    app_led.o(i.__sti___11_app_led_cpp_LED) refers to drivers_led.o(i._ZN6LEDdevC1Ev) for LEDdev::LEDdev()
    app_led.o(i.__sti___11_app_led_cpp_LED) refers to app_led.o(.data) for LED
    app_led.o(.ARM.exidx) refers to app_led.o(i._ZN7LEDctrl7Turn_OnEv) for i._ZN7LEDctrl7Turn_OnEv
    app_led.o(.ARM.exidx) refers to app_led.o(i._ZN7LEDctrl7Turn_OnE11Pin_TypeDef) for i._ZN7LEDctrl7Turn_OnE11Pin_TypeDef
    app_led.o(.ARM.exidx) refers to app_led.o(i._ZN7LEDctrl8Turn_OffEv) for i._ZN7LEDctrl8Turn_OffEv
    app_led.o(.ARM.exidx) refers to app_led.o(i._ZN7LEDctrl8Turn_OffE11Pin_TypeDef) for i._ZN7LEDctrl8Turn_OffE11Pin_TypeDef
    app_led.o(.ARM.exidx) refers to app_led.o(i._ZN7LEDctrl6ToggleEv) for i._ZN7LEDctrl6ToggleEv
    app_led.o(.ARM.exidx) refers to app_led.o(i._ZN7LEDctrl6ToggleE11Pin_TypeDef) for i._ZN7LEDctrl6ToggleE11Pin_TypeDef
    app_led.o(.ARM.exidx) refers to app_led.o(i.__sti___11_app_led_cpp_LED) for i.__sti___11_app_led_cpp_LED
    app_led.o(.init_array) refers to app_led.o(i.__sti___11_app_led_cpp_LED) for __sti___11_app_led_cpp_LED
    app_led.o(.init_array) refers to init_aeabi.o(.text) for __cpp_initialize__aeabi_
    app_motor.o(i._Z12CAN_ALL_Initv) refers to drivers_can.o(i._ZN6CANdev9CANx_InitEv) for CANdev::CANx_Init()
    app_motor.o(i._Z12CAN_ALL_Initv) refers to dev_can.o(i._ZN7CANctrl15attachInterruptEPFvP8CanRxMsgE) for CANctrl::attachInterrupt(void(*)(CanRxMsg*))
    app_motor.o(i._Z12CAN_ALL_Initv) refers to dev_can.o(.bss) for CAN1_Ctrl
    app_motor.o(i._Z12CAN_ALL_Initv) refers to app_motor.o(i._Z9CAN1_SendP8CanRxMsg) for CAN1_Send(CanRxMsg*)
    app_motor.o(i._Z12CAN_ALL_Initv) refers to app_motor.o(i._Z9CAN2_SendP8CanRxMsg) for CAN2_Send(CanRxMsg*)
    app_motor.o(i._Z9CAN1_HookP8CanRxMsg) refers to app_motor.o(.data) for i
    app_motor.o(i._Z9CAN1_HookP8CanRxMsg) refers to app_motor.o(.bss) for CAN_Cmd
    app_motor.o(i._Z9CAN1_SendP8CanRxMsg) refers to queue.o(i.xQueueGenericSendFromISR) for xQueueGenericSendFromISR
    app_motor.o(i._Z9CAN1_SendP8CanRxMsg) refers to app_preference.o(.bss) for ID_Data
    app_motor.o(i._Z9CAN1_SendP8CanRxMsg) refers to main.o(.data) for Message_Queue
    app_motor.o(i._Z9CAN2_HookP8CanRxMsg) refers to app_motor.o(.data) for i
    app_motor.o(i._Z9CAN2_HookP8CanRxMsg) refers to app_motor.o(.bss) for CAN_Cmd
[...]
    rc_key_c::read_key_single(count_num_key*, bool*) 0x08007f95   Thumb Code    44  message_task.o(i._ZN8rc_key_c15read_key_singleEP13count_num_keyPb)
    rc_key_c::read_key(count_num_key*, key_count_e, bool*) 0x08007fc1   Thumb Code    42  message_task.o(i._ZN8rc_key_c8read_keyEP13count_num_key11key_count_ePb)
    rc_key_c::read_key(count_num_key*, key_count_e, bool) 0x08007feb   Thumb Code    60  message_task.o(i._ZN8rc_key_c8read_keyEP13count_num_key11key_count_eb)
    Serialdev::Serial_Init(unsigned)         0x08008027   Thumb Code    24  drivers_serial.o(i._ZN9Serialdev11Serial_InitEj)
    Serialdev::Serial_Init(unsigned, SERIAL_Config, unsigned char, unsigned char) 0x08008041   Thumb Code   496  drivers_serial.o(i._ZN9Serialdev11Serial_InitEj13SERIAL_Confighh)
    Serialdev::Serial_Init(unsigned, unsigned char, unsigned char) 0x0800824d   Thumb Code    26  drivers_serial.o(i._ZN9Serialdev11Serial_InitEjhh)
    Serialdev::Serialdev(USART_TypeDef*, unsigned, unsigned) 0x08008267   Thumb Code   116  drivers_serial.o(i._ZN9SerialdevC1EP13USART_TypeDefjj)
    Serialdev::Serialdev__sub_object(USART_TypeDef*, unsigned, unsigned) 0x08008267   Thumb Code     0  drivers_serial.o(i._ZN9SerialdevC1EP13USART_TypeDefjj)
    std::sqrt(float)                         0x080082db   Thumb Code    24  chassis_task.o(i._ZSt4sqrtf)
    operator new[] (unsigned)                0x080082f3   Thumb Code     8  array_new.o(i._Znaj)
    operator new(unsigned)                   0x080082fd   Thumb Code    34  new.o(i._Znwj)
    __ARM_fpclassifyf                        0x08008325   Thumb Code    38  fpclassifyf.o(i.__ARM_fpclassifyf)
    __hardfp_atan2f                          0x0800834d   Thumb Code   594  atan2f.o(i.__hardfp_atan2f)
    __hardfp_sqrtf                           0x080085f9   Thumb Code    58  sqrtf_full.o(i.__hardfp_sqrtf)
    __mathlib_flt_infnan2                    0x08008633   Thumb Code     6  funder.o(i.__mathlib_flt_infnan2)
    __mathlib_flt_underflow                  0x08008639   Thumb Code    10  funder.o(i.__mathlib_flt_underflow)
    _is_digit                                0x08008861   Thumb Code    14  __printf_wp.o(i._is_digit)
    _sys_close                               0x0800886f   Thumb Code    38  retarget_io.o(i._sys_close)
    _sys_exit                                0x08008895   Thumb Code    14  drivers_serial.o(i._sys_exit)
    _sys_flen                                0x080088c1   Thumb Code    36  retarget_io.o(i._sys_flen)
    _sys_istty                               0x080088e5   Thumb Code    36  retarget_io.o(i._sys_istty)
    _sys_open                                0x08008909   Thumb Code    80  retarget_io.o(i._sys_open)
    _sys_seek                                0x08008971   Thumb Code    44  retarget_io.o(i._sys_seek)
    _sys_write                               0x0800899d   Thumb Code    70  retarget_io.o(i._sys_write)
    _ttywrch                                 0x080089e3   Thumb Code     4  retarget_io.o(i._ttywrch)
    delay_init                               0x080089e9   Thumb Code    90  platform_systick.o(i.delay_init)
    delay_xus                                0x08008a55   Thumb Code    76  platform_systick.o(i.delay_xus)
    fputc                                    0x08008aa5   Thumb Code    22  drivers_serial.o(i.fputc)
    getStackTopAddr                          0x08008ac1   Thumb Code     6  stm32f4xx_it.o(i.getStackTopAddr)
    get_remote_control_point                 0x08008ac9   Thumb Code     4  protocol_dbus.o(i.get_remote_control_point)
    main                                     0x08008ad1   Thumb Code    16  main.o(i.main)
    pvPortMalloc                             0x0800950d   Thumb Code   296  heap_4.o(i.pvPortMalloc)
    pvTaskIncrementMutexHeldCount            0x08009649   Thumb Code    26  tasks.o(i.pvTaskIncrementMutexHeldCount)
    pwmWrite                                 0x08009669   Thumb Code    82  platform_pwm.o(i.pwmWrite)
    pxPortInitialiseStack                    0x080096c1   Thumb Code    38  port.o(i.pxPortInitialiseStack)
    remote_control_init                      0x080096ed   Thumb Code    16  protocol_dbus.o(i.remote_control_init)
    startTast                                0x08009701   Thumb Code    24  start_task.o(i.startTast)
    uxListRemove                             0x08009731   Thumb Code    40  list.o(i.uxListRemove)
    vListInitialise                          0x08009759   Thumb Code    26  list.o(i.vListInitialise)
    vListInitialiseItem                      0x08009773   Thumb Code     6  list.o(i.vListInitialiseItem)
    vListInsert                              0x08009779   Thumb Code    52  list.o(i.vListInsert)
    vListInsertEnd                           0x080097ad   Thumb Code    24  list.o(i.vListInsertEnd)
    vPortEnterCritical                       0x080097c5   Thumb Code    76  port.o(i.vPortEnterCritical)
    vPortExitCritical                        0x08009819   Thumb Code    56  port.o(i.vPortExitCritical)
    vPortFree                                0x08009855   Thumb Code   140  heap_4.o(i.vPortFree)
    vPortValidateInterruptPriority           0x080098e9   Thumb Code   106  port.o(i.vPortValidateInterruptPriority)
    vQueueAddToRegistry                      0x08009961   Thumb Code    38  queue.o(i.vQueueAddToRegistry)
    vQueueWaitForMessageRestricted           0x0800998d   Thumb Code    74  queue.o(i.vQueueWaitForMessageRestricted)
    vTaskDelay                               0x080099d9   Thumb Code    82  tasks.o(i.vTaskDelay)
    vTaskDelete                              0x08009a35   Thumb Code   202  tasks.o(i.vTaskDelete)
    vTaskMissedYield                         0x08009b29   Thumb Code     8  tasks.o(i.vTaskMissedYield)
    vTaskPlaceOnEventList                    0x08009b35   Thumb Code    52  tasks.o(i.vTaskPlaceOnEventList)
    vTaskPlaceOnEventListRestricted          0x08009b6d   Thumb Code    60  tasks.o(i.vTaskPlaceOnEventListRestricted)
    vTaskPriorityInherit                     0x08009bad   Thumb Code   164  tasks.o(i.vTaskPriorityInherit)
    vTaskSetTimeOutState                     0x08009c5d   Thumb Code    38  tasks.o(i.vTaskSetTimeOutState)
    vTaskStartScheduler                      0x08009c8d   Thumb Code   118  tasks.o(i.vTaskStartScheduler)
    vTaskSuspendAll                          0x08009d21   Thumb Code    12  tasks.o(i.vTaskSuspendAll)
    vTaskSwitchContext                       0x08009d31   Thumb Code   118  tasks.o(i.vTaskSwitchContext)
    xPortStartScheduler                      0x08009dbd   Thumb Code   284  port.o(i.xPortStartScheduler)
    xPortSysTickHandler                      0x08009ef5   Thumb Code    46  port.o(i.xPortSysTickHandler)
    xQueueGenericCreate                      0x08009f29   Thumb Code    88  queue.o(i.xQueueGenericCreate)
    xQueueGenericReceive                     0x08009f81   Thumb Code   446  queue.o(i.xQueueGenericReceive)
    xQueueGenericReset                       0x0800a145   Thumb Code   146  queue.o(i.xQueueGenericReset)
    xQueueGenericSend                        0x0800a1dd   Thumb Code   452  queue.o(i.xQueueGenericSend)
    xQueueGenericSendFromISR                 0x0800a3a5   Thumb Code   298  queue.o(i.xQueueGenericSendFromISR)
    xTaskCheckForTimeOut                     0x0800a4d1   Thumb Code   132  tasks.o(i.xTaskCheckForTimeOut)
    xTaskCreate                              0x0800a55d   Thumb Code    96  tasks.o(i.xTaskCreate)
    xTaskGetSchedulerState                   0x0800a5bd   Thumb Code    24  tasks.o(i.xTaskGetSchedulerState)
    xTaskGetTickCount                        0x0800a5dd   Thumb Code     6  tasks.o(i.xTaskGetTickCount)
    xTaskIncrementTick                       0x0800a5e9   Thumb Code   282  tasks.o(i.xTaskIncrementTick)
    xTaskPriorityDisinherit                  0x0800a731   Thumb Code   188  tasks.o(i.xTaskPriorityDisinherit)
    xTaskRemoveFromEventList                 0x0800a7f9   Thumb Code   128  tasks.o(i.xTaskRemoveFromEventList)
    xTaskResumeAll                           0x0800a891   Thumb Code   224  tasks.o(i.xTaskResumeAll)
    xTimerCreateTimerTask                    0x0800a995   Thumb Code    64  timers.o(i.xTimerCreateTimerTask)
    xTimerGenericCommand                     0x0800a9e9   Thumb Code   126  timers.o(i.xTimerGenericCommand)
    Matrix<(int)3, (int)1>::Matrix<<float, float, float>>(T1...) 0x0800aa6d   Thumb Code    48  chassis_task.o(t._ZN6MatrixILi3ELi1EEC1IJfffEEEDpT_)
    Matrix<(int)3, (int)1>::Matrix__sub_object<<float, float, float>>(T1...) 0x0800aa6d   Thumb Code     0  chassis_task.o(t._ZN6MatrixILi3ELi1EEC1IJfffEEEDpT_)
    Matrix<(int)3, (int)1>::~Matrix()        0x0800aa9d   Thumb Code     2  chassis_task.o(t._ZN6MatrixILi3ELi1EED1Ev)
    Matrix<(int)3, (int)1>::~Matrix__sub_object() 0x0800aa9d   Thumb Code     0  chassis_task.o(t._ZN6MatrixILi3ELi1EED1Ev)
    Matrix<(int)3, (int)4> Matrix<(int)3, (int)4>::concat_from<<Matrix<(int)3, (int)1>, Matrix<(int)3, (int)1>, Matrix<(int)3, (int)1>, Matrix<(int)3, (int)1>>>(T1...) 0x0800aaa1   Thumb Code   144  chassis_task.o(t._ZN6MatrixILi3ELi4EE11concat_fromIJS_ILi3ELi1EES2_S2_S2_EEES0_DpT_)
    Matrix<(int)3, (int)4>::operator ()(int, int) const 0x0800ab35   Thumb Code    14  chassis_task.o(t._ZNK6MatrixILi3ELi4EEclEii)
    _fp_init                                 0x0800ab43   Thumb Code    10  fpinit.o(x$fpl$fpinit)
    __fplib_config_fpu_vfp                   0x0800ab4b   Thumb Code     0  fpinit.o(x$fpl$fpinit)
    __fplib_config_pureend_doubles           0x0800ab4b   Thumb Code     0  fpinit.o(x$fpl$fpinit)
    __I$use$fp                               0x0800ab4c   Number         0  usenofp.o(x$fpl$usenofp)
    PIN_MAP                                  0x0800aeac   Data        2816  platform_io.o(.constdata)
    __stdin_name                             0x0800b9b4   Data           7  retarget_io.o(.constdata)
    __stdout_name                            0x0800b9bb   Data           8  retarget_io.o(.constdata)
    __stderr_name                            0x0800b9c3   Data           8  retarget_io.o(.constdata)
    sinTable_f32                             0x0800b9cc   Data        2052  arm_common_tables.o(.constdata)
    Region$$Table$$Base                      0x0800c20c   Number         0  anon$$obj.o(Region$$Table)
    Region$$Table$$Limit                     0x0800c22c   Number         0  anon$$obj.o(Region$$Table)
    SHT$$INIT_ARRAY$$Base                    0x0800c22c   Number         0  app_led.o(.init_array)
    SHT$$INIT_ARRAY$$Limit                   0x0800c248   Number         0  init_aeabi.o(.init_array)
    Message_Queue                            0x20000000   Data           4  main.o(.data)
    LED                                      0x20000004   Data           1  app_led.o(.data)
    RTOSsystem_Handler                       0x2000000c   Data           4  start_task.o(.data)
    ChassisTask_Handler                      0x20000010   Data           4  start_task.o(.data)
    MessageTask_Handler                      0x20000014   Data           4  start_task.o(.data)
    UIDrawTask_Handler                       0x20000018   Data           4  start_task.o(.data)
    GuardTask_Handler                        0x2000001c   Data           4  start_task.o(.data)
    CorrespondenceTask_Handler               0x20000020   Data           4  start_task.o(.data)
    UIsend                                   0x20000024   Data           1  chassis_task.o(.data)
    Message_Guard                            0x20000034   Data           4  message_task.o(.data)
    sin_yaw_UI                               0x20000038   Data           4  uidraw_task.o(.data)
    cos_yaw_UI                               0x2000003c   Data           4  uidraw_task.o(.data)
    viosion_x                                0x20000040   Data           4  uidraw_task.o(.data)
    viosion_y                                0x20000044   Data           4  uidraw_task.o(.data)
    null                                     0x20000048   Data           4  uidraw_task.o(.data)
    cap                                      0x2000004c   Data           8  uidraw_task.o(.data)
    Ture                                     0x20000054   Data           4  uidraw_task.o(.data)
    Flase                                    0x20000058   Data           4  uidraw_task.o(.data)
    Level                                    0x2000005c   Data          13  uidraw_task.o(.data)
    Speed_gears                              0x20000069   Data           8  uidraw_task.o(.data)
    Chassis_Mode                             0x20000071   Data          28  uidraw_task.o(.data)
    uisend                                   0x2000008d   Data           1  uidraw_task.o(.data)
    Buff                                     0x2000008e   Data           6  uidraw_task.o(.data)
    x1                                       0x20000094   Data           4  uidraw_task.o(.data)
    x2                                       0x20000098   Data           4  uidraw_task.o(.data)
    x3                                       0x2000009c   Data           4  uidraw_task.o(.data)
    x4                                       0x200000a0   Data           4  uidraw_task.o(.data)
    y1                                       0x200000a4   Data           4  uidraw_task.o(.data)
    y2                                       0x200000a8   Data           4  uidraw_task.o(.data)
    y3                                       0x200000ac   Data           4  uidraw_task.o(.data)
    y4                                       0x200000b0   Data           4  uidraw_task.o(.data)
    standard_ID1                             0x200000b4   Data           2  uidraw_task.o(.data)
    standard_ID2                             0x200000b6   Data           2  uidraw_task.o(.data)
    chassis_UI                               0x200000b8   Data           4  uidraw_task.o(.data)
    robo_data_UI                             0x200000bc   Data           4  uidraw_task.o(.data)
    Message_UI                               0x200000c0   Data           4  uidraw_task.o(.data)
    Gimbal_Union                             0x200000c4   Data           4  correspondence_task.o(.data)
    CRC_INIT                                 0x200000ca   Data           2  protocol_crc.o(.data)
    temp                                     0x200000d1   Data           1  protocol_judgement.o(.data)
    UART7_DataLength                         0x200000d2   Data           2  protocol_judgement.o(.data)
    pxCurrentTCB                             0x200000d8   Data           4  tasks.o(.data)
    SysTickMillis                            0x20000150   Data           4  platform_systick.o(.data)
    SystemCoreClock                          0x20000180   Data           4  system_stm32f4xx.o(.data)
    AHBPrescTable                            0x20000184   Data          16  system_stm32f4xx.o(.data)
    __aeabi_stdin                            0x20000194   Data           4  stdio_streams.o(.data)
    __aeabi_stdout                           0x20000198   Data           4  stdio_streams.o(.data)
    __aeabi_stderr                           0x2000019c   Data           4  stdio_streams.o(.data)
    CAN_Cmd                                  0x200001a0   Data         176  app_motor.o(.bss)
    Serial3                                  0x20000250   Data          40  app_serial.o(.bss)
    Serial6                                  0x20000278   Data          40  app_serial.o(.bss)
    Serial7                                  0x200002a0   Data          40  app_serial.o(.bss)
    Serial8                                  0x200002c8   Data          40  app_serial.o(.bss)
    ID_Data                                  0x200002f0   Data         112  app_preference.o(.bss)
    Chassis                                  0x20000360   Data        1700  chassis_task.o(.bss)
    Message                                  0x20000a04   Data          64  message_task.o(.bss)
    Guard                                    0x20000a44   Data         504  guard_task.o(.bss)
    corres                                   0x20000c3c   Data          24  correspondence_task.o(.bss)
    CAN1_Ctrl                                0x20000c54   Data          32  dev_can.o(.bss)
    CAN2_Ctrl                                0x20000c74   Data          32  dev_can.o(.bss)
    rc_ctrl                                  0x20000c94   Data          22  protocol_dbus.o(.bss)
    ext_client_custom_graphic_single         0x20000cf2   Data          21  protocol_ui.o(.bss)
    graphic_delete                           0x20000d07   Data          17  protocol_ui.o(.bss)
    ext_client_custom_characte               0x20000d18   Data          45  protocol_ui.o(.bss)
    draw_data_struct                         0x20000d45   Data         120  protocol_ui.o(.bss)
    char_data_struct                         0x20000dbd   Data          60  protocol_ui.o(.bss)
    graph_data_struct                        0x20000df9   Data          30  protocol_ui.o(.bss)
    num_data_struct                          0x20000e17   Data          30  protocol_ui.o(.bss)
    map_data_struct                          0x20000e35   Data          23  protocol_ui.o(.bss)
    tx7_buf                                  0x20000e4c   Data         255  protocol_ui.o(.bss)
    rx7_buf                                  0x20000ffe   Data        1000  protocol_judgement.o(.bss)
    TX7_buf                                  0x200013e6   Data         512  protocol_judgement.o(.bss)
    xQueueRegistry                           0x200015e8   Data          64  queue.o(.bss)
    usart3_TxDMA                             0x200219ac   Data          24  drivers_dma.o(.bss)
    usart3_RxDMA                             0x200219c4   Data          24  drivers_dma.o(.bss)
    usart6_TxDMA                             0x200219dc   Data          24  drivers_dma.o(.bss)
    usart6_RxDMA                             0x200219f4   Data          24  drivers_dma.o(.bss)
    usart7_TxDMA                             0x20021a0c   Data          24  drivers_dma.o(.bss)
    usart7_RxDMA                             0x20021a24   Data          24  drivers_dma.o(.bss)
    usart8_TxDMA                             0x20021a3c   Data          24  drivers_dma.o(.bss)
    usart8_RxDMA                             0x20021a54   Data          24  drivers_dma.o(.bss)
    __stdin                                  0x20021a6c   Data          84  stdio_streams.o(.bss)
    __stdout                                 0x20021ac0   Data          84  stdio_streams.o(.bss)
    __stderr                                 0x20021b14   Data          84  stdio_streams.o(.bss)
    __libspace_start                         0x20021b68   Data          96  libspace.o(.bss)
    __temporary_stack_top$libspace           0x20021bc8   Data           0  libspace.o(.bss)



==============================================================================

Memory Map of the image

  Image Entry point : 0x080001ad

  Load Region LR_IROM1 (Base: 0x08000000, Size: 0x0000c3e8, Max: 0x00200000, ABSOLUTE, COMPRESSED[0x0000c2ac])

    Execution Region ER_IROM1 (Exec base: 0x08000000, Load base: 0x08000000, Size: 0x0000c248, Max: 0x00200000, ABSOLUTE)

    Exec Addr    Load Addr    Size         Type   Attr      Idx    E Section Name        Object

    0x08000000   0x08000000   0x000001ac   Data   RO         6353    RESET               startup_stm32f427xx.o
    0x080001ac   0x080001ac   0x00000008   Code   RO         6749  * !!!main             c_w.l(__main.o)
    0x080001b4   0x080001b4   0x00000034   Code   RO         7302    !!!scatter          c_w.l(__scatter.o)
    0x080001e8   0x080001e8   0x0000005a   Code   RO         7300    !!dczerorl2         c_w.l(__dczerorl2.o)
    0x08000242   0x08000242   0x00000002   PAD
    0x08000244   0x08000244   0x0000001c   Code   RO         7304    !!handler_zi        c_w.l(__scatter_zi.o)
    0x08000260   0x08000260   0x00000000   Code   RO         6724    .ARM.Collect$$_printf_percent$$00000000  c_w.l(_printf_percent.o)
    0x08000260   0x08000260   0x00000006   Code   RO         6722    .ARM.Collect$$_printf_percent$$00000009  c_w.l(_printf_d.o)
    0x08000266   0x08000266   0x00000006   Code   RO         6721    .ARM.Collect$$_printf_percent$$0000000C  c_w.l(_printf_x.o)
    0x0800026c   0x0800026c   0x00000004   Code   RO         6841    .ARM.Collect$$_printf_percent$$00000017  c_w.l(_printf_percent_end.o)
    0x08000270   0x08000270   0x00000002   Code   RO         7203    .ARM.Collect$$libinit$$00000000  c_w.l(libinit.o)
    0x08000272   0x08000272   0x00000004   Code   RO         6859    .ARM.Collect$$libinit$$00000001  c_w.l(libinit2.o)
    0x08000276   0x08000276   0x00000000   Code   RO         6862    .ARM.Collect$$libinit$$00000004  c_w.l(libinit2.o)
    0x08000276   0x08000276   0x00000008   Code   RO         6863    .ARM.Collect$$libinit$$00000005  c_w.l(libinit2.o)
    0x0800027e   0x0800027e   0x00000000   Code   RO         6865    .ARM.Collect$$libinit$$0000000A  c_w.l(libinit2.o)
    0x0800027e   0x0800027e   0x00000000   Code   RO         6867    .ARM.Collect$$libinit$$0000000C  c_w.l(libinit2.o)
    0x0800027e   0x0800027e   0x00000000   Code   RO         6869    .ARM.Collect$$libinit$$0000000E  c_w.l(libinit2.o)
    0x0800027e   0x0800027e   0x00000000   Code   RO         6872    .ARM.Collect$$libinit$$00000011  c_w.l(libinit2.o)
    0x0800027e   0x0800027e   0x00000000   Code   RO         6874    .ARM.Collect$$libinit$$00000013  c_w.l(libinit2.o)
    0x0800027e   0x0800027e   0x00000000   Code   RO         6876    .ARM.Collect$$libinit$$00000015  c_w.l(libinit2.o)
    0x0800027e   0x0800027e   0x00000000   Code   RO         6878    .ARM.Collect$$libinit$$00000017  c_w.l(libinit2.o)
    0x0800027e   0x0800027e   0x00000000   Code   RO         6880    .ARM.Collect$$libinit$$00000019  c_w.l(libinit2.o)
    0x0800027e   0x0800027e   0x00000000   Code   RO         6882    .ARM.Collect$$libinit$$0000001B  c_w.l(libinit2.o)
    0x0800027e   0x0800027e   0x00000000   Code   RO         6884    .ARM.Collect$$libinit$$0000001D  c_w.l(libinit2.o)
    0x0800027e   0x0800027e   0x00000000   Code   RO         6886    .ARM.Collect$$libinit$$0000001F  c_w.l(libinit2.o)
    0x0800027e   0x0800027e   0x00000000   Code   RO         6888    .ARM.Collect$$libinit$$00000021  c_w.l(libinit2.o)
    0x0800027e   0x0800027e   0x00000000   Code   RO         6890    .ARM.Collect$$libinit$$00000023  c_w.l(libinit2.o)
    0x0800027e   0x0800027e   0x00000004   Code   RO         6891    .ARM.Collect$$libinit$$00000024  c_w.l(libinit2.o)
    0x08000282   0x08000282   0x00000000   Code   RO         6892    .ARM.Collect$$libinit$$00000025  c_w.l(libinit2.o)
    0x08000282   0x08000282   0x00000000   Code   RO         6896    .ARM.Collect$$libinit$$0000002C  c_w.l(libinit2.o)
    0x08000282   0x08000282   0x00000000   Code   RO         6898    .ARM.Collect$$libinit$$0000002E  c_w.l(libinit2.o)
    0x08000282   0x08000282   0x00000000   Code   RO         6900    .ARM.Collect$$libinit$$00000030  c_w.l(libinit2.o)
    0x08000282   0x08000282   0x00000004   Code   RO         6901    .ARM.Collect$$libinit$$00000031  c_w.l(libinit2.o)
    0x08000286   0x08000286   0x00000000   Code   RO         6902    .ARM.Collect$$libinit$$00000032  c_w.l(libinit2.o)
    0x08000286   0x08000286   0x00000002   Code   RO         6903    .ARM.Collect$$libinit$$00000033  c_w.l(libinit2.o)
    0x08000288   0x08000288   0x00000002   Code   RO         7297    .ARM.Collect$$libshutdown$$00000000  c_w.l(libshutdown.o)
    0x0800028a   0x0800028a   0x00000000   Code   RO         7007    .ARM.Collect$$libshutdown$$00000002  c_w.l(libshutdown2.o)
    0x0800028a   0x0800028a   0x00000006   Code   RO         7008    .ARM.Collect$$libshutdown$$00000003  c_w.l(libshutdown2.o)
    0x08000290   0x08000290   0x00000000   Code   RO         7009    .ARM.Collect$$libshutdown$$00000004  c_w.l(libshutdown2.o)
    0x08000290   0x08000290   0x00000004   Code   RO         7010    .ARM.Collect$$libshutdown$$00000005  c_w.l(libshutdown2.o)
    0x08000294   0x08000294   0x00000000   Code   RO         7011    .ARM.Collect$$libshutdown$$00000006  c_w.l(libshutdown2.o)
    0x08000294   0x08000294   0x00000000   Code   RO         7014    .ARM.Collect$$libshutdown$$00000009  c_w.l(libshutdown2.o)
    0x08000294   0x08000294   0x00000000   Code   RO         7017    .ARM.Collect$$libshutdown$$0000000C  c_w.l(libshutdown2.o)
    0x08000294   0x08000294   0x00000000   Code   RO         7019    .ARM.Collect$$libshutdown$$0000000E  c_w.l(libshutdown2.o)
    0x08000294   0x08000294   0x00000000   Code   RO         7022    .ARM.Collect$$libshutdown$$00000011  c_w.l(libshutdown2.o)
    0x08000294   0x08000294   0x00000002   Code   RO         7023    .ARM.Collect$$libshutdown$$00000012  c_w.l(libshutdown2.o)
    0x08000296   0x08000296   0x00000000   Code   RO         6792    .ARM.Collect$$rtentry$$00000000  c_w.l(__rtentry.o)
    0x08000296   0x08000296   0x00000000   Code   RO         6949    .ARM.Collect$$rtentry$$00000002  c_w.l(__rtentry2.o)
    0x08000296   0x08000296   0x00000006   Code   RO         6961    .ARM.Collect$$rtentry$$00000004  c_w.l(__rtentry4.o)
    0x0800029c   0x0800029c   0x00000000   Code   RO         6951    .ARM.Collect$$rtentry$$00000009  c_w.l(__rtentry2.o)
    0x0800029c   0x0800029c   0x00000004   Code   RO         6952    .ARM.Collect$$rtentry$$0000000A  c_w.l(__rtentry2.o)
    0x080002a0   0x080002a0   0x00000000   Code   RO         6954    .ARM.Collect$$rtentry$$0000000C  c_w.l(__rtentry2.o)
    0x080002a0   0x080002a0   0x00000008   Code   RO         6955    .ARM.Collect$$rtentry$$0000000D  c_w.l(__rtentry2.o)
    0x080002a8   0x080002a8   0x00000002   Code   RO         7234    .ARM.Collect$$rtexit$$00000000  c_w.l(rtexit.o)
    0x080002aa   0x080002aa   0x00000000   Code   RO         7267    .ARM.Collect$$rtexit$$00000002  c_w.l(rtexit2.o)
    0x080002aa   0x080002aa   0x00000004   Code   RO         7268    .ARM.Collect$$rtexit$$00000003  c_w.l(rtexit2.o)
    0x080002ae   0x080002ae   0x00000006   Code   RO         7269    .ARM.Collect$$rtexit$$00000004  c_w.l(rtexit2.o)
    0x080002b4   0x080002b4   0x000000b6   Code   RO         3116    .emb_text           port.o
    0x0800036a   0x0800036a   0x00000002   PAD
    0x0800036c   0x0800036c   0x00000000   Code   RO         6977    .emb_text           c_w.l(maybetermalloc1.o)
    0x0800036c   0x0800036c   0x00000080   Code   RO         6354    .text               startup_stm32f427xx.o
    0x080003ec   0x080003ec   0x00000078   Code   RO         6447    .text               arm_cortexM4lf_math.lib(arm_cos_f32.o)
    0x08000464   0x08000464   0x00000074   Code   RO         6500    .text               arm_cortexM4lf_math.lib(arm_sin_f32.o)
    0x080004d8   0x080004d8   0x00000002   Code   RO         6605    .text               c_w.l(use_no_semi_2.o)
    0x080004da   0x080004da   0x0000005e   Code   RO         6609    .text               c_w.l(h1_alloc.o)
    0x08000538   0x08000538   0x00000018   Code   RO         6667    .text               c_w.l(noretval__2printf.o)
    0x08000550   0x08000550   0x0000004e   Code   RO         6673    .text               c_w.l(_printf_pad.o)
    0x0800059e   0x0800059e   0x00000002   PAD
    0x080005a0   0x080005a0   0x00000078   Code   RO         6677    .text               c_w.l(_printf_dec.o)
    0x08000618   0x08000618   0x00000058   Code   RO         6682    .text               c_w.l(_printf_hex_int.o)
    0x08000670   0x08000670   0x00000138   Code   RO         6712    .text               c_w.l(__printf_flags_wp.o)
    0x080007a8   0x080007a8   0x00000016   Code   RO         6725    .text               c_w.l(abort.o)
    0x080007be   0x080007be   0x0000002e   Code   RO         6730    .text               c_w.l(aeabi_atexit.o)
    0x080007ec   0x080007ec   0x00000048   Code   RO         6733    .text               c_w.l(strcpy.o)
    0x08000834   0x08000834   0x0000003e   Code   RO         6735    .text               c_w.l(strlen.o)
    0x08000872   0x08000872   0x0000008a   Code   RO         6737    .text               c_w.l(rt_memcpy_v6.o)
    0x080008fc   0x080008fc   0x00000064   Code   RO         6739    .text               c_w.l(rt_memcpy_w.o)
    0x08000960   0x08000960   0x00000010   Code   RO         6741    .text               c_w.l(aeabi_memset.o)
    0x08000970   0x08000970   0x00000044   Code   RO         6743    .text               c_w.l(rt_memclr.o)
    0x080009b4   0x080009b4   0x00000080   Code   RO         6745    .text               c_w.l(strcmpv7m.o)
    0x08000a34   0x08000a34   0x00000006   Code   RO         6747    .text               c_w.l(heapauxi.o)
    0x08000a3a   0x08000a3a   0x00000002   PAD
    0x08000a3c   0x08000a3c   0x00000024   Code   RO         6754    .text               c_w.l(init_aeabi.o)
    0x08000a60   0x08000a60   0x00000022   Code   RO         6761    .text               cpprt_w.l(aeabi_vec_dtor_noexceptions.o)
    0x08000a82   0x08000a82   0x00000002   Code   RO         6788    .text               c_w.l(use_no_semi.o)
    0x08000a84   0x08000a84   0x00000008   Code   RO         6796    .text               c_w.l(rt_heap_descriptor_intlibspace.o)
    0x08000a8c   0x08000a8c   0x00000008   Code   RO         6801    .text               c_w.l(rt_ddtor_pointer_addr_intlibspace.o)
    0x08000a94   0x08000a94   0x00000004   Code   RO         6803    .text               c_w.l(hguard.o)
    0x08000a98   0x08000a98   0x0000008a   Code   RO         6805    .text               c_w.l(init_alloc.o)
    0x08000b22   0x08000b22   0x0000000e   Code   RO         6811    .text               c_w.l(h1_init.o)
    0x08000b30   0x08000b30   0x0000004e   Code   RO         6813    .text               c_w.l(h1_free.o)
    0x08000b7e   0x08000b7e   0x00000016   Code   RO         6829    .text               c_w.l(_rserrno.o)
    0x08000b94   0x08000b94   0x000000b2   Code   RO         6831    .text               c_w.l(_printf_intcommon.o)
    0x08000c46   0x08000c46   0x00000002   PAD
    0x08000c48   0x08000c48   0x00000030   Code   RO         6833    .text               c_w.l(_printf_char_common.o)
    0x08000c78   0x08000c78   0x00000024   Code   RO         6839    .text               c_w.l(_printf_char_file.o)
    0x08000c9c   0x08000c9c   0x00000042   Code   RO         6848    .text               c_w.l(cxa_finalize.o)
    0x08000cde   0x08000cde   0x0000000e   Code   RO         6851    .text               c_w.l(defsig_abrt_outer.o)
    0x08000cec   0x08000cec   0x0000004e   Code   RO         6855    .text               c_w.l(rt_memclr_w.o)
    0x08000d3a   0x08000d3a   0x00000002   PAD
    0x08000d3c   0x08000d3c   0x00000008   Code   RO         6945    .text               c_w.l(libspace.o)
    0x08000d44   0x08000d44   0x00000008   Code   RO         6968    .text               c_w.l(rt_new_handler_addr_intlibspace.o)
    0x08000d4c   0x08000d4c   0x00000008   Code   RO         6973    .text               c_w.l(rt_errno_addr_intlibspace.o)
    0x08000d54   0x08000d54   0x00000034   Code   RO         6979    .text               c_w.l(h1_extend.o)
    0x08000d88   0x08000d88   0x00000008   Code   RO         6985    .text               c_w.l(ferror.o)
    0x08000d90   0x08000d90   0x00000138   Code   RO         6987    .text               c_w.l(initio.o)
    0x08000ec8   0x08000ec8   0x0000000a   Code   RO         6993    .text               c_w.l(defsig_exit.o)
    0x08000ed2   0x08000ed2   0x00000002   PAD
    0x08000ed4   0x08000ed4   0x00000030   Code   RO         6995    .text               c_w.l(defsig_abrt_inner.o)
    0x08000f04   0x08000f04   0x0000000e   Code   RO         6997    .text               c_w.l(defsig_rtmem_outer.o)
    0x08000f12   0x08000f12   0x00000004   Code   RO         7027    .text               cpprt_w.l(arm_newhandler_noexceptions.o)
    0x08000f16   0x08000f16   0x0000004a   Code   RO         7165    .text               c_w.l(sys_stackheap_outer.o)
    0x08000f60   0x08000f60   0x00000046   Code   RO         7171    .text               c_w.l(setvbuf.o)
    0x08000fa6   0x08000fa6   0x00000002   PAD
    0x08000fa8   0x08000fa8   0x000000ec   Code   RO         7174    .text               c_w.l(fopen.o)
    0x08001094   0x08001094   0x0000004c   Code   RO         7176    .text               c_w.l(fclose.o)
    0x080010e0   0x080010e0   0x00000012   Code   RO         7182    .text               c_w.l(exit.o)
    0x080010f2   0x080010f2   0x00000032   Code   RO         7186    .text               c_w.l(defsig_general.o)
    0x08001124   0x08001124   0x0000000e   Code   RO         7188    .text               c_w.l(defsig_rtred_outer.o)
    0x08001132   0x08001132   0x00000002   PAD
    0x08001134   0x08001134   0x00000050   Code   RO         7192    .text               c_w.l(defsig_rtmem_inner.o)
    0x08001184   0x08001184   0x0000001a   Code   RO         7220    .text               cpprt_w.l(arm_exceptions_terminate.o)
    0x0800119e   0x0800119e   0x00000002   PAD
    0x080011a0   0x080011a0   0x000000f8   Code   RO         7240    .text               c_w.l(fseek.o)
    0x08001298   0x08001298   0x000000f0   Code   RO         7242    .text               c_w.l(stdio.o)
    0x08001388   0x08001388   0x00000034   Code   RO         7250    .text               c_w.l(defsig_rtred_inner.o)
    0x080013bc   0x080013bc   0x00000050   Code   RO         7261    .text               cpprt_w.l(arm_exceptions_globs.o)
    0x0800140c   0x0800140c   0x00000008   Code   RO         7276    .text               c_w.l(rt_eh_globals_addr_intlibspace.o)
    0x08001414   0x08001414   0x00000042   Code   RO         7278    .text               c_w.l(ftell.o)
    0x08001456   0x08001456   0x0000003c   Code   RO         7292    .text               cpprt_w.l(arm_exceptions_mem.o)
    0x08001492   0x08001492   0x00000004   Code   RO         6238    i.BusFault_Handler  stm32f4xx_it.o
    0x08001496   0x08001496   0x00000002   PAD
    0x08001498   0x08001498   0x00000010   Code   RO         1698    i.CAN1_RX0_IRQHandler  dev_can.o
    0x080014a8   0x080014a8   0x00000010   Code   RO         1699    i.CAN2_RX0_IRQHandler  dev_can.o
    0x080014b8   0x080014b8   0x000000a8   Code   RO         6027    i.CAN_ClearITPendingBit  stm32f4xx_can.o
    0x08001560   0x08001560   0x00000108   Code   RO         6031    i.CAN_FilterInit    stm32f4xx_can.o
    0x08001668   0x08001668   0x00000120   Code   RO         6033    i.CAN_GetITStatus   stm32f4xx_can.o
    0x08001788   0x08001788   0x00000012   Code   RO         6037    i.CAN_ITConfig      stm32f4xx_can.o
    0x0800179a   0x0800179a   0x00000114   Code   RO         6038    i.CAN_Init          stm32f4xx_can.o
    0x080018ae   0x080018ae   0x000000f0   Code   RO         6041    i.CAN_Receive       stm32f4xx_can.o
    0x0800199e   0x0800199e   0x00000126   Code   RO         6046    i.CAN_Transmit      stm32f4xx_can.o
    0x08001ac4   0x08001ac4   0x000000bc   Code   RO          874    i.Chassis_Task      chassis_task.o
    0x08001b80   0x08001b80   0x00000012   Code   RO         6049    i.CheckITStatus     stm32f4xx_can.o
    0x08001b92   0x08001b92   0x00000002   PAD
    0x08001b94   0x08001b94   0x00000038   Code   RO         1587    i.Correspondence_Task  correspondence_task.o
    0x08001bcc   0x08001bcc   0x00000010   Code   RO         3793    i.DMA1_Stream0_IRQHandler  drivers_dma.o
    0x08001bdc   0x08001bdc   0x00000010   Code   RO         3794    i.DMA1_Stream1_IRQHandler  drivers_dma.o
    0x08001bec   0x08001bec   0x00000002   Code   RO         3795    i.DMA1_Stream2_IRQHandler  drivers_dma.o
    0x08001bee   0x08001bee   0x00000002   PAD
    0x08001bf0   0x08001bf0   0x00000010   Code   RO         3796    i.DMA1_Stream3_IRQHandler  drivers_dma.o
    0x08001c00   0x08001c00   0x00000002   Code   RO         3797    i.DMA1_Stream4_IRQHandler  drivers_dma.o
    0x08001c02   0x08001c02   0x00000002   Code   RO         3798    i.DMA1_Stream5_IRQHandler  drivers_dma.o
    0x08001c04   0x08001c04   0x00000010   Code   RO         3799    i.DMA1_Stream6_IRQHandler  drivers_dma.o
    0x08001c14   0x08001c14   0x00000002   Code   RO         3800    i.DMA1_Stream7_IRQHandler  drivers_dma.o
    0x08001c16   0x08001c16   0x00000002   Code   RO         3801    i.DMA2_Stream0_IRQHandler  drivers_dma.o
    0x08001c18   0x08001c18   0x00000010   Code   RO         3802    i.DMA2_Stream1_IRQHandler  drivers_dma.o
    0x08001c28   0x08001c28   0x00000002   Code   RO         3803    i.DMA2_Stream2_IRQHandler  drivers_dma.o
    0x08001c2a   0x08001c2a   0x00000002   Code   RO         3804    i.DMA2_Stream3_IRQHandler  drivers_dma.o
    0x08001c2c   0x08001c2c   0x00000002   Code   RO         3805    i.DMA2_Stream4_IRQHandler  drivers_dma.o
    0x08001c2e   0x08001c2e   0x00000002   Code   RO         3806    i.DMA2_Stream5_IRQHandler  drivers_dma.o
    0x08001c30   0x08001c30   0x00000010   Code   RO         3807    i.DMA2_Stream6_IRQHandler  drivers_dma.o
    0x08001c40   0x08001c40   0x00000002   Code   RO         3808    i.DMA2_Stream7_IRQHandler  drivers_dma.o
    0x08001c42   0x08001c42   0x00000002   PAD
    0x08001c44   0x08001c44   0x00000034   Code   RO         4343    i.DMA_ClearFlag     stm32f4xx_dma.o
    0x08001c78   0x08001c78   0x00000034   Code   RO         4344    i.DMA_ClearITPendingBit  stm32f4xx_dma.o
    0x08001cac   0x08001cac   0x00000016   Code   RO         4345    i.DMA_Cmd           stm32f4xx_dma.o
    0x08001cc2   0x08001cc2   0x00000002   PAD
    0x08001cc4   0x08001cc4   0x00000158   Code   RO         4346    i.DMA_DeInit        stm32f4xx_dma.o
    0x08001e1c   0x08001e1c   0x00000016   Code   RO         4347    i.DMA_DoubleBufferModeCmd  stm32f4xx_dma.o
    0x08001e32   0x08001e32   0x00000018   Code   RO         4348    i.DMA_DoubleBufferModeConfig  stm32f4xx_dma.o
    0x08001e4a   0x08001e4a   0x00000014   Code   RO         4350    i.DMA_GetCmdStatus  stm32f4xx_dma.o
    0x08001e5e   0x08001e5e   0x00000008   Code   RO         4351    i.DMA_GetCurrDataCounter  stm32f4xx_dma.o
    0x08001e66   0x08001e66   0x00000014   Code   RO         4352    i.DMA_GetCurrentMemoryTarget  stm32f4xx_dma.o
    0x08001e7a   0x08001e7a   0x00000002   PAD
    0x08001e7c   0x08001e7c   0x00000058   Code   RO         4357    i.DMA_Init          stm32f4xx_dma.o
    0x08001ed4   0x08001ed4   0x00000004   Code   RO         4360    i.DMA_SetCurrDataCounter  stm32f4xx_dma.o
    0x08001ed8   0x08001ed8   0x00000002   Code   RO         6239    i.DebugMon_Handler  stm32f4xx_it.o
    0x08001eda   0x08001eda   0x00000002   PAD
    0x08001edc   0x08001edc   0x00000028   Code   RO         3403    i.EXTI0_IRQHandler  platform_exti.o
    0x08001f04   0x08001f04   0x000000d4   Code   RO         3404    i.EXTI15_10_IRQHandler  platform_exti.o
    0x08001fd8   0x08001fd8   0x00000028   Code   RO         3405    i.EXTI1_IRQHandler  platform_exti.o
    0x08002000   0x08002000   0x00000028   Code   RO         3406    i.EXTI2_IRQHandler  platform_exti.o
    0x08002028   0x08002028   0x00000028   Code   RO         3407    i.EXTI3_IRQHandler  platform_exti.o
    0x08002050   0x08002050   0x00000028   Code   RO         3408    i.EXTI4_IRQHandler  platform_exti.o
    0x08002078   0x08002078   0x000000a8   Code   RO         3409    i.EXTI9_5_IRQHandler  platform_exti.o
    0x08002120   0x08002120   0x0000000c   Code   RO         4472    i.EXTI_ClearITPendingBit  stm32f4xx_exti.o
    0x0800212c   0x0800212c   0x00000018   Code   RO         4476    i.EXTI_GetITStatus  stm32f4xx_exti.o
    0x08002144   0x08002144   0x00000018   Code   RO         3238    i.GPIO_GetPinNum    platform_io.o
    0x0800215c   0x0800215c   0x00000014   Code   RO         3239    i.GPIO_GetPinSource  platform_io.o
    0x08002170   0x08002170   0x00000090   Code   RO         4788    i.GPIO_Init         stm32f4xx_gpio.o
    0x08002200   0x08002200   0x00000046   Code   RO         4789    i.GPIO_PinAFConfig  stm32f4xx_gpio.o
    0x08002246   0x08002246   0x00000004   Code   RO         4795    i.GPIO_ResetBits    stm32f4xx_gpio.o
    0x0800224a   0x0800224a   0x00000004   Code   RO         4796    i.GPIO_SetBits      stm32f4xx_gpio.o
    0x0800224e   0x0800224e   0x00000002   PAD
    0x08002250   0x08002250   0x00000194   Code   RO         3241    i.GPIOx_Init        platform_io.o
    0x080023e4   0x080023e4   0x00000028   Code   RO         1462    i.Guard_Task        guard_task.o
    0x0800240c   0x0800240c   0x000001dc   Code   RO         6240    i.HardFault_Exception  stm32f4xx_it.o
    0x080025e8   0x080025e8   0x00000010   Code   RO         6190    i.IWDG_ReloadCounter  stm32f4xx_iwdg.o
    0x080025f8   0x080025f8   0x00000004   Code   RO         6241    i.MemManage_Handler  stm32f4xx_it.o
    0x080025fc   0x080025fc   0x00000034   Code   RO         1220    i.Message_Task      message_task.o
    0x08002630   0x08002630   0x00000002   Code   RO         6242    i.NMI_Handler       stm32f4xx_it.o
    0x08002632   0x08002632   0x00000002   PAD
    0x08002634   0x08002634   0x00000078   Code   RO         4295    i.NVIC_Init         misc.o
    0x080026ac   0x080026ac   0x00000014   Code   RO         4296    i.NVIC_PriorityGroupConfig  misc.o
    0x080026c0   0x080026c0   0x00000120   Code   RO         3563    i.PWM_Init          platform_pwm.o
    0x080027e0   0x080027e0   0x00000020   Code   RO         4885    i.RCC_AHB1PeriphClockCmd  stm32f4xx_rcc.o
    0x08002800   0x08002800   0x00000020   Code   RO         4894    i.RCC_APB1PeriphClockCmd  stm32f4xx_rcc.o
    0x08002820   0x08002820   0x00000020   Code   RO         4896    i.RCC_APB1PeriphResetCmd  stm32f4xx_rcc.o
    0x08002840   0x08002840   0x00000020   Code   RO         4897    i.RCC_APB2PeriphClockCmd  stm32f4xx_rcc.o
    0x08002860   0x08002860   0x00000020   Code   RO         4899    i.RCC_APB2PeriphResetCmd  stm32f4xx_rcc.o
    0x08002880   0x08002880   0x000000e8   Code   RO         4906    i.RCC_GetClocksFreq  stm32f4xx_rcc.o
    0x08002968   0x08002968   0x0000014c   Code   RO         4057    i.RC_Init           drivers_remote.o
    0x08002ab4   0x08002ab4   0x0000001c   Code   RO          846    i.RTOSsystem_Task   rtossystem_task.o
    0x08002ad0   0x08002ad0   0x00000120   Code   RO         6319    i.SetSysClock       system_stm32f4xx.o
    0x08002bf0   0x08002bf0   0x0000011c   Code   RO          806    i.Start_Task        start_task.o
    0x08002d0c   0x08002d0c   0x00000028   Code   RO         4299    i.SysTick_CLKSourceConfig  misc.o
    0x08002d34   0x08002d34   0x00000020   Code   RO         3492    i.SysTick_Handler   platform_systick.o
    0x08002d54   0x08002d54   0x00000068   Code   RO         6321    i.SystemInit        system_stm32f4xx.o
    0x08002dbc   0x08002dbc   0x00000054   Code   RO         3626    i.TIM1_UP_TIM10_IRQHandler  platform_timer.o
    0x08002e10   0x08002e10   0x0000002c   Code   RO         3627    i.TIM2_IRQHandler   platform_timer.o
    0x08002e3c   0x08002e3c   0x00000030   Code   RO         3628    i.TIM3_IRQHandler   platform_timer.o
    0x08002e6c   0x08002e6c   0x00000030   Code   RO         3629    i.TIM4_IRQHandler   platform_timer.o
    0x08002e9c   0x08002e9c   0x00000030   Code   RO         3630    i.TIM5_IRQHandler   platform_timer.o
    0x08002ecc   0x08002ecc   0x00000030   Code   RO         3631    i.TIM6_DAC_IRQHandler  platform_timer.o
    0x08002efc   0x08002efc   0x00000030   Code   RO         3632    i.TIM7_IRQHandler   platform_timer.o
    0x08002f2c   0x08002f2c   0x00000054   Code   RO         3633    i.TIM8_UP_TIM13_IRQHandler  platform_timer.o
    0x08002f80   0x08002f80   0x00000006   Code   RO         5286    i.TIM_ClearITPendingBit  stm32f4xx_tim.o
    0x08002f86   0x08002f86   0x00000018   Code   RO         5291    i.TIM_Cmd           stm32f4xx_tim.o
    0x08002f9e   0x08002f9e   0x0000001e   Code   RO         5293    i.TIM_CtrlPWMOutputs  stm32f4xx_tim.o
    0x08002fbc   0x08002fbc   0x00000130   Code   RO         3564    i.TIM_GetGPIO_AF    platform_pwm.o
    0x080030ec   0x080030ec   0x00000022   Code   RO         5312    i.TIM_GetITStatus   stm32f4xx_tim.o
    0x0800310e   0x0800310e   0x00000002   PAD
    0x08003110   0x08003110   0x0000007c   Code   RO         5320    i.TIM_OC1Init       stm32f4xx_tim.o
    0x0800318c   0x0800318c   0x00000012   Code   RO         5323    i.TIM_OC1PreloadConfig  stm32f4xx_tim.o
    0x0800319e   0x0800319e   0x00000002   PAD
    0x080031a0   0x080031a0   0x000000a4   Code   RO         5325    i.TIM_OC2Init       stm32f4xx_tim.o
    0x08003244   0x08003244   0x0000001a   Code   RO         5328    i.TIM_OC2PreloadConfig  stm32f4xx_tim.o
    0x0800325e   0x0800325e   0x00000002   PAD
    0x08003260   0x08003260   0x000000a0   Code   RO         5330    i.TIM_OC3Init       stm32f4xx_tim.o
    0x08003300   0x08003300   0x00000012   Code   RO         5333    i.TIM_OC3PreloadConfig  stm32f4xx_tim.o
    0x08003312   0x08003312   0x00000002   PAD
    0x08003314   0x08003314   0x00000078   Code   RO         5335    i.TIM_OC4Init       stm32f4xx_tim.o
    0x0800338c   0x0800338c   0x0000001a   Code   RO         5337    i.TIM_OC4PreloadConfig  stm32f4xx_tim.o
    0x080033a6   0x080033a6   0x00000002   PAD
    0x080033a8   0x080033a8   0x00000084   Code   RO         5363    i.TIM_TimeBaseInit  stm32f4xx_tim.o
    0x0800342c   0x0800342c   0x00000158   Code   RO         3565    i.TIMx_OCxInit      platform_pwm.o
    0x08003584   0x08003584   0x00000120   Code   RO         3634    i.Timer_ClockCmd    platform_timer.o
    0x080036a4   0x080036a4   0x00000010   Code   RO          626    i.UART7_IRQHandler  app_serial.o
    0x080036b4   0x080036b4   0x00000010   Code   RO          627    i.UART8_IRQHandler  app_serial.o
    0x080036c4   0x080036c4   0x00000f20   Code   RO         1392    i.UIDraw_Task       uidraw_task.o
    0x080045e4   0x080045e4   0x00000160   Code   RO         1870    i.USART1_IRQHandler  protocol_dbus.o
    0x08004744   0x08004744   0x00000010   Code   RO          628    i.USART3_IRQHandler  app_serial.o
    0x08004754   0x08004754   0x00000010   Code   RO          629    i.USART6_IRQHandler  app_serial.o
    0x08004764   0x08004764   0x00000012   Code   RO         5837    i.USART_ClearFlag   stm32f4xx_usart.o
    0x08004776   0x08004776   0x0000001e   Code   RO         5838    i.USART_ClearITPendingBit  stm32f4xx_usart.o
    0x08004794   0x08004794   0x00000018   Code   RO         5841    i.USART_Cmd         stm32f4xx_usart.o
    0x080047ac   0x080047ac   0x00000012   Code   RO         5842    i.USART_DMACmd      stm32f4xx_usart.o
    0x080047be   0x080047be   0x00000002   PAD
    0x080047c0   0x080047c0   0x000000f0   Code   RO         5843    i.USART_DeInit      stm32f4xx_usart.o
    0x080048b0   0x080048b0   0x0000001a   Code   RO         5844    i.USART_GetFlagStatus  stm32f4xx_usart.o
    0x080048ca   0x080048ca   0x00000054   Code   RO         5845    i.USART_GetITStatus  stm32f4xx_usart.o
    0x0800491e   0x0800491e   0x0000004a   Code   RO         5847    i.USART_ITConfig    stm32f4xx_usart.o
    0x08004968   0x08004968   0x000000d4   Code   RO         5848    i.USART_Init        stm32f4xx_usart.o
    0x08004a3c   0x08004a3c   0x0000000a   Code   RO         5855    i.USART_ReceiveData  stm32f4xx_usart.o
    0x08004a46   0x08004a46   0x00000008   Code   RO         5858    i.USART_SendData    stm32f4xx_usart.o
    0x08004a4e   0x08004a4e   0x00000004   Code   RO         6246    i.UsageFault_Handler  stm32f4xx_it.o
    0x08004a52   0x08004a52   0x000000da   Code   RO         1871    i._Z10SBUS_TO_RCPVKhP9RC_ctrl_t  protocol_dbus.o
    0x08004b2c   0x08004b2c   0x00000238   Code   RO         2027    i._Z11Num_PainterPcjjttjjjjjjjif  protocol_ui.o
    0x08004d64   0x08004d64   0x00000030   Code   RO          507    i._Z12CAN_ALL_Initv  app_motor.o
    0x08004d94   0x08004d94   0x00000390   Code   RO         2028    i._Z12Char_PainterPcS_jttjjjjjjh  protocol_ui.o
    0x08005124   0x08005124   0x00000060   Code   RO            3    i._Z12SoftWareInitv  main.o
    0x08005184   0x08005184   0x0000001c   Code   RO          875    i._Z12System_Resetv  chassis_task.o
    0x080051a0   0x080051a0   0x00000028   Code   RO         2029    i._Z13Char_SplicingPcS_  protocol_ui.o
    0x080051c8   0x080051c8   0x0000022c   Code   RO         2030    i._Z13Graph_PainterPcjjttjjjjjjjjjj  protocol_ui.o
    0x080053f4   0x080053f4   0x00000018   Code   RO          776    i._Z13Prefence_Initv  app_preference.o
    0x0800540c   0x0800540c   0x00000020   Code   RO          578    i._Z13power_ctrl_onh  app_power_ctrl.o
    0x0800542c   0x0800542c   0x00000064   Code   RO         2109    i._Z13uart7_dma_getv  protocol_judgement.o
    0x08005490   0x08005490   0x0000001c   Code   RO         2110    i._Z14Usart_SendBuffPht  protocol_judgement.o
    0x080054ac   0x080054ac   0x0000002a   Code   RO         4189    i._Z14fp32_constrainfff  algorithm_user_lib.o
    0x080054d6   0x080054d6   0x00000002   PAD
    0x080054d8   0x080054d8   0x00000020   Code   RO          579    i._Z14power_ctrl_offh  app_power_ctrl.o
    0x080054f8   0x080054f8   0x00000014   Code   RO          876    i._Z14rc_key_v_freshP9RC_ctrl_t  chassis_task.o
    0x0800550c   0x0800550c   0x00000024   Code   RO          630    i._Z15Serial_ALL_Initv  app_serial.o
    0x08005530   0x08005530   0x00000070   Code   RO         2111    i._Z15usart7_DMA_initv  protocol_judgement.o
    0x080055a0   0x080055a0   0x00000020   Code   RO         2112    i._Z16usart7_send_charh  protocol_judgement.o
    0x080055c0   0x080055c0   0x00000024   Code   RO         1963    i._Z18Get_CRC8_Check_SumPhjh  protocol_crc.o
    0x080055e4   0x080055e4   0x00000184   Code   RO         2114    i._Z18referee_data_solvev  protocol_judgement.o
    0x08005768   0x08005768   0x00000034   Code   RO         1964    i._Z19Get_CRC16_Check_SumPhjt  protocol_crc.o
    0x0800579c   0x0800579c   0x00000008   Code   RO         2115    i._Z19get_robo_data_Pointv  protocol_judgement.o
    0x080057a4   0x080057a4   0x00000024   Code   RO         1965    i._Z21Append_CRC8_Check_SumPhj  protocol_crc.o
    0x080057c8   0x080057c8   0x0000002e   Code   RO         1966    i._Z21Verify_CRC8_Check_SumPhj  protocol_crc.o
    0x080057f6   0x080057f6   0x00000002   PAD
    0x080057f8   0x080057f8   0x00000030   Code   RO         1967    i._Z22Append_CRC16_Check_SumPhj  protocol_crc.o
    0x08005828   0x08005828   0x00000040   Code   RO         1968    i._Z22Verify_CRC16_Check_SumPhj  protocol_crc.o
    0x08005868   0x08005868   0x00000008   Code   RO         1467    i._Z22get_guard_ctrl_pointerv  guard_task.o
    0x08005870   0x08005870   0x00000024   Code   RO         4194    i._Z23first_order_filter_initP25first_order_filter_type_tfPKf  algorithm_user_lib.o
    0x08005894   0x08005894   0x00000008   Code   RO          877    i._Z24get_chassis_ctrl_pointerv  chassis_task.o
    0x0800589c   0x0800589c   0x00000008   Code   RO         1221    i._Z24get_message_ctrl_pointerv  message_task.o
    0x080058a4   0x080058a4   0x00000036   Code   RO          581    i._Z24power_ctrl_configurationv  app_power_ctrl.o
    0x080058da   0x080058da   0x00000024   Code   RO          878    i._Z25motor_ecd_to_relative_ecdtt  chassis_task.o
    0x080058fe   0x080058fe   0x00000002   PAD
    0x08005900   0x08005900   0x0000005c   Code   RO         1642    i._Z7pinModeh15pinMode_TypeDef  dev_system.o
    0x0800595c   0x0800595c   0x000001fc   Code   RO         4149    i._Z8PID_CalcP10PidTypeDefffh  algorithm_pid.o
    0x08005b58   0x08005b58   0x00000060   Code   RO         4150    i._Z8PID_InitP10PidTypeDefhPKfff  algorithm_pid.o
    0x08005bb8   0x08005bb8   0x000000b0   Code   RO          508    i._Z9CAN1_HookP8CanRxMsg  app_motor.o
    0x08005c68   0x08005c68   0x0000003c   Code   RO          509    i._Z9CAN1_SendP8CanRxMsg  app_motor.o
    0x08005ca4   0x08005ca4   0x000000b0   Code   RO          510    i._Z9CAN2_HookP8CanRxMsg  app_motor.o
    0x08005d54   0x08005d54   0x00000040   Code   RO          511    i._Z9CAN2_SendP8CanRxMsg  app_motor.o
    0x08005d94   0x08005d94   0x00000008   Code   RO         1468    i._Z9IWDG_Feedv     guard_task.o
    0x08005d9c   0x08005d9c   0x00000048   Code   RO         1471    i._ZN10Guard_Ctrl4FeedE4ID_e  guard_task.o
    0x08005de4   0x08005de4   0x000001a0   Code   RO         1475    i._ZN10Guard_Ctrl4ScanEv  guard_task.o
    0x08005f84   0x08005f84   0x00000002   Code   RO         1476    i._ZN10Guard_Ctrl5StartEv  guard_task.o
    0x08005f86   0x08005f86   0x00000002   PAD
    0x08005f88   0x08005f88   0x00000014   Code   RO         1477    i._ZN10Guard_Ctrl6ReturnE4ID_e  guard_task.o
    0x08005f9c   0x08005f9c   0x00000018   Code   RO         1793    i._ZN10Serialctrl4peekEv  dev_serial.o
    0x08005fb4   0x08005fb4   0x0000001a   Code   RO         1794    i._ZN10Serialctrl4readEv  dev_serial.o
    0x08005fce   0x08005fce   0x00000026   Code   RO         1797    i._ZN10Serialctrl8sendDataEPKvh  dev_serial.o
    0x08005ff4   0x08005ff4   0x0000001e   Code   RO         1798    i._ZN10Serialctrl8sendDataEh  dev_serial.o
    0x08006012   0x08006012   0x00000018   Code   RO         1799    i._ZN10Serialctrl9availableEv  dev_serial.o
    0x0800602a   0x0800602a   0x00000062   Code   RO          636    i._ZN11Serial_Ctrl10IRQHandlerEv  app_serial.o
    0x0800608c   0x0800608c   0x0000008c   Code   RO          637    i._ZN11Serial_Ctrl15Send_to_MessageEv  app_serial.o
    0x08006118   0x08006118   0x0000008e   Code   RO          638    i._ZN11Serial_Ctrl4HookEb  app_serial.o
    0x080061a6   0x080061a6   0x00000044   Code   RO          641    i._ZN11Serial_CtrlC1EP13USART_TypeDefjjhhh  app_serial.o
    0x080061ea   0x080061ea   0x00000002   Code   RO          743    i._ZN11Serial_CtrlD1Ev  app_serial.o
    0x080061ec   0x080061ec   0x0000029c   Code   RO          879    i._ZN12Chassis_Ctrl12Chassis_InitEv  chassis_task.o
    0x08006488   0x08006488   0x0000013a   Code   RO          880    i._ZN12Chassis_Ctrl12Control_loopEv  chassis_task.o
    0x080065c2   0x080065c2   0x00000002   PAD
    0x080065c4   0x080065c4   0x00000210   Code   RO          881    i._ZN12Chassis_Ctrl13RC_to_ControlEPfS0_  chassis_task.o
    0x080067d4   0x080067d4   0x00000244   Code   RO          882    i._ZN12Chassis_Ctrl14Behaviour_ModeEv  chassis_task.o
    0x08006a18   0x08006a18   0x000001a8   Code   RO          883    i._ZN12Chassis_Ctrl15Feedback_UpdateEv  chassis_task.o
    0x08006bc0   0x08006bc0   0x00000108   Code   RO          884    i._ZN12Chassis_Ctrl17Behaviour_ControlEPfS0_S0_  chassis_task.o
    0x08006cc8   0x08006cc8   0x0000023c   Code   RO          885    i._ZN12Chassis_Ctrl19Steering_Round_CalcEv  chassis_task.o
    0x08006f04   0x08006f04   0x0000003e   Code   RO          886    i._ZN12Chassis_Ctrl21Steering_Mode_ControlEv  chassis_task.o
    0x08006f42   0x08006f42   0x00000002   PAD
    0x08006f44   0x08006f44   0x0000019c   Code   RO          887    i._ZN12Chassis_Ctrl21Vector_to_Wheel_SpeedEPfS0_S0_  chassis_task.o
    0x080070e0   0x080070e0   0x000000b8   Code   RO          888    i._ZN12Chassis_Ctrl22Flag_Behaviour_ControlEv  chassis_task.o
    0x08007198   0x08007198   0x000002e0   Code   RO          889    i._ZN12Chassis_Ctrl26Steering_Behaviour_ControlEPfS0_S0_  chassis_task.o
    0x08007478   0x08007478   0x000001d0   Code   RO          890    i._ZN12Chassis_Ctrl7ControlEv  chassis_task.o
    0x08007648   0x08007648   0x00000010   Code   RO         1023    i._ZN12Chassis_CtrlD1Ev  chassis_task.o
    0x08007658   0x08007658   0x0000002a   Code   RO         1223    i._ZN12Message_Ctrl11Usart6_HookEPh  message_task.o
    0x08007682   0x08007682   0x00000002   PAD
    0x08007684   0x08007684   0x0000002c   Code   RO         1224    i._ZN12Message_Ctrl11Usart7_HookEPh  message_task.o
    0x080076b0   0x080076b0   0x00000050   Code   RO         1226    i._ZN12Message_Ctrl12CAN1_ProcessEP8CanRxMsg  message_task.o
    0x08007700   0x08007700   0x00000014   Code   RO         1227    i._ZN12Message_Ctrl12CAN2_ProcessEP8CanRxMsg  message_task.o
    0x08007714   0x08007714   0x00000018   Code   RO         1228    i._ZN12Message_Ctrl4FeedEP4ID_e  message_task.o
    0x0800772c   0x0800772c   0x00000064   Code   RO         1229    i._ZN12Message_Ctrl4HookEv  message_task.o
    0x08007790   0x08007790   0x00000018   Code   RO         1230    i._ZN12Message_Ctrl4InitEv  message_task.o
    0x080077a8   0x080077a8   0x0000000c   Code   RO         1359    i._ZN12Message_CtrlD1Ev  message_task.o
    0x080077b4   0x080077b4   0x00000024   Code   RO         1588    i._ZN19correspondence_ctrl11Corres_InitEv  correspondence_task.o
    0x080077d8   0x080077d8   0x00000020   Code   RO         1589    i._ZN19correspondence_ctrl11Corres_SendEv  correspondence_task.o
    0x080077f8   0x080077f8   0x00000068   Code   RO         1590    i._ZN19correspondence_ctrl12CAP_SendDataEPKvh  correspondence_task.o
    0x08007860   0x08007860   0x00000094   Code   RO         1591    i._ZN19correspondence_ctrl15Corres_FeedbackEv  correspondence_task.o
    0x080078f4   0x080078f4   0x00000042   Code   RO         3740    i._ZN6Buffer11Buffer_ReadEP10RingBufferPh  drivers_buffer.o
    0x08007936   0x08007936   0x00000038   Code   RO         3744    i._ZN6Buffer12Buffer_WriteEP10RingBufferh  drivers_buffer.o
    0x0800796e   0x0800796e   0x00000034   Code   RO         3745    i._ZN6Buffer9newBufferEP10RingBuffert  drivers_buffer.o
    0x080079a2   0x080079a2   0x00000002   PAD
    0x080079a4   0x080079a4   0x00000154   Code   RO         4092    i._ZN6CANdev9CANx_InitEhh  drivers_can.o
    0x08007af8   0x08007af8   0x00000010   Code   RO         4093    i._ZN6CANdev9CANx_InitEv  drivers_can.o
    0x08007b08   0x08007b08   0x00000008   Code   RO         4094    i._ZN6CANdevC1EP11CAN_TypeDef  drivers_can.o
    0x08007b10   0x08007b10   0x00000032   Code   RO         3809    i._ZN6DMAdev10IRQHandlerEv  drivers_dma.o
    0x08007b42   0x08007b42   0x00000002   PAD
    0x08007b44   0x08007b44   0x00000238   Code   RO         3813    i._ZN6DMAdev7dmaInitE10DMA_ConfigPjS1_jjjjjjj  drivers_dma.o
    0x08007d7c   0x08007d7c   0x00000006   Code   RO         3814    i._ZN6DMAdevC1EP18DMA_Stream_TypeDefj  drivers_dma.o
    0x08007d82   0x08007d82   0x00000002   PAD
    0x08007d84   0x08007d84   0x00000038   Code   RO         3962    i._ZN6LEDdev8LED_InitEv  drivers_led.o
    0x08007dbc   0x08007dbc   0x00000006   Code   RO         3963    i._ZN6LEDdevC1Ev    drivers_led.o
    0x08007dc2   0x08007dc2   0x00000030   Code   RO         1700    i._ZN7CANctrl10IRQHandlerEv  dev_can.o
    0x08007df2   0x08007df2   0x00000004   Code   RO         1701    i._ZN7CANctrl15attachInterruptEPFvP8CanRxMsgE  dev_can.o
    0x08007df6   0x08007df6   0x0000005e   Code   RO         1705    i._ZN7CANctrl8SendDataEssss  dev_can.o
    0x08007e54   0x08007e54   0x00000018   Code   RO         1764    i._ZN7CANctrlC1EP11CAN_TypeDefj  dev_can.o
    0x08007e6c   0x08007e6c   0x0000004c   Code   RO          313    i._ZN7LEDctrl6ToggleEv  app_led.o
    0x08007eb8   0x08007eb8   0x0000007e   Code   RO         1231    i._ZN8rc_key_c12rc_key_v_setEP9RC_ctrl_t  message_task.o
    0x08007f36   0x08007f36   0x0000000e   Code   RO         1232    i._ZN8rc_key_c13read_key_evenEP13count_num_key  message_task.o
    0x08007f44   0x08007f44   0x00000018   Code   RO         1233    i._ZN8rc_key_c13read_key_evenEP13count_num_keyPb  message_task.o
    0x08007f5c   0x08007f5c   0x00000020   Code   RO         1234    i._ZN8rc_key_c13sum_key_countEsP13count_num_key  message_task.o
    0x08007f7c   0x08007f7c   0x00000018   Code   RO         1236    i._ZN8rc_key_c15read_key_singleEP13count_num_key  message_task.o
    0x08007f94   0x08007f94   0x0000002c   Code   RO         1237    i._ZN8rc_key_c15read_key_singleEP13count_num_keyPb  message_task.o
    0x08007fc0   0x08007fc0   0x0000002a   Code   RO         1238    i._ZN8rc_key_c8read_keyEP13count_num_key11key_count_ePb  message_task.o
    0x08007fea   0x08007fea   0x0000003c   Code   RO         1239    i._ZN8rc_key_c8read_keyEP13count_num_key11key_count_eb  message_task.o
    0x08008026   0x08008026   0x00000018   Code   RO         3990    i._ZN9Serialdev11Serial_InitEj  drivers_serial.o
    0x0800803e   0x0800803e   0x00000002   PAD
    0x08008040   0x08008040   0x0000020c   Code   RO         3992    i._ZN9Serialdev11Serial_InitEj13SERIAL_Confighh  drivers_serial.o
    0x0800824c   0x0800824c   0x0000001a   Code   RO         3993    i._ZN9Serialdev11Serial_InitEjhh  drivers_serial.o
    0x08008266   0x08008266   0x00000074   Code   RO         3995    i._ZN9SerialdevC1EP13USART_TypeDefjj  drivers_serial.o
    0x080082da   0x080082da   0x00000018   Code   RO         1005    i._ZSt4sqrtf        chassis_task.o
    0x080082f2   0x080082f2   0x00000008   Code   RO         6757    i._Znaj             cpprt_w.l(array_new.o)
    0x080082fa   0x080082fa   0x00000002   PAD
    0x080082fc   0x080082fc   0x00000028   Code   RO         6904    i._Znwj             cpprt_w.l(new.o)
    0x08008324   0x08008324   0x00000026   Code   RO         6927    i.__ARM_fpclassifyf  m_wm.l(fpclassifyf.o)
    0x0800834a   0x0800834a   0x00000002   PAD
    0x0800834c   0x0800834c   0x000002ac   Code   RO         6764    i.__hardfp_atan2f   m_wm.l(atan2f.o)
    0x080085f8   0x080085f8   0x0000003a   Code   RO         6776    i.__hardfp_sqrtf    m_wm.l(sqrtf_full.o)
    0x08008632   0x08008632   0x00000006   Code   RO         6931    i.__mathlib_flt_infnan2  m_wm.l(funder.o)
    0x08008638   0x08008638   0x00000010   Code   RO         6935    i.__mathlib_flt_underflow  m_wm.l(funder.o)
    0x08008648   0x08008648   0x00000014   Code   RO          318    i.__sti___11_app_led_cpp_LED  app_led.o
    0x0800865c   0x0800865c   0x0000002c   Code   RO         1706    i.__sti___11_dev_can_cpp_06246a71  dev_can.o
    0x08008688   0x08008688   0x00000028   Code   RO          512    i.__sti___13_app_motor_cpp_CAN_Cmd  app_motor.o
    0x080086b0   0x080086b0   0x000000bc   Code   RO          642    i.__sti___14_app_serial_cpp_Serial3  app_serial.o
    0x0800876c   0x0800876c   0x00000098   Code   RO         3815    i.__sti___15_drivers_dma_cpp_5c429ec9  drivers_dma.o
    0x08008804   0x08008804   0x0000002c   Code   RO          891    i.__sti___16_Chassis_Task_cpp_Chassis  chassis_task.o
    0x08008830   0x08008830   0x00000030   Code   RO         1240    i.__sti___16_Message_Task_cpp_Message  message_task.o
    0x08008860   0x08008860   0x0000000e   Code   RO         6710    i._is_digit         c_w.l(__printf_wp.o)
    0x0800886e   0x0800886e   0x00000026   Code   RO         6358    i._sys_close        retarget_io.o
    0x08008894   0x08008894   0x0000002c   Code   RO         3996    i._sys_exit         drivers_serial.o
    0x080088c0   0x080088c0   0x00000024   Code   RO         6359    i._sys_flen         retarget_io.o
    0x080088e4   0x080088e4   0x00000024   Code   RO         6360    i._sys_istty        retarget_io.o
    0x08008908   0x08008908   0x00000068   Code   RO         6361    i._sys_open         retarget_io.o
    0x08008970   0x08008970   0x0000002c   Code   RO         6363    i._sys_seek         retarget_io.o
    0x0800899c   0x0800899c   0x00000046   Code   RO         6364    i._sys_write        retarget_io.o
    0x080089e2   0x080089e2   0x00000004   Code   RO         6365    i._ttywrch          retarget_io.o
    0x080089e6   0x080089e6   0x00000002   PAD
    0x080089e8   0x080089e8   0x0000006c   Code   RO         3494    i.delay_init        platform_systick.o
    0x08008a54   0x08008a54   0x00000050   Code   RO         3498    i.delay_xus         platform_systick.o
    0x08008aa4   0x08008aa4   0x0000001c   Code   RO         3997    i.fputc             drivers_serial.o
    0x08008ac0   0x08008ac0   0x00000006   Code   RO         6247    i.getStackTopAddr   stm32f4xx_it.o
    0x08008ac6   0x08008ac6   0x00000002   PAD
    0x08008ac8   0x08008ac8   0x00000008   Code   RO         1873    i.get_remote_control_point  protocol_dbus.o
    0x08008ad0   0x08008ad0   0x00000010   Code   RO            4    i.main              main.o
    0x08008ae0   0x08008ae0   0x00000098   Code   RO         2617    i.prvAddCurrentTaskToDelayedList  tasks.o
    0x08008b78   0x08008b78   0x000000b8   Code   RO         2618    i.prvAddNewTaskToReadyList  tasks.o
    0x08008c30   0x08008c30   0x00000064   Code   RO         2986    i.prvCheckForValidListAndQueue  timers.o
    0x08008c94   0x08008c94   0x00000064   Code   RO         2619    i.prvCheckTasksWaitingTermination  tasks.o
    0x08008cf8   0x08008cf8   0x0000002a   Code   RO         2381    i.prvCopyDataFromQueue  queue.o
    0x08008d22   0x08008d22   0x0000007c   Code   RO         2382    i.prvCopyDataToQueue  queue.o
    0x08008d9e   0x08008d9e   0x00000012   Code   RO         2620    i.prvDeleteTCB      tasks.o
    0x08008db0   0x08008db0   0x00000028   Code   RO         2987    i.prvGetNextExpireTime  timers.o
    0x08008dd8   0x08008dd8   0x0000007c   Code   RO         3187    i.prvHeapInit       heap_4.o
    0x08008e54   0x08008e54   0x00000028   Code   RO         2621    i.prvIdleTask       tasks.o
    0x08008e7c   0x08008e7c   0x0000002e   Code   RO         2384    i.prvInitialiseNewQueue  queue.o
    0x08008eaa   0x08008eaa   0x000000b4   Code   RO         2622    i.prvInitialiseNewTask  tasks.o
    0x08008f5e   0x08008f5e   0x00000002   PAD
    0x08008f60   0x08008f60   0x00000068   Code   RO         2623    i.prvInitialiseTaskLists  tasks.o
    0x08008fc8   0x08008fc8   0x00000068   Code   RO         3188    i.prvInsertBlockIntoFreeList  heap_4.o
    0x08009030   0x08009030   0x00000058   Code   RO         2989    i.prvInsertTimerInActiveList  timers.o
    0x08009088   0x08009088   0x0000001a   Code   RO         2385    i.prvIsQueueEmpty   queue.o
    0x080090a2   0x080090a2   0x0000001e   Code   RO         2386    i.prvIsQueueFull    queue.o
    0x080090c0   0x080090c0   0x00000090   Code   RO         2387    i.prvNotifyQueueSetContainer  queue.o
    0x08009150   0x08009150   0x00000064   Code   RO         2990    i.prvProcessExpiredTimer  timers.o
    0x080091b4   0x080091b4   0x000000f8   Code   RO         2991    i.prvProcessReceivedCommands  timers.o
    0x080092ac   0x080092ac   0x00000074   Code   RO         2992    i.prvProcessTimerOrBlockTask  timers.o
    0x08009320   0x08009320   0x00000034   Code   RO         2625    i.prvResetNextTaskUnblockTime  tasks.o
    0x08009354   0x08009354   0x0000002c   Code   RO         2993    i.prvSampleTimeNow  timers.o
    0x08009380   0x08009380   0x000000a0   Code   RO         2994    i.prvSwitchTimerLists  timers.o
    0x08009420   0x08009420   0x00000040   Code   RO         3117    i.prvTaskExitError  port.o
    0x08009460   0x08009460   0x0000001a   Code   RO         2995    i.prvTimerTask      timers.o
    0x0800947a   0x0800947a   0x00000092   Code   RO         2388    i.prvUnlockQueue    queue.o
    0x0800950c   0x0800950c   0x0000013c   Code   RO         3189    i.pvPortMalloc      heap_4.o
    0x08009648   0x08009648   0x00000020   Code   RO         2630    i.pvTaskIncrementMutexHeldCount  tasks.o
    0x08009668   0x08009668   0x00000058   Code   RO         3566    i.pwmWrite          platform_pwm.o
    0x080096c0   0x080096c0   0x0000002c   Code   RO         3118    i.pxPortInitialiseStack  port.o
    0x080096ec   0x080096ec   0x00000014   Code   RO         1874    i.remote_control_init  protocol_dbus.o
    0x08009700   0x08009700   0x0000002c   Code   RO          807    i.startTast         start_task.o
    0x0800972c   0x0800972c   0x00000004   Code   RO         6367    i.stdout_putchar    retarget_io.o
    0x08009730   0x08009730   0x00000028   Code   RO         2344    i.uxListRemove      list.o
    0x08009758   0x08009758   0x0000001a   Code   RO         2345    i.vListInitialise   list.o
    0x08009772   0x08009772   0x00000006   Code   RO         2346    i.vListInitialiseItem  list.o
    0x08009778   0x08009778   0x00000034   Code   RO         2347    i.vListInsert       list.o
    0x080097ac   0x080097ac   0x00000018   Code   RO         2348    i.vListInsertEnd    list.o
    0x080097c4   0x080097c4   0x00000054   Code   RO         3120    i.vPortEnterCritical  port.o
    0x08009818   0x08009818   0x0000003c   Code   RO         3121    i.vPortExitCritical  port.o
    0x08009854   0x08009854   0x00000094   Code   RO         3190    i.vPortFree         heap_4.o
    0x080098e8   0x080098e8   0x00000078   Code   RO         3122    i.vPortValidateInterruptPriority  port.o
    0x08009960   0x08009960   0x0000002c   Code   RO         2394    i.vQueueAddToRegistry  queue.o
    0x0800998c   0x0800998c   0x0000004a   Code   RO         2398    i.vQueueWaitForMessageRestricted  queue.o
    0x080099d6   0x080099d6   0x00000002   PAD
    0x080099d8   0x080099d8   0x0000005c   Code   RO         2639    i.vTaskDelay        tasks.o
    0x08009a34   0x08009a34   0x000000f4   Code   RO         2641    i.vTaskDelete       tasks.o
    0x08009b28   0x08009b28   0x0000000c   Code   RO         2645    i.vTaskMissedYield  tasks.o
    0x08009b34   0x08009b34   0x00000038   Code   RO         2647    i.vTaskPlaceOnEventList  tasks.o
    0x08009b6c   0x08009b6c   0x00000040   Code   RO         2648    i.vTaskPlaceOnEventListRestricted  tasks.o
    0x08009bac   0x08009bac   0x000000b0   Code   RO         2650    i.vTaskPriorityInherit  tasks.o
    0x08009c5c   0x08009c5c   0x00000030   Code   RO         2654    i.vTaskSetTimeOutState  tasks.o
    0x08009c8c   0x08009c8c   0x00000094   Code   RO         2655    i.vTaskStartScheduler  tasks.o
    0x08009d20   0x08009d20   0x00000010   Code   RO         2657    i.vTaskSuspendAll   tasks.o
    0x08009d30   0x08009d30   0x0000008c   Code   RO         2658    i.vTaskSwitchContext  tasks.o
    0x08009dbc   0x08009dbc   0x00000138   Code   RO         3123    i.xPortStartScheduler  port.o
    0x08009ef4   0x08009ef4   0x00000034   Code   RO         3124    i.xPortSysTickHandler  port.o
    0x08009f28   0x08009f28   0x00000058   Code   RO         2403    i.xQueueGenericCreate  queue.o
    0x08009f80   0x08009f80   0x000001c4   Code   RO         2404    i.xQueueGenericReceive  queue.o
    0x0800a144   0x0800a144   0x00000098   Code   RO         2405    i.xQueueGenericReset  queue.o
    0x0800a1dc   0x0800a1dc   0x000001c8   Code   RO         2406    i.xQueueGenericSend  queue.o
    0x0800a3a4   0x0800a3a4   0x0000012a   Code   RO         2407    i.xQueueGenericSendFromISR  queue.o
    0x0800a4ce   0x0800a4ce   0x00000002   PAD
    0x0800a4d0   0x0800a4d0   0x0000008c   Code   RO         2659    i.xTaskCheckForTimeOut  tasks.o
    0x0800a55c   0x0800a55c   0x00000060   Code   RO         2660    i.xTaskCreate       tasks.o
    0x0800a5bc   0x0800a5bc   0x00000020   Code   RO         2665    i.xTaskGetSchedulerState  tasks.o
    0x0800a5dc   0x0800a5dc   0x0000000c   Code   RO         2666    i.xTaskGetTickCount  tasks.o
    0x0800a5e8   0x0800a5e8   0x00000148   Code   RO         2668    i.xTaskIncrementTick  tasks.o
    0x0800a730   0x0800a730   0x000000c8   Code   RO         2671    i.xTaskPriorityDisinherit  tasks.o
    0x0800a7f8   0x0800a7f8   0x00000098   Code   RO         2672    i.xTaskRemoveFromEventList  tasks.o
    0x0800a890   0x0800a890   0x00000104   Code   RO         2674    i.xTaskResumeAll    tasks.o
    0x0800a994   0x0800a994   0x00000054   Code   RO         2999    i.xTimerCreateTimerTask  timers.o
    0x0800a9e8   0x0800a9e8   0x00000084   Code   RO         3000    i.xTimerGenericCommand  timers.o
    0x0800aa6c   0x0800aa6c   0x00000030   Code   RO          999    t._ZN6MatrixILi3ELi1EEC1IJfffEEEDpT_  chassis_task.o
    0x0800aa9c   0x0800aa9c   0x00000002   Code   RO         1026    t._ZN6MatrixILi3ELi1EED1Ev  chassis_task.o
    0x0800aa9e   0x0800aa9e   0x00000002   PAD
    0x0800aaa0   0x0800aaa0   0x00000094   Code   RO         1017    t._ZN6MatrixILi3ELi4EE11concat_fromIJS_ILi3ELi1EES2_S2_S2_EEES0_DpT_  chassis_task.o
    0x0800ab34   0x0800ab34   0x0000000e   Code   RO         1011    t._ZNK6MatrixILi3ELi4EEclEii  chassis_task.o
    0x0800ab42   0x0800ab42   0x0000000a   Code   RO         7156    x$fpl$fpinit        g_wm.l(fpinit.o)
    0x0800ab4c   0x0800ab4c   0x00000000   Code   RO         6926    x$fpl$usenofp       g_wm.l(usenofp.o)
    0x0800ab4c   0x0800ab4c   0x00000008   Data   RO          326    .constdata          app_led.o
    0x0800ab54   0x0800ab54   0x00000058   Data   RO          911    .constdata          chassis_task.o
    0x0800abac   0x0800abac   0x00000300   Data   RO         1975    .constdata          protocol_crc.o
    0x0800aeac   0x0800aeac   0x00000b00   Data   RO         3242    .constdata          platform_io.o
    0x0800b9ac   0x0800b9ac   0x00000008   Data   RO         3966    .constdata          drivers_led.o
    0x0800b9b4   0x0800b9b4   0x00000017   Data   RO         6368    .constdata          retarget_io.o
    0x0800b9cb   0x0800b9cb   0x00000001   PAD
    0x0800b9cc   0x0800b9cc   0x00000804   Data   RO         6580    .constdata          arm_cortexM4lf_math.lib(arm_common_tables.o)
    0x0800c1d0   0x0800c1d0   0x00000028   Data   RO         6683    .constdata          c_w.l(_printf_hex_int.o)
    0x0800c1f8   0x0800c1f8   0x00000011   Data   RO         6713    .constdata          c_w.l(__printf_flags_wp.o)
    0x0800c209   0x0800c209   0x00000003   PAD
    0x0800c20c   0x0800c20c   0x00000020   Data   RO         7298    Region$$Table       anon$$obj.o
    0x0800c22c   0x0800c22c   0x00000004   Data   RO          328    .init_array         app_led.o
    0x0800c230   0x0800c22c   0x00000004   Data   RO          521    .init_array         app_motor.o
    0x0800c234   0x0800c22c   0x00000004   Data   RO          661    .init_array         app_serial.o
    0x0800c238   0x0800c22c   0x00000004   Data   RO          913    .init_array         chassis_task.o
    0x0800c23c   0x0800c22c   0x00000004   Data   RO         1264    .init_array         message_task.o
    0x0800c240   0x0800c22c   0x00000004   Data   RO         1717    .init_array         dev_can.o
    0x0800c244   0x0800c22c   0x00000004   Data   RO         3840    .init_array         drivers_dma.o
    0x0800c248   0x0800c22c   0x00000000   Data   RO         6752    .init_array         c_w.l(init_aeabi.o)


    Execution Region RW_IRAM1 (Exec base: 0x20000000, Load base: 0x0800c248, Size: 0x000224c8, Max: 0x00030000, ABSOLUTE, COMPRESSED[0x00000064])

    Exec Addr    Load Addr    Size         Type   Attr      Idx    E Section Name        Object

    0x20000000   COMPRESSED   0x00000004   Data   RW            7    .data               main.o
    0x20000004   COMPRESSED   0x00000001   Data   RW          327    .data               app_led.o
    0x20000005   COMPRESSED   0x00000002   Data   RW          520    .data               app_motor.o
    0x20000007   COMPRESSED   0x00000001   PAD
    0x20000008   COMPRESSED   0x0000001c   Data   RW          810    .data               start_task.o
    0x20000024   COMPRESSED   0x00000010   Data   RW          912    .data               chassis_task.o
    0x20000034   COMPRESSED   0x00000004   Data   RW         1263    .data               message_task.o
    0x20000038   COMPRESSED   0x0000008c   Data   RW         1395    .data               uidraw_task.o
    0x200000c4   COMPRESSED   0x00000004   Data   RW         1598    .data               correspondence_task.o
    0x200000c8   COMPRESSED   0x00000002   Data   RW         1886    .data               protocol_dbus.o
    0x200000ca   COMPRESSED   0x00000002   Data   RW         1976    .data               protocol_crc.o
    0x200000cc   COMPRESSED   0x0000000c   Data   RW         2125    .data               protocol_judgement.o
    0x200000d8   COMPRESSED   0x0000003c   Data   RW         2677    .data               tasks.o
    0x20000114   COMPRESSED   0x00000014   Data   RW         3006    .data               timers.o
    0x20000128   COMPRESSED   0x0000000c   Data   RW         3125    .data               port.o
    0x20000134   COMPRESSED   0x00000018   Data   RW         3195    .data               heap_4.o
    0x2000014c   COMPRESSED   0x00000024   Data   RW         3501    .data               platform_systick.o
    0x20000170   COMPRESSED   0x00000010   Data   RW         4938    .data               stm32f4xx_rcc.o
    0x20000180   COMPRESSED   0x00000014   Data   RW         6322    .data               system_stm32f4xx.o
    0x20000194   COMPRESSED   0x00000004   Data   RW         6845    .data               c_w.l(stdio_streams.o)
    0x20000198   COMPRESSED   0x00000004   Data   RW         6846    .data               c_w.l(stdio_streams.o)
    0x2000019c   COMPRESSED   0x00000004   Data   RW         6847    .data               c_w.l(stdio_streams.o)
    0x200001a0        -       0x000000b0   Zero   RW          519    .bss                app_motor.o
    0x20000250        -       0x000000a0   Zero   RW          660    .bss                app_serial.o
    0x200002f0        -       0x00000070   Zero   RW          778    .bss                app_preference.o
    0x20000360        -       0x000006a4   Zero   RW          910    .bss                chassis_task.o
    0x20000a04        -       0x00000040   Zero   RW         1262    .bss                message_task.o
    0x20000a44        -       0x000001f8   Zero   RW         1494    .bss                guard_task.o
    0x20000c3c        -       0x00000018   Zero   RW         1597    .bss                correspondence_task.o
    0x20000c54        -       0x00000040   Zero   RW         1716    .bss                dev_can.o
    0x20000c94        -       0x0000005e   Zero   RW         1885    .bss                protocol_dbus.o
    0x20000cf2        -       0x00000259   Zero   RW         2041    .bss                protocol_ui.o
    0x20000f4b   COMPRESSED   0x00000001   PAD
    0x20000f4c        -       0x0000069a   Zero   RW         2124    .bss                protocol_judgement.o
    0x200015e6   COMPRESSED   0x00000002   PAD
    0x200015e8        -       0x00000040   Zero   RW         2418    .bss                queue.o
    0x20001628        -       0x000002e4   Zero   RW         2676    .bss                tasks.o
    0x2000190c        -       0x00000028   Zero   RW         3005    .bss                timers.o
    0x20001934        -       0x00020000   Zero   RW         3194    .bss                heap_4.o
    0x20021934        -       0x00000040   Zero   RW         3414    .bss                platform_exti.o
    0x20021974        -       0x00000038   Zero   RW         3642    .bss                platform_timer.o
    0x200219ac        -       0x000000c0   Zero   RW         3839    .bss                drivers_dma.o
    0x20021a6c        -       0x00000054   Zero   RW         6842    .bss                c_w.l(stdio_streams.o)
    0x20021ac0        -       0x00000054   Zero   RW         6843    .bss                c_w.l(stdio_streams.o)
    0x20021b14        -       0x00000054   Zero   RW         6844    .bss                c_w.l(stdio_streams.o)
    0x20021b68        -       0x00000060   Zero   RW         6946    .bss                c_w.l(libspace.o)
    0x20021bc8        -       0x00000500   Zero   RW         6352    HEAP                startup_stm32f427xx.o
    0x200220c8        -       0x00000400   Zero   RW         6351    STACK               startup_stm32f427xx.o


==============================================================================

Image component sizes


      Code (inc. data)   RO Data    RW Data    ZI Data      Debug   Object Name

       604          8          0          0          0       2022   algorithm_pid.o
        78          4          0          0          0       1867   algorithm_user_lib.o
        96         16         12          1          0     293204   app_led.o
       564         72          4          2        176       8721   app_motor.o
       118         12          0          0          0       1680   app_power_ctrl.o
        24          6          0          0        112       1814   app_preference.o
       738        100          4          0        160       9593   app_serial.o
      5784        248         92         16       1700      29273   chassis_task.o
       376         26          0          4         24       3712   correspondence_task.o
         0          0          0          0          0      11760   croutine.o
       246         28          4          0         64       4586   dev_can.o
       142          0          0          0          0       4016   dev_serial.o
        92          4          0          0          0        618   dev_system.o
       174          0          0          0          0       2588   drivers_buffer.o
       364         12          0          0          0       2600   drivers_can.o
       892        110          4          0        192      11674   drivers_dma.o
        62          4          8          0          0       1268   drivers_led.o
       332         20          0          0          0       1490   drivers_remote.o
       762         64          0          0          0       6648   drivers_serial.o
         0          0          0          0          0      11776   event_groups.o
       566         18          0          0        504       4409   guard_task.o
       692         62          0         24     131072       4615   heap_4.o
       148          0          0          0          0       3434   list.o
       112          4          0          4          0     290753   main.o
       820         62          4          4         64      14737   message_task.o
       180         24          0          0          0       2245   misc.o
       580         40          0          0         64       4447   platform_exti.o
       448         56       2816          0          0     320620   platform_io.o
      1024        144          0          0          0       3542   platform_pwm.o
       220         26          0         36          0       3505   platform_systick.o
       740        132          0          0         56       6031   platform_timer.o
       918         86          0         12          0      11042   port.o
       282         20        768          2          0       5144   protocol_crc.o
       598         44          0          2         94       7699   protocol_dbus.o
       668         68          0         12       1690      10477   protocol_judgement.o
      2076        148          0          0        601      12629   protocol_ui.o
      2122         22          0          0         64      17469   queue.o
       336         24         23          0          0       6625   retarget_io.o
        28          4          0          0          0        542   rtossystem_task.o
       328        152          0         28          0       5906   start_task.o
       128         30        428          0       2304        836   startup_stm32f427xx.o
      1566         16          0          0          0       6642   stm32f4xx_can.o
       656         54          0          0          0       8211   stm32f4xx_dma.o
        36         10          0          0          0       1160   stm32f4xx_exti.o
       222          0          0          0          0       3055   stm32f4xx_gpio.o
       498        278          0          0          0       4205   stm32f4xx_it.o
        16          6          0          0          0        505   stm32f4xx_iwdg.o
       392         48          0         16          0       5981   stm32f4xx_rcc.o
       882         66          0          0          0       9260   stm32f4xx_tim.o
       744         42          0          0          0       8243   stm32f4xx_usart.o
       392         32          0         20          0       1921   system_stm32f4xx.o
      3078        410          0         60        740      23791   tasks.o
      1138        116          0         20         40      17631   timers.o
      3872        312          0        140          0      21212   uidraw_task.o

    ----------------------------------------------------------------------
     38020       3290       4200        404     139724    1259434   Object Totals
         0          0         32          0          0          0   (incl. Generated)
        66          0          1          1          3          0   (incl. Padding)

    ----------------------------------------------------------------------

      Code (inc. data)   RO Data    RW Data    ZI Data      Debug   Library Member Name

         0          0       2052          0          0       4636   arm_common_tables.o
       120         12          0          0          0      16970   arm_cos_f32.o
       116         12          0          0          0        658   arm_sin_f32.o
        90          0          0          0          0          0   __dczerorl2.o
         8          0          0          0          0         68   __main.o
       312          4         17          0          0         92   __printf_flags_wp.o
        14          0          0          0          0         68   __printf_wp.o
         0          0          0          0          0          0   __rtentry.o
        12          0          0          0          0          0   __rtentry2.o
         6          0          0          0          0          0   __rtentry4.o
        52          8          0          0          0          0   __scatter.o
        28          0          0          0          0          0   __scatter_zi.o
        48          6          0          0          0         96   _printf_char_common.o
        36          4          0          0          0         80   _printf_char_file.o
         6          0          0          0          0          0   _printf_d.o
       120         16          0          0          0         92   _printf_dec.o
        88          4         40          0          0         88   _printf_hex_int.o
       178          0          0          0          0         88   _printf_intcommon.o
        78          0          0          0          0        108   _printf_pad.o
         0          0          0          0          0          0   _printf_percent.o
         4          0          0          0          0          0   _printf_percent_end.o
         6          0          0          0          0          0   _printf_x.o
        22          0          0          0          0        100   _rserrno.o
        22          0          0          0          0         80   abort.o
        46          0          0          0          0         84   aeabi_atexit.o
        16          0          0          0          0         68   aeabi_memset.o
        66          0          0          0          0         84   cxa_finalize.o
        48         34          0          0          0         76   defsig_abrt_inner.o
        14          0          0          0          0         80   defsig_abrt_outer.o
        10          0          0          0          0         68   defsig_exit.o
        50          0          0          0          0         88   defsig_general.o
        80         58          0          0          0         76   defsig_rtmem_inner.o
        14          0          0          0          0         80   defsig_rtmem_outer.o
        52         38          0          0          0         76   defsig_rtred_inner.o
        14          0          0          0          0         80   defsig_rtred_outer.o
        18          0          0          0          0         80   exit.o
        76          0          0          0          0         88   fclose.o
         8          0          0          0          0         68   ferror.o
       236          4          0          0          0        128   fopen.o
       248          6          0          0          0         84   fseek.o
        66          0          0          0          0         76   ftell.o
        94          0          0          0          0         80   h1_alloc.o
        52          0          0          0          0         68   h1_extend.o
        78          0          0          0          0         80   h1_free.o
        14          0          0          0          0         84   h1_init.o
         6          0          0          0          0        152   heapauxi.o
         4          0          0          0          0        136   hguard.o
        36         10          0          0          0         80   init_aeabi.o
       138          0          0          0          0        168   init_alloc.o
       312         46          0          0          0        112   initio.o
         2          0          0          0          0          0   libinit.o
        22          0          0          0          0          0   libinit2.o
         2          0          0          0          0          0   libshutdown.o
        12          0          0          0          0          0   libshutdown2.o
         8          4          0          0         96         68   libspace.o
         0          0          0          0          0          0   maybetermalloc1.o
        24          4          0          0          0         84   noretval__2printf.o
         8          4          0          0          0         68   rt_ddtor_pointer_addr_intlibspace.o
         8          4          0          0          0         68   rt_eh_globals_addr_intlibspace.o
         8          4          0          0          0         68   rt_errno_addr_intlibspace.o
         8          4          0          0          0         68   rt_heap_descriptor_intlibspace.o
        68          0          0          0          0         68   rt_memclr.o
        78          0          0          0          0         80   rt_memclr_w.o
       138          0          0          0          0         68   rt_memcpy_v6.o
       100          0          0          0          0         80   rt_memcpy_w.o
         8          4          0          0          0         68   rt_new_handler_addr_intlibspace.o
         2          0          0          0          0          0   rtexit.o
        10          0          0          0          0          0   rtexit2.o
        70          0          0          0          0         80   setvbuf.o
       240          6          0          0          0        156   stdio.o
         0          0          0         12        252          0   stdio_streams.o
       128          0          0          0          0         68   strcmpv7m.o
        72          0          0          0          0         80   strcpy.o
        62          0          0          0          0         76   strlen.o
        74          0          0          0          0         80   sys_stackheap_outer.o
         2          0          0          0          0         68   use_no_semi.o
         2          0          0          0          0         68   use_no_semi_2.o
        34          0          0          0          0         84   aeabi_vec_dtor_noexceptions.o
        80         12          0          0          0        104   arm_exceptions_globs.o
        60          0          0          0          0        108   arm_exceptions_mem.o
        26          0          0          0          0         76   arm_exceptions_terminate.o
         4          0          0          0          0         68   arm_newhandler_noexceptions.o
         8          0          0          0          0         76   array_new.o
        40          6          0          0          0         76   new.o
        10          0          0          0          0        116   fpinit.o
         0          0          0          0          0          0   usenofp.o
       684         90          0          0          0        208   atan2f.o
        38          0          0          0          0        116   fpclassifyf.o
        22          6          0          0          0        232   funder.o
        58          0          0          0          0        136   sqrtf_full.o

    ----------------------------------------------------------------------
      5404        410       2112         12        348      28432   Library Totals
        22          0          3          0          0          0   (incl. Padding)

    ----------------------------------------------------------------------

      Code (inc. data)   RO Data    RW Data    ZI Data      Debug   Library Name

       236         24       2052          0          0      22264   arm_cortexM4lf_math.lib
      4082        272         57         12        348       4768   c_w.l
       252         18          0          0          0        592   cpprt_w.l
        10          0          0          0          0        116   g_wm.l
       802         96          0          0          0        692   m_wm.l

    ----------------------------------------------------------------------
      5404        410       2112         12        348      28432   Library Totals

    ----------------------------------------------------------------------

==============================================================================


      Code (inc. data)   RO Data    RW Data    ZI Data      Debug   

     43424       3700       6312        416     140072    1252546   Grand Totals
     43424       3700       6312        100     140072    1252546   ELF Image Totals (compressed)
     43424       3700       6312        100          0          0   ROM Totals

==============================================================================

    Total RO  Size (Code + RO Data)                49736 (  48.57kB)
    Total RW  Size (RW Data + ZI Data)            140488 ( 137.20kB)
    Total ROM Size (Code + RO Data + RW Data)      49836 (  48.67kB)

==============================================================================

