Component: ARM Compiler 5.06 update 7 (build 960) Tool: armlink [4d3601]

==============================================================================

Section Cross References

    main.o(i._Z12SoftWareInitv) refers to misc.o(i.NVIC_PriorityGroupConfig) for NVIC_PriorityGroupConfig
    main.o(i._Z12SoftWareInitv) refers to platform_systick.o(i.delay_init) for delay_init
    main.o(i._Z12SoftWareInitv) refers to app_power_ctrl.o(i._Z24power_ctrl_configurationv) for power_ctrl_configuration()
    main.o(i._Z12SoftWareInitv) refers to queue.o(i.xQueueGenericCreate) for xQueueGenericCreate
    main.o(i._Z12SoftWareInitv) refers to drivers_serial.o(i._ZN9Serialdev11Serial_InitEj) for Serialdev::Serial_Init(unsigned)
    main.o(i._Z12SoftWareInitv) refers to drivers_serial.o(i._ZN9Serialdev11Serial_InitEjhh) for Serialdev::Serial_Init(unsigned, unsigned char, unsigned char)
    main.o(i._Z12SoftWareInitv) refers to platform_pwm.o(i.PWM_Init) for PWM_Init
    main.o(i._Z12SoftWareInitv) refers to platform_pwm.o(i.pwmWrite) for pwmWrite
    main.o(i._Z12SoftWareInitv) refers to app_power_ctrl.o(i._Z13power_ctrl_onh) for power_ctrl_on(unsigned char)
    main.o(i._Z12SoftWareInitv) refers to platform_systick.o(i.delay_xus) for delay_xus
    main.o(i._Z12SoftWareInitv) refers to protocol_dbus.o(i.remote_control_init) for remote_control_init
    main.o(i._Z12SoftWareInitv) refers to main.o(.data) for .data
    main.o(i._Z12SoftWareInitv) refers to dev_serial.o(.bss) for Serial7
    main.o(i.main) refers to main.o(i._Z12SoftWareInitv) for SoftWareInit()
    main.o(i.main) refers to start_task.o(i.startTast) for startTast
    main.o(i.main) refers to tasks.o(i.vTaskStartScheduler) for vTaskStartScheduler
    main.o(.ARM.exidx) refers to main.o(i._Z12SoftWareInitv) for i._Z12SoftWareInitv
    main.o(.ARM.exidx) refers to main.o(i.main) for i.main
    app_led.o(i._ZN7LEDctrl6ToggleE11Pin_TypeDef) refers to tasks.o(i.vTaskDelay) for vTaskDelay
    app_led.o(i._ZN7LEDctrl6ToggleE11Pin_TypeDef) refers to platform_io.o(.constdata) for PIN_MAP
    app_led.o(i._ZN7LEDctrl6ToggleEv) refers to tasks.o(i.vTaskDelay) for vTaskDelay
    app_led.o(i._ZN7LEDctrl6ToggleEv) refers to app_led.o(.constdata) for .constdata
    app_led.o(i._ZN7LEDctrl6ToggleEv) refers to platform_io.o(.constdata) for PIN_MAP
    app_led.o(i._ZN7LEDctrl7Turn_OnE11Pin_TypeDef) refers to platform_io.o(.constdata) for PIN_MAP
    app_led.o(i._ZN7LEDctrl7Turn_OnEv) refers to app_led.o(.constdata) for .constdata
    app_led.o(i._ZN7LEDctrl7Turn_OnEv) refers to platform_io.o(.constdata) for PIN_MAP
    app_led.o(i._ZN7LEDctrl8Turn_OffE11Pin_TypeDef) refers to platform_io.o(.constdata) for PIN_MAP
    app_led.o(i._ZN7LEDctrl8Turn_OffEv) refers to app_led.o(.constdata) for .constdata
    app_led.o(i._ZN7LEDctrl8Turn_OffEv) refers to platform_io.o(.constdata) for PIN_MAP
    app_led.o(i.__sti___11_app_led_cpp_LED) refers to drivers_led.o(i._ZN6LEDdevC1Ev) for LEDdev::LEDdev()
    app_led.o(i.__sti___11_app_led_cpp_LED) refers to app_led.o(.data) for .data
    app_led.o(.ARM.exidx) refers to app_led.o(i._ZN7LEDctrl7Turn_OnEv) for i._ZN7LEDctrl7Turn_OnEv
    app_led.o(.ARM.exidx) refers to app_led.o(i._ZN7LEDctrl7Turn_OnE11Pin_TypeDef) for i._ZN7LEDctrl7Turn_OnE11Pin_TypeDef
    app_led.o(.ARM.exidx) refers to app_led.o(i._ZN7LEDctrl8Turn_OffEv) for i._ZN7LEDctrl8Turn_OffEv
    app_led.o(.ARM.exidx) refers to app_led.o(i._ZN7LEDctrl8Turn_OffE11Pin_TypeDef) for i._ZN7LEDctrl8Turn_OffE11Pin_TypeDef
    app_led.o(.ARM.exidx) refers to app_led.o(i._ZN7LEDctrl6ToggleEv) for i._ZN7LEDctrl6ToggleEv
    app_led.o(.ARM.exidx) refers to app_led.o(i._ZN7LEDctrl6ToggleE11Pin_TypeDef) for i._ZN7LEDctrl6ToggleE11Pin_TypeDef
    app_led.o(.ARM.exidx) refers to app_led.o(i.__sti___11_app_led_cpp_LED) for i.__sti___11_app_led_cpp_LED
    app_led.o(.init_array) refers to app_led.o(i.__sti___11_app_led_cpp_LED) for __sti___11_app_led_cpp_LED
    app_led.o(.init_array) refers to init_aeabi.o(.text) for __cpp_initialize__aeabi_
    app_motor.o(i._Z12CAN_ALL_Initv) refers to drivers_can.o(i._ZN6CANdev9CANx_InitEv) for CANdev::CANx_Init()
    app_motor.o(i._Z12CAN_ALL_Initv) refers to dev_can.o(i._ZN7CANctrl15attachInterruptEPFvP8CanRxMsgE) for CANctrl::attachInterrupt(void(*)(CanRxMsg*))
    app_motor.o(i._Z12CAN_ALL_Initv) refers to dev_can.o(.bss) for CAN1_Ctrl
    app_motor.o(i._Z12CAN_ALL_Initv) refers to app_motor.o(.bss) for .bss
    app_motor.o(i._Z12CAN_ALL_Initv) refers to app_motor.o(i._Z9CAN1_SendP8CanRxMsg) for CAN1_Send(CanRxMsg*)
    app_motor.o(i._Z12CAN_ALL_Initv) refers to app_motor.o(i._Z9CAN2_SendP8CanRxMsg) for CAN2_Send(CanRxMsg*)
    app_motor.o(i._Z9CAN1_HookP8CanRxMsg) refers to app_motor.o(.bss) for .bss
    app_motor.o(i._Z9CAN1_HookP8CanRxMsg) refers to app_motor.o(.data) for .data
    app_motor.o(i._Z9CAN1_SendP8CanRxMsg) refers to queue.o(i.xQueueGenericSendFromISR) for xQueueGenericSendFromISR
[...]
    CAN1_Hook(CanRxMsg*)                     0x08004cb9   Thumb Code   148  app_motor.o(i._Z9CAN1_HookP8CanRxMsg)
    CAN1_Send(CanRxMsg*)                     0x08004d55   Thumb Code    46  app_motor.o(i._Z9CAN1_SendP8CanRxMsg)
    CAN2_Hook(CanRxMsg*)                     0x08004d91   Thumb Code    72  app_motor.o(i._Z9CAN2_HookP8CanRxMsg)
    CAN2_Send(CanRxMsg*)                     0x08004de1   Thumb Code    48  app_motor.o(i._Z9CAN2_SendP8CanRxMsg)
    Guard_Ctrl::Guard_Feed(ID_e)             0x08004e1d   Thumb Code    28  guard_task.o(i._ZN10Guard_Ctrl10Guard_FeedE4ID_e)
    Guard_Ctrl::Guard_Init(ID_e, unsigned, unsigned, void(*)(unsigned char), bool, unsigned, void(*)(unsigned char)) 0x08004e3d   Thumb Code    62  guard_task.o(i._ZN10Guard_Ctrl10Guard_InitE4ID_ejjPFvhEbjS2_)
    Guard_Ctrl::Guard_Scan()                 0x08004e81   Thumb Code   146  guard_task.o(i._ZN10Guard_Ctrl10Guard_ScanEv)
    Guard_Ctrl::Guard_Start()                0x08004f15   Thumb Code    46  guard_task.o(i._ZN10Guard_Ctrl11Guard_StartEv)
    Serialctrl::IRQHandler()                 0x08004f4d   Thumb Code    92  dev_serial.o(i._ZN10Serialctrl10IRQHandlerEv)
    Serialctrl::attachInterrupt(void(*)())   0x08004fa9   Thumb Code     4  dev_serial.o(i._ZN10Serialctrl15attachInterruptEPFvvE)
    Serialctrl::peek()                       0x08004fad   Thumb Code    22  dev_serial.o(i._ZN10Serialctrl4peekEv)
    Serialctrl::read()                       0x08004fc3   Thumb Code    24  dev_serial.o(i._ZN10Serialctrl4readEv)
    Serialctrl::sendData(const void*, unsigned char) 0x08004fdb   Thumb Code    28  dev_serial.o(i._ZN10Serialctrl8sendDataEPKvh)
    Serialctrl::sendData(unsigned char)      0x08004ff7   Thumb Code    24  dev_serial.o(i._ZN10Serialctrl8sendDataEh)
    Serialctrl::available()                  0x0800500f   Thumb Code    20  dev_serial.o(i._ZN10Serialctrl9availableEv)
    Serialctrl::Serialctrl(USART_TypeDef*, unsigned, unsigned short) 0x08005023   Thumb Code     4  dev_serial.o(i._ZN10SerialctrlC1EP13USART_TypeDefjt)
    Serialctrl::Serialctrl__sub_object(USART_TypeDef*, unsigned, unsigned short) 0x08005023   Thumb Code     0  dev_serial.o(i._ZN10SerialctrlC1EP13USART_TypeDefjt)
    Chassis_Ctrl::Chassis_Init()             0x08005029   Thumb Code   360  chassis_task.o(i._ZN12Chassis_Ctrl12Chassis_InitEv)
    Chassis_Ctrl::Control_loop()             0x080051ad   Thumb Code   202  chassis_task.o(i._ZN12Chassis_Ctrl12Control_loopEv)
    Chassis_Ctrl::RC_to_Control(float*, float*) 0x08005279   Thumb Code   462  chassis_task.o(i._ZN12Chassis_Ctrl13RC_to_ControlEPfS0_)
    Chassis_Ctrl::Behaviour_Mode()           0x08005461   Thumb Code   470  chassis_task.o(i._ZN12Chassis_Ctrl14Behaviour_ModeEv)
    Chassis_Ctrl::Feedback_Update()          0x0800563d   Thumb Code   200  chassis_task.o(i._ZN12Chassis_Ctrl15Feedback_UpdateEv)
    Chassis_Ctrl::Behaviour_Control(float*, float*, float*) 0x08005711   Thumb Code   150  chassis_task.o(i._ZN12Chassis_Ctrl17Behaviour_ControlEPfS0_S0_)
    Chassis_Ctrl::Steering_Round_Calc()      0x080057c1   Thumb Code   206  chassis_task.o(i._ZN12Chassis_Ctrl19Steering_Round_CalcEv)
    Chassis_Ctrl::Steering_Mode_Control()    0x0800588f   Thumb Code    34  chassis_task.o(i._ZN12Chassis_Ctrl21Steering_Mode_ControlEv)
    Chassis_Ctrl::Vector_to_Wheel_Speed(float*, float*, float*) 0x080058b1   Thumb Code   256  chassis_task.o(i._ZN12Chassis_Ctrl21Vector_to_Wheel_SpeedEPfS0_S0_)
    Chassis_Ctrl::Steering_Behaviour_Control(float*, float*, float*) 0x080059b9   Thumb Code   438  chassis_task.o(i._ZN12Chassis_Ctrl26Steering_Behaviour_ControlEPfS0_S0_)
    Chassis_Ctrl::Control()                  0x08005b8d   Thumb Code   256  chassis_task.o(i._ZN12Chassis_Ctrl7ControlEv)
    Message_Ctrl::Usart6_Hook()              0x08005c91   Thumb Code    38  message_task.o(i._ZN12Message_Ctrl11Usart6_HookEv)
    Message_Ctrl::Usart7_Hook()              0x08005cbd   Thumb Code    42  message_task.o(i._ZN12Message_Ctrl11Usart7_HookEv)
    Message_Ctrl::Feed(ID_e*)                0x08005ced   Thumb Code    10  message_task.o(i._ZN12Message_Ctrl4FeedEP4ID_e)
    Message_Ctrl::Hook()                     0x08005cfd   Thumb Code    50  message_task.o(i._ZN12Message_Ctrl4HookEv)
    Message_Ctrl::Init()                     0x08005d35   Thumb Code    20  message_task.o(i._ZN12Message_Ctrl4InitEv)
    correspondence_ctrl::Corres_Init()       0x08005d4d   Thumb Code    86  correspondence_task.o(i._ZN19correspondence_ctrl11Corres_InitEv)
    correspondence_ctrl::Corres_Send()       0x08005dc1   Thumb Code    12  correspondence_task.o(i._ZN19correspondence_ctrl11Corres_SendEv)
    correspondence_ctrl::Corres_Feedback()   0x08005dd1   Thumb Code    42  correspondence_task.o(i._ZN19correspondence_ctrl15Corres_FeedbackEv)
    Buffer::Buffer_Read(RingBuffer*, unsigned char*) 0x08005e01   Thumb Code    54  drivers_buffer.o(i._ZN6Buffer11Buffer_ReadEP10RingBufferPh)
    Buffer::Buffer_Write(RingBuffer*, unsigned char) 0x08005e37   Thumb Code    46  drivers_buffer.o(i._ZN6Buffer12Buffer_WriteEP10RingBufferh)
    Buffer::newBuffer(RingBuffer*, unsigned short) 0x08005e65   Thumb Code    42  drivers_buffer.o(i._ZN6Buffer9newBufferEP10RingBuffert)
    CANdev::CANx_Init(unsigned char, unsigned char) 0x08005e91   Thumb Code   274  drivers_can.o(i._ZN6CANdev9CANx_InitEhh)
    CANdev::CANx_Init()                      0x08005fb1   Thumb Code     8  drivers_can.o(i._ZN6CANdev9CANx_InitEv)
    CANdev::CANdev(CAN_TypeDef*)             0x08005fb9   Thumb Code     8  drivers_can.o(i._ZN6CANdevC1EP11CAN_TypeDef)
    CANdev::CANdev__sub_object(CAN_TypeDef*) 0x08005fb9   Thumb Code     0  drivers_can.o(i._ZN6CANdevC1EP11CAN_TypeDef)
    DMAdev::IRQHandler()                     0x08005fc1   Thumb Code    48  drivers_dma.o(i._ZN6DMAdev10IRQHandlerEv)
    DMAdev::dmaInit(DMA_Config, unsigned*, unsigned*, unsigned, unsigned, unsigned, unsigned, unsigned, unsigned, unsigned) 0x08005ff1   Thumb Code   408  drivers_dma.o(i._ZN6DMAdev7dmaInitE10DMA_ConfigPjS1_jjjjjjj)
    LEDdev::LED_Init()                       0x080061a9   Thumb Code    36  drivers_led.o(i._ZN6LEDdev8LED_InitEv)
    LEDdev::LEDdev()                         0x080061d1   Thumb Code     6  drivers_led.o(i._ZN6LEDdevC1Ev)
    LEDdev::LEDdev__sub_object()             0x080061d1   Thumb Code     0  drivers_led.o(i._ZN6LEDdevC1Ev)
    CANctrl::IRQHandler()                    0x080061d7   Thumb Code    54  dev_can.o(i._ZN7CANctrl10IRQHandlerEv)
    CANctrl::attachInterrupt(void(*)(CanRxMsg*)) 0x0800620d   Thumb Code     4  dev_can.o(i._ZN7CANctrl15attachInterruptEPFvP8CanRxMsgE)
    CANctrl::SendData(short, short, short, short) 0x08006211   Thumb Code    78  dev_can.o(i._ZN7CANctrl8SendDataEssss)
    LEDctrl::Toggle()                        0x08006261   Thumb Code    50  app_led.o(i._ZN7LEDctrl6ToggleEv)
    rc_key_c::rc_key_v_set(RC_ctrl_t*)       0x0800629d   Thumb Code   404  message_task.o(i._ZN8rc_key_c12rc_key_v_setEP9RC_ctrl_t)
    rc_key_c::read_key_even(count_num_key*, bool*) 0x08006431   Thumb Code    14  message_task.o(i._ZN8rc_key_c13read_key_evenEP13count_num_keyPb)
    rc_key_c::sum_key_count(short, count_num_key*) 0x0800643f   Thumb Code    32  message_task.o(i._ZN8rc_key_c13sum_key_countEsP13count_num_key)
    rc_key_c::read_key_single(count_num_key*) 0x0800645f   Thumb Code    16  message_task.o(i._ZN8rc_key_c15read_key_singleEP13count_num_key)
    rc_key_c::read_key_single(count_num_key*, bool*) 0x0800646f   Thumb Code    32  message_task.o(i._ZN8rc_key_c15read_key_singleEP13count_num_keyPb)
    rc_key_c::read_key(count_num_key*, key_count_e, bool*) 0x0800648f   Thumb Code    30  message_task.o(i._ZN8rc_key_c8read_keyEP13count_num_key11key_count_ePb)
    rc_key_c::read_key(count_num_key*, key_count_e, bool) 0x080064ad   Thumb Code    36  message_task.o(i._ZN8rc_key_c8read_keyEP13count_num_key11key_count_eb)
    Serialdev::Serial_Init(unsigned)         0x080064d1   Thumb Code    16  drivers_serial.o(i._ZN9Serialdev11Serial_InitEj)
    Serialdev::Serial_Init(unsigned, SERIAL_Config, unsigned char, unsigned char) 0x080064e1   Thumb Code   308  drivers_serial.o(i._ZN9Serialdev11Serial_InitEj13SERIAL_Confighh)
    Serialdev::Serial_Init(unsigned, unsigned char, unsigned char) 0x08006631   Thumb Code    14  drivers_serial.o(i._ZN9Serialdev11Serial_InitEjhh)
    Serialdev::Serialdev(USART_TypeDef*, unsigned) 0x0800663f   Thumb Code    32  drivers_serial.o(i._ZN9SerialdevC1EP13USART_TypeDefj)
    Serialdev::Serialdev__sub_object(USART_TypeDef*, unsigned) 0x0800663f   Thumb Code     0  drivers_serial.o(i._ZN9SerialdevC1EP13USART_TypeDefj)
    Serialdev::Serialdev(USART_TypeDef*, unsigned, unsigned short) 0x0800665f   Thumb Code    84  drivers_serial.o(i._ZN9SerialdevC1EP13USART_TypeDefjt)
    Serialdev::Serialdev__sub_object(USART_TypeDef*, unsigned, unsigned short) 0x0800665f   Thumb Code     0  drivers_serial.o(i._ZN9SerialdevC1EP13USART_TypeDefjt)
    std::sqrt(float)                         0x080066b3   Thumb Code     4  chassis_task.o(i._ZSt4sqrtf)
    __ARM_fpclassifyf                        0x080066b7   Thumb Code    38  fpclassifyf.o(i.__ARM_fpclassifyf)
    __hardfp_atan2f                          0x080066dd   Thumb Code   594  atan2f.o(i.__hardfp_atan2f)
    __hardfp_sqrtf                           0x08006989   Thumb Code    58  sqrtf_full.o(i.__hardfp_sqrtf)
    __mathlib_flt_infnan2                    0x080069c3   Thumb Code     6  funder.o(i.__mathlib_flt_infnan2)
    __mathlib_flt_underflow                  0x080069c9   Thumb Code    10  funder.o(i.__mathlib_flt_underflow)
    _is_digit                                0x08006b11   Thumb Code    14  __printf_wp.o(i._is_digit)
    _sys_close                               0x08006b1f   Thumb Code    24  retarget_io.o(i._sys_close)
    _sys_exit                                0x08006b39   Thumb Code    12  drivers_serial.o(i._sys_exit)
    _sys_flen                                0x08006b61   Thumb Code    12  retarget_io.o(i._sys_flen)
    _sys_istty                               0x08006b6d   Thumb Code    24  retarget_io.o(i._sys_istty)
    _sys_open                                0x08006b85   Thumb Code    68  retarget_io.o(i._sys_open)
    _sys_seek                                0x08006be1   Thumb Code     6  retarget_io.o(i._sys_seek)
    _sys_write                               0x08006be7   Thumb Code    34  retarget_io.o(i._sys_write)
    _ttywrch                                 0x08006c09   Thumb Code     4  retarget_io.o(i._ttywrch)
    delay_init                               0x08006c0d   Thumb Code    74  platform_systick.o(i.delay_init)
    delay_xus                                0x08006c65   Thumb Code    48  platform_systick.o(i.delay_xus)
    fputc                                    0x08006c99   Thumb Code    22  drivers_serial.o(i.fputc)
    get_remote_control_point                 0x08006cb5   Thumb Code     4  protocol_dbus.o(i.get_remote_control_point)
    main                                     0x08006cbd   Thumb Code    14  main.o(i.main)
    pvPortMalloc                             0x0800745d   Thumb Code   210  heap_4.o(i.pvPortMalloc)
    pvTaskIncrementMutexHeldCount            0x08007535   Thumb Code    18  tasks.o(i.pvTaskIncrementMutexHeldCount)
    pwmWrite                                 0x0800754d   Thumb Code    52  platform_pwm.o(i.pwmWrite)
    pxPortInitialiseStack                    0x08007585   Thumb Code    40  port.o(i.pxPortInitialiseStack)
    remote_control_init                      0x080075b1   Thumb Code    18  protocol_dbus.o(i.remote_control_init)
    startTast                                0x080075cd   Thumb Code    24  start_task.o(i.startTast)
    uxListRemove                             0x080075f9   Thumb Code    36  list.o(i.uxListRemove)
    vListInitialise                          0x0800761d   Thumb Code    22  list.o(i.vListInitialise)
    vListInitialiseItem                      0x08007633   Thumb Code     6  list.o(i.vListInitialiseItem)
    vListInsert                              0x08007639   Thumb Code    48  list.o(i.vListInsert)
    vListInsertEnd                           0x08007669   Thumb Code    24  list.o(i.vListInsertEnd)
    vPortEnterCritical                       0x08007681   Thumb Code    54  port.o(i.vPortEnterCritical)
    vPortExitCritical                        0x080076c1   Thumb Code    34  port.o(i.vPortExitCritical)
    vPortFree                                0x080076e9   Thumb Code    88  heap_4.o(i.vPortFree)
    vPortValidateInterruptPriority           0x08007745   Thumb Code    74  port.o(i.vPortValidateInterruptPriority)
    vQueueAddToRegistry                      0x08007799   Thumb Code    32  queue.o(i.vQueueAddToRegistry)
    vQueueWaitForMessageRestricted           0x080077bd   Thumb Code    68  queue.o(i.vQueueWaitForMessageRestricted)
    vTaskDelay                               0x08007801   Thumb Code    66  tasks.o(i.vTaskDelay)
    vTaskDelete                              0x0800784d   Thumb Code   156  tasks.o(i.vTaskDelete)
    vTaskMissedYield                         0x080078f9   Thumb Code     8  tasks.o(i.vTaskMissedYield)
    vTaskPlaceOnEventList                    0x08007905   Thumb Code    44  tasks.o(i.vTaskPlaceOnEventList)
    vTaskPlaceOnEventListRestricted          0x08007935   Thumb Code    52  tasks.o(i.vTaskPlaceOnEventListRestricted)
    vTaskPriorityInherit                     0x0800796d   Thumb Code   124  tasks.o(i.vTaskPriorityInherit)
    vTaskSetTimeOutState                     0x080079f1   Thumb Code    30  tasks.o(i.vTaskSetTimeOutState)
    vTaskStartScheduler                      0x08007a15   Thumb Code    94  tasks.o(i.vTaskStartScheduler)
    vTaskSuspendAll                          0x08007a85   Thumb Code    10  tasks.o(i.vTaskSuspendAll)
    vTaskSwitchContext                       0x08007a95   Thumb Code    82  tasks.o(i.vTaskSwitchContext)
    xPortStartScheduler                      0x08007af1   Thumb Code   204  port.o(i.xPortStartScheduler)
    xPortSysTickHandler                      0x08007bd1   Thumb Code    38  port.o(i.xPortSysTickHandler)
    xQueueGenericCreate                      0x08007bfd   Thumb Code    86  queue.o(i.xQueueGenericCreate)
    xQueueGenericReceive                     0x08007c55   Thumb Code   362  queue.o(i.xQueueGenericReceive)
    xQueueGenericReset                       0x08007dc5   Thumb Code   132  queue.o(i.xQueueGenericReset)
    xQueueGenericSend                        0x08007e4d   Thumb Code   368  queue.o(i.xQueueGenericSend)
    xQueueGenericSendFromISR                 0x08007fc1   Thumb Code   218  queue.o(i.xQueueGenericSendFromISR)
    xTaskCheckForTimeOut                     0x0800809d   Thumb Code   102  tasks.o(i.xTaskCheckForTimeOut)
    xTaskCreate                              0x08008109   Thumb Code    86  tasks.o(i.xTaskCreate)
    xTaskGetSchedulerState                   0x08008161   Thumb Code    22  tasks.o(i.xTaskGetSchedulerState)
    xTaskGetTickCount                        0x0800817d   Thumb Code     6  tasks.o(i.xTaskGetTickCount)
    xTaskIncrementTick                       0x08008189   Thumb Code   192  tasks.o(i.xTaskIncrementTick)
    xTaskPriorityDisinherit                  0x08008251   Thumb Code   144  tasks.o(i.xTaskPriorityDisinherit)
    xTaskRemoveFromEventList                 0x080082e9   Thumb Code   106  tasks.o(i.xTaskRemoveFromEventList)
    xTaskResumeAll                           0x08008361   Thumb Code   182  tasks.o(i.xTaskResumeAll)
    xTimerCreateTimerTask                    0x08008425   Thumb Code    56  timers.o(i.xTimerCreateTimerTask)
    xTimerGenericCommand                     0x0800846d   Thumb Code    88  timers.o(i.xTimerGenericCommand)
    _fp_init                                 0x080084c9   Thumb Code    10  fpinit.o(x$fpl$fpinit)
    __fplib_config_fpu_vfp                   0x080084d1   Thumb Code     0  fpinit.o(x$fpl$fpinit)
    __fplib_config_pureend_doubles           0x080084d1   Thumb Code     0  fpinit.o(x$fpl$fpinit)
    __I$use$fp                               0x080084d2   Number         0  usenofp.o(x$fpl$usenofp)
    PIN_MAP                                  0x08008828   Data        2816  platform_io.o(.constdata)
    __stdin_name                             0x08009330   Data           7  retarget_io.o(.constdata)
    __stdout_name                            0x08009337   Data           8  retarget_io.o(.constdata)
    __stderr_name                            0x0800933f   Data           8  retarget_io.o(.constdata)
    sinTable_f32                             0x08009348   Data        2052  arm_common_tables.o(.constdata)
    Region$$Table$$Base                      0x08009b88   Number         0  anon$$obj.o(Region$$Table)
    Region$$Table$$Limit                     0x08009ba8   Number         0  anon$$obj.o(Region$$Table)
    SHT$$INIT_ARRAY$$Base                    0x08009ba8   Number         0  app_led.o(.init_array)
    SHT$$INIT_ARRAY$$Limit                   0x08009bc0   Number         0  init_aeabi.o(.init_array)
    Message_Queue                            0x20000000   Data           4  main.o(.data)
    LED                                      0x20000004   Data           1  app_led.o(.data)
    RTOSsystem_Handler                       0x2000000c   Data           4  start_task.o(.data)
    ChassisTask_Handler                      0x20000010   Data           4  start_task.o(.data)
    MessageTask_Handler                      0x20000014   Data           4  start_task.o(.data)
    UIDrawTask_Handler                       0x20000018   Data           4  start_task.o(.data)
    GuardTask_Handler                        0x2000001c   Data           4  start_task.o(.data)
    CorrespondenceTask_Handler               0x20000020   Data           4  start_task.o(.data)
    UIsend                                   0x20000024   Data           1  chassis_task.o(.data)
    Message_Data_chassis                     0x20000034   Data           8  chassis_task.o(.data)
    Message_Guard                            0x2000003c   Data           4  message_task.o(.data)
    Message_Data                             0x20000040   Data           8  message_task.o(.data)
    uisend                                   0x20000048   Data           1  uidraw_task.o(.data)
    standard_ID1                             0x2000004a   Data           2  uidraw_task.o(.data)
    standard_ID2                             0x2000004c   Data           2  uidraw_task.o(.data)
    null                                     0x2000004e   Data           4  uidraw_task.o(.data)
    Ture                                     0x20000052   Data           4  uidraw_task.o(.data)
    Flase                                    0x20000056   Data           4  uidraw_task.o(.data)
    x1                                       0x2000005c   Data           4  uidraw_task.o(.data)
    x2                                       0x20000060   Data           4  uidraw_task.o(.data)
    x3                                       0x20000064   Data           4  uidraw_task.o(.data)
    x4                                       0x20000068   Data           4  uidraw_task.o(.data)
    y1                                       0x2000006c   Data           4  uidraw_task.o(.data)
    y2                                       0x20000070   Data           4  uidraw_task.o(.data)
    y3                                       0x20000074   Data           4  uidraw_task.o(.data)
    y4                                       0x20000078   Data           4  uidraw_task.o(.data)
    chassis_UI                               0x2000007c   Data           4  uidraw_task.o(.data)
    robo_data_UI                             0x20000080   Data           4  uidraw_task.o(.data)
    Message_UI                               0x20000084   Data           4  uidraw_task.o(.data)
    Speed_gears                              0x20000088   Data           8  uidraw_task.o(.data)
    Message_Data_UI                          0x20000090   Data           8  uidraw_task.o(.data)
    Chassis_Mode                             0x20000098   Data          28  uidraw_task.o(.data)
    Gimbal_Union                             0x200000b4   Data           4  correspondence_task.o(.data)
    Message_Data_dbus                        0x200000bc   Data           8  protocol_dbus.o(.data)
    CRC_INIT                                 0x200000c4   Data           2  protocol_crc.o(.data)
    UART7_DataLength                         0x200000cc   Data           2  protocol_judgement.o(.data)
    robo_data                                0x200000dc   Data           8  protocol_judgement.o(.data)
    pxCurrentTCB                             0x200000e4   Data           4  tasks.o(.data)
    SysTickMillis                            0x20000160   Data           4  platform_systick.o(.data)
    SystemCoreClock                          0x2000018c   Data           4  system_stm32f4xx.o(.data)
    AHBPrescTable                            0x20000190   Data          16  system_stm32f4xx.o(.data)
    __aeabi_stdin                            0x200001a0   Data           4  stdio_streams.o(.data)
    __aeabi_stdout                           0x200001a4   Data           4  stdio_streams.o(.data)
    __aeabi_stderr                           0x200001a8   Data           4  stdio_streams.o(.data)
    CAN_Cmd                                  0x200001ac   Data         176  app_motor.o(.bss)
    SuperCap                                 0x2000025c   Data          12  app_motor.o(.bss)
    Message_Data_Can                         0x20000268   Data          16  app_motor.o(.bss)
    Chassis                                  0x20000278   Data        1584  chassis_task.o(.bss)
    Message                                  0x200008a8   Data          20  message_task.o(.bss)
    Guard                                    0x200008bc   Data         396  guard_task.o(.bss)
    corres                                   0x20000a48   Data          20  correspondence_task.o(.bss)
    Message_Data_corres                      0x20000a5c   Data          40  correspondence_task.o(.bss)
    Usart3                                   0x20000a84   Data          11  correspondence_task.o(.bss)
    Usart6                                   0x20000a8f   Data          11  correspondence_task.o(.bss)
    Usart7                                   0x20000a9a   Data          11  correspondence_task.o(.bss)
    Usart8                                   0x20000aa5   Data          11  correspondence_task.o(.bss)
    CAN1_Ctrl                                0x20000ab0   Data          32  dev_can.o(.bss)
    CAN2_Ctrl                                0x20000ad0   Data          32  dev_can.o(.bss)
    Serial3                                  0x20000af0   Data          24  dev_serial.o(.bss)
    Serial6                                  0x20000b08   Data          24  dev_serial.o(.bss)
    Serial7                                  0x20000b20   Data          24  dev_serial.o(.bss)
    Serial8                                  0x20000b38   Data          24  dev_serial.o(.bss)
    rc_ctrl                                  0x20000b50   Data          22  protocol_dbus.o(.bss)
    graphic_delete                           0x20000bae   Data          17  protocol_ui.o(.bss)
    draw_data_struct                         0x20000bbf   Data         120  protocol_ui.o(.bss)
    char_data_struct                         0x20000c37   Data          60  protocol_ui.o(.bss)
    graph_data_struct                        0x20000c73   Data          30  protocol_ui.o(.bss)
    num_data_struct                          0x20000c91   Data          30  protocol_ui.o(.bss)
    map_data_struct                          0x20000caf   Data          23  protocol_ui.o(.bss)
    tx7_buf                                  0x20000cc6   Data         255  protocol_ui.o(.bss)
    rx7_buf                                  0x20000ee0   Data        1000  protocol_judgement.o(.bss)
    TX7_buf                                  0x200012c8   Data         512  protocol_judgement.o(.bss)
    xQueueRegistry                           0x200014c8   Data          64  queue.o(.bss)
    usart3_TxDMA                             0x2002188c   Data          24  drivers_dma.o(.bss)
    usart3_RxDMA                             0x200218a4   Data          24  drivers_dma.o(.bss)
    usart6_TxDMA                             0x200218bc   Data          24  drivers_dma.o(.bss)
    usart6_RxDMA                             0x200218d4   Data          24  drivers_dma.o(.bss)
    usart7_TxDMA                             0x200218ec   Data          24  drivers_dma.o(.bss)
    usart7_RxDMA                             0x20021904   Data          24  drivers_dma.o(.bss)
    usart8_TxDMA                             0x2002191c   Data          24  drivers_dma.o(.bss)
    usart8_RxDMA                             0x20021934   Data          24  drivers_dma.o(.bss)
    __stdin                                  0x2002194c   Data          84  stdio_streams.o(.bss)
    __stdout                                 0x200219a0   Data          84  stdio_streams.o(.bss)
    __stderr                                 0x200219f4   Data          84  stdio_streams.o(.bss)
    __libspace_start                         0x20021a48   Data          96  libspace.o(.bss)
    __temporary_stack_top$libspace           0x20021aa8   Data           0  libspace.o(.bss)



==============================================================================

Memory Map of the image

  Image Entry point : 0x080001ad

  Load Region LR_IROM1 (Base: 0x08000000, Size: 0x00009d6c, Max: 0x00200000, ABSOLUTE, COMPRESSED[0x00009c10])

    Execution Region ER_IROM1 (Exec base: 0x08000000, Load base: 0x08000000, Size: 0x00009bc0, Max: 0x00200000, ABSOLUTE)

    Exec Addr    Load Addr    Size         Type   Attr      Idx    E Section Name        Object

    0x08000000   0x08000000   0x000001ac   Data   RO         6221    RESET               startup_stm32f427xx.o
    0x080001ac   0x080001ac   0x00000008   Code   RO         6603  * !!!main             c_w.l(__main.o)
    0x080001b4   0x080001b4   0x00000034   Code   RO         6942    !!!scatter          c_w.l(__scatter.o)
    0x080001e8   0x080001e8   0x0000005a   Code   RO         6940    !!dczerorl2         c_w.l(__dczerorl2.o)
    0x08000242   0x08000242   0x00000002   PAD
    0x08000244   0x08000244   0x0000001c   Code   RO         6944    !!handler_zi        c_w.l(__scatter_zi.o)
    0x08000260   0x08000260   0x00000000   Code   RO         6584    .ARM.Collect$$_printf_percent$$00000000  c_w.l(_printf_percent.o)
    0x08000260   0x08000260   0x00000006   Code   RO         6582    .ARM.Collect$$_printf_percent$$00000009  c_w.l(_printf_d.o)
    0x08000266   0x08000266   0x00000006   Code   RO         6581    .ARM.Collect$$_printf_percent$$0000000C  c_w.l(_printf_x.o)
    0x0800026c   0x0800026c   0x00000004   Code   RO         6683    .ARM.Collect$$_printf_percent$$00000017  c_w.l(_printf_percent_end.o)
    0x08000270   0x08000270   0x00000002   Code   RO         6871    .ARM.Collect$$libinit$$00000000  c_w.l(libinit.o)
    0x08000272   0x08000272   0x00000004   Code   RO         6698    .ARM.Collect$$libinit$$00000001  c_w.l(libinit2.o)
    0x08000276   0x08000276   0x00000000   Code   RO         6701    .ARM.Collect$$libinit$$00000004  c_w.l(libinit2.o)
    0x08000276   0x08000276   0x00000008   Code   RO         6702    .ARM.Collect$$libinit$$00000005  c_w.l(libinit2.o)
    0x0800027e   0x0800027e   0x00000000   Code   RO         6704    .ARM.Collect$$libinit$$0000000A  c_w.l(libinit2.o)
    0x0800027e   0x0800027e   0x00000000   Code   RO         6706    .ARM.Collect$$libinit$$0000000C  c_w.l(libinit2.o)
    0x0800027e   0x0800027e   0x00000000   Code   RO         6708    .ARM.Collect$$libinit$$0000000E  c_w.l(libinit2.o)
    0x0800027e   0x0800027e   0x00000000   Code   RO         6711    .ARM.Collect$$libinit$$00000011  c_w.l(libinit2.o)
    0x0800027e   0x0800027e   0x00000000   Code   RO         6713    .ARM.Collect$$libinit$$00000013  c_w.l(libinit2.o)
    0x0800027e   0x0800027e   0x00000000   Code   RO         6715    .ARM.Collect$$libinit$$00000015  c_w.l(libinit2.o)
    0x0800027e   0x0800027e   0x00000000   Code   RO         6717    .ARM.Collect$$libinit$$00000017  c_w.l(libinit2.o)
    0x0800027e   0x0800027e   0x00000000   Code   RO         6719    .ARM.Collect$$libinit$$00000019  c_w.l(libinit2.o)
    0x0800027e   0x0800027e   0x00000000   Code   RO         6721    .ARM.Collect$$libinit$$0000001B  c_w.l(libinit2.o)
    0x0800027e   0x0800027e   0x00000000   Code   RO         6723    .ARM.Collect$$libinit$$0000001D  c_w.l(libinit2.o)
    0x0800027e   0x0800027e   0x00000000   Code   RO         6725    .ARM.Collect$$libinit$$0000001F  c_w.l(libinit2.o)
    0x0800027e   0x0800027e   0x00000000   Code   RO         6727    .ARM.Collect$$libinit$$00000021  c_w.l(libinit2.o)
    0x0800027e   0x0800027e   0x00000000   Code   RO         6729    .ARM.Collect$$libinit$$00000023  c_w.l(libinit2.o)
    0x0800027e   0x0800027e   0x00000004   Code   RO         6730    .ARM.Collect$$libinit$$00000024  c_w.l(libinit2.o)
    0x08000282   0x08000282   0x00000000   Code   RO         6731    .ARM.Collect$$libinit$$00000025  c_w.l(libinit2.o)
    0x08000282   0x08000282   0x00000000   Code   RO         6735    .ARM.Collect$$libinit$$0000002C  c_w.l(libinit2.o)
    0x08000282   0x08000282   0x00000000   Code   RO         6737    .ARM.Collect$$libinit$$0000002E  c_w.l(libinit2.o)
    0x08000282   0x08000282   0x00000000   Code   RO         6739    .ARM.Collect$$libinit$$00000030  c_w.l(libinit2.o)
    0x08000282   0x08000282   0x00000004   Code   RO         6740    .ARM.Collect$$libinit$$00000031  c_w.l(libinit2.o)
    0x08000286   0x08000286   0x00000000   Code   RO         6741    .ARM.Collect$$libinit$$00000032  c_w.l(libinit2.o)
    0x08000286   0x08000286   0x00000002   Code   RO         6742    .ARM.Collect$$libinit$$00000033  c_w.l(libinit2.o)
    0x08000288   0x08000288   0x00000002   Code   RO         6937    .ARM.Collect$$libshutdown$$00000000  c_w.l(libshutdown.o)
    0x0800028a   0x0800028a   0x00000000   Code   RO         6873    .ARM.Collect$$libshutdown$$00000002  c_w.l(libshutdown2.o)
    0x0800028a   0x0800028a   0x00000000   Code   RO         6875    .ARM.Collect$$libshutdown$$00000004  c_w.l(libshutdown2.o)
    0x0800028a   0x0800028a   0x00000004   Code   RO         6876    .ARM.Collect$$libshutdown$$00000005  c_w.l(libshutdown2.o)
    0x0800028e   0x0800028e   0x00000000   Code   RO         6877    .ARM.Collect$$libshutdown$$00000006  c_w.l(libshutdown2.o)
    0x0800028e   0x0800028e   0x00000000   Code   RO         6880    .ARM.Collect$$libshutdown$$00000009  c_w.l(libshutdown2.o)
    0x0800028e   0x0800028e   0x00000000   Code   RO         6883    .ARM.Collect$$libshutdown$$0000000C  c_w.l(libshutdown2.o)
    0x0800028e   0x0800028e   0x00000000   Code   RO         6885    .ARM.Collect$$libshutdown$$0000000E  c_w.l(libshutdown2.o)
    0x0800028e   0x0800028e   0x00000000   Code   RO         6888    .ARM.Collect$$libshutdown$$00000011  c_w.l(libshutdown2.o)
    0x0800028e   0x0800028e   0x00000002   Code   RO         6889    .ARM.Collect$$libshutdown$$00000012  c_w.l(libshutdown2.o)
    0x08000290   0x08000290   0x00000000   Code   RO         6639    .ARM.Collect$$rtentry$$00000000  c_w.l(__rtentry.o)
    0x08000290   0x08000290   0x00000000   Code   RO         6768    .ARM.Collect$$rtentry$$00000002  c_w.l(__rtentry2.o)
    0x08000290   0x08000290   0x00000006   Code   RO         6780    .ARM.Collect$$rtentry$$00000004  c_w.l(__rtentry4.o)
    0x08000296   0x08000296   0x00000000   Code   RO         6770    .ARM.Collect$$rtentry$$00000009  c_w.l(__rtentry2.o)
    0x08000296   0x08000296   0x00000004   Code   RO         6771    .ARM.Collect$$rtentry$$0000000A  c_w.l(__rtentry2.o)
    0x0800029a   0x0800029a   0x00000000   Code   RO         6773    .ARM.Collect$$rtentry$$0000000C  c_w.l(__rtentry2.o)
    0x0800029a   0x0800029a   0x00000008   Code   RO         6774    .ARM.Collect$$rtentry$$0000000D  c_w.l(__rtentry2.o)
    0x080002a2   0x080002a2   0x00000002   Code   RO         6894    .ARM.Collect$$rtexit$$00000000  c_w.l(rtexit.o)
    0x080002a4   0x080002a4   0x00000000   Code   RO         6915    .ARM.Collect$$rtexit$$00000002  c_w.l(rtexit2.o)
    0x080002a4   0x080002a4   0x00000004   Code   RO         6916    .ARM.Collect$$rtexit$$00000003  c_w.l(rtexit2.o)
    0x080002a8   0x080002a8   0x00000006   Code   RO         6917    .ARM.Collect$$rtexit$$00000004  c_w.l(rtexit2.o)
    0x080002ae   0x080002ae   0x00000002   PAD
    0x080002b0   0x080002b0   0x000000b6   Code   RO         2961    .emb_text           port.o
    0x08000366   0x08000366   0x00000002   PAD
    0x08000368   0x08000368   0x00000000   Code   RO         6791    .emb_text           c_w.l(maybetermalloc1.o)
    0x08000368   0x08000368   0x00000080   Code   RO         6222    .text               startup_stm32f427xx.o
    0x080003e8   0x080003e8   0x00000078   Code   RO         6307    .text               arm_cortexM4lf_math.lib(arm_cos_f32.o)
    0x08000460   0x08000460   0x00000074   Code   RO         6360    .text               arm_cortexM4lf_math.lib(arm_sin_f32.o)
    0x080004d4   0x080004d4   0x00000002   Code   RO         6465    .text               c_w.l(use_no_semi_2.o)
    0x080004d6   0x080004d6   0x0000005e   Code   RO         6469    .text               c_w.l(h1_alloc.o)
    0x08000534   0x08000534   0x00000018   Code   RO         6527    .text               c_w.l(noretval__2printf.o)
    0x0800054c   0x0800054c   0x0000004e   Code   RO         6533    .text               c_w.l(_printf_pad.o)
    0x0800059a   0x0800059a   0x00000002   PAD
    0x0800059c   0x0800059c   0x00000078   Code   RO         6537    .text               c_w.l(_printf_dec.o)
    0x08000614   0x08000614   0x00000058   Code   RO         6542    .text               c_w.l(_printf_hex_int.o)
    0x0800066c   0x0800066c   0x00000138   Code   RO         6572    .text               c_w.l(__printf_flags_wp.o)
    0x080007a4   0x080007a4   0x00000016   Code   RO         6585    .text               c_w.l(abort.o)
    0x080007ba   0x080007ba   0x00000048   Code   RO         6587    .text               c_w.l(strcpy.o)
    0x08000802   0x08000802   0x0000003e   Code   RO         6589    .text               c_w.l(strlen.o)
    0x08000840   0x08000840   0x0000008a   Code   RO         6591    .text               c_w.l(rt_memcpy_v6.o)
    0x080008ca   0x080008ca   0x00000064   Code   RO         6593    .text               c_w.l(rt_memcpy_w.o)
    0x0800092e   0x0800092e   0x00000010   Code   RO         6595    .text               c_w.l(aeabi_memset.o)
    0x0800093e   0x0800093e   0x00000044   Code   RO         6597    .text               c_w.l(rt_memclr.o)
    0x08000982   0x08000982   0x00000002   PAD
    0x08000984   0x08000984   0x00000080   Code   RO         6599    .text               c_w.l(strcmpv7m.o)
    0x08000a04   0x08000a04   0x00000006   Code   RO         6601    .text               c_w.l(heapauxi.o)
    0x08000a0a   0x08000a0a   0x00000002   PAD
    0x08000a0c   0x08000a0c   0x00000024   Code   RO         6608    .text               c_w.l(init_aeabi.o)
    0x08000a30   0x08000a30   0x00000002   Code   RO         6635    .text               c_w.l(use_no_semi.o)
    0x08000a32   0x08000a32   0x00000002   PAD
    0x08000a34   0x08000a34   0x00000008   Code   RO         6643    .text               c_w.l(rt_heap_descriptor_intlibspace.o)
    0x08000a3c   0x08000a3c   0x00000004   Code   RO         6645    .text               c_w.l(hguard.o)
    0x08000a40   0x08000a40   0x0000008a   Code   RO         6647    .text               c_w.l(init_alloc.o)
    0x08000aca   0x08000aca   0x0000000e   Code   RO         6653    .text               c_w.l(h1_init.o)
    0x08000ad8   0x08000ad8   0x0000004e   Code   RO         6655    .text               c_w.l(h1_free.o)
    0x08000b26   0x08000b26   0x00000016   Code   RO         6671    .text               c_w.l(_rserrno.o)
    0x08000b3c   0x08000b3c   0x000000b2   Code   RO         6673    .text               c_w.l(_printf_intcommon.o)
    0x08000bee   0x08000bee   0x00000002   PAD
    0x08000bf0   0x08000bf0   0x00000030   Code   RO         6675    .text               c_w.l(_printf_char_common.o)
    0x08000c20   0x08000c20   0x00000024   Code   RO         6681    .text               c_w.l(_printf_char_file.o)
    0x08000c44   0x08000c44   0x0000000e   Code   RO         6690    .text               c_w.l(defsig_abrt_outer.o)
    0x08000c52   0x08000c52   0x0000004e   Code   RO         6694    .text               c_w.l(rt_memclr_w.o)
    0x08000ca0   0x08000ca0   0x00000008   Code   RO         6764    .text               c_w.l(libspace.o)
    0x08000ca8   0x08000ca8   0x00000008   Code   RO         6787    .text               c_w.l(rt_errno_addr_intlibspace.o)
    0x08000cb0   0x08000cb0   0x00000034   Code   RO         6793    .text               c_w.l(h1_extend.o)
    0x08000ce4   0x08000ce4   0x00000008   Code   RO         6799    .text               c_w.l(ferror.o)
    0x08000cec   0x08000cec   0x00000138   Code   RO         6801    .text               c_w.l(initio.o)
    0x08000e24   0x08000e24   0x0000000a   Code   RO         6807    .text               c_w.l(defsig_exit.o)
    0x08000e2e   0x08000e2e   0x00000002   PAD
    0x08000e30   0x08000e30   0x00000030   Code   RO         6809    .text               c_w.l(defsig_abrt_inner.o)
    0x08000e60   0x08000e60   0x0000000e   Code   RO         6811    .text               c_w.l(defsig_rtmem_outer.o)
    0x08000e6e   0x08000e6e   0x0000004a   Code   RO         6833    .text               c_w.l(sys_stackheap_outer.o)
    0x08000eb8   0x08000eb8   0x00000046   Code   RO         6839    .text               c_w.l(setvbuf.o)
    0x08000efe   0x08000efe   0x00000002   PAD
    0x08000f00   0x08000f00   0x000000ec   Code   RO         6842    .text               c_w.l(fopen.o)
    0x08000fec   0x08000fec   0x0000004c   Code   RO         6844    .text               c_w.l(fclose.o)
    0x08001038   0x08001038   0x00000012   Code   RO         6850    .text               c_w.l(exit.o)
    0x0800104a   0x0800104a   0x00000032   Code   RO         6854    .text               c_w.l(defsig_general.o)
    0x0800107c   0x0800107c   0x0000000e   Code   RO         6856    .text               c_w.l(defsig_rtred_outer.o)
    0x0800108a   0x0800108a   0x00000002   PAD
    0x0800108c   0x0800108c   0x00000050   Code   RO         6860    .text               c_w.l(defsig_rtmem_inner.o)
    0x080010dc   0x080010dc   0x000000f8   Code   RO         6900    .text               c_w.l(fseek.o)
    0x080011d4   0x080011d4   0x000000f0   Code   RO         6902    .text               c_w.l(stdio.o)
    0x080012c4   0x080012c4   0x00000034   Code   RO         6908    .text               c_w.l(defsig_rtred_inner.o)
    0x080012f8   0x080012f8   0x00000042   Code   RO         6921    .text               c_w.l(ftell.o)
    0x0800133a   0x0800133a   0x00000002   Code   RO         6106    i.BusFault_Handler  stm32f4xx_it.o
    0x0800133c   0x0800133c   0x0000000c   Code   RO         1302    i.CAN1_RX0_IRQHandler  dev_can.o
    0x08001348   0x08001348   0x0000000c   Code   RO         1303    i.CAN2_RX0_IRQHandler  dev_can.o
    0x08001354   0x08001354   0x00000078   Code   RO         5895    i.CAN_ClearITPendingBit  stm32f4xx_can.o
    0x080013cc   0x080013cc   0x000000cc   Code   RO         5899    i.CAN_FilterInit    stm32f4xx_can.o
    0x08001498   0x08001498   0x000000a8   Code   RO         5901    i.CAN_GetITStatus   stm32f4xx_can.o
    0x08001540   0x08001540   0x00000010   Code   RO         5905    i.CAN_ITConfig      stm32f4xx_can.o
    0x08001550   0x08001550   0x000000e8   Code   RO         5906    i.CAN_Init          stm32f4xx_can.o
    0x08001638   0x08001638   0x0000008e   Code   RO         5909    i.CAN_Receive       stm32f4xx_can.o
    0x080016c6   0x080016c6   0x000000be   Code   RO         5914    i.CAN_Transmit      stm32f4xx_can.o
    0x08001784   0x08001784   0x000000a8   Code   RO          687    i.Chassis_Task      chassis_task.o
    0x0800182c   0x0800182c   0x0000000c   Code   RO         5917    i.CheckITStatus     stm32f4xx_can.o
    0x08001838   0x08001838   0x00000034   Code   RO         1160    i.Correspondence_Task  correspondence_task.o
    0x0800186c   0x0800186c   0x0000000c   Code   RO         3661    i.DMA1_Stream0_IRQHandler  drivers_dma.o
    0x08001878   0x08001878   0x0000000c   Code   RO         3662    i.DMA1_Stream1_IRQHandler  drivers_dma.o
    0x08001884   0x08001884   0x00000002   Code   RO         3663    i.DMA1_Stream2_IRQHandler  drivers_dma.o
    0x08001886   0x08001886   0x00000002   PAD
    0x08001888   0x08001888   0x0000000c   Code   RO         3664    i.DMA1_Stream3_IRQHandler  drivers_dma.o
    0x08001894   0x08001894   0x00000002   Code   RO         3665    i.DMA1_Stream4_IRQHandler  drivers_dma.o
    0x08001896   0x08001896   0x00000002   Code   RO         3666    i.DMA1_Stream5_IRQHandler  drivers_dma.o
    0x08001898   0x08001898   0x0000000c   Code   RO         3667    i.DMA1_Stream6_IRQHandler  drivers_dma.o
    0x080018a4   0x080018a4   0x00000002   Code   RO         3668    i.DMA1_Stream7_IRQHandler  drivers_dma.o
    0x080018a6   0x080018a6   0x00000002   Code   RO         3669    i.DMA2_Stream0_IRQHandler  drivers_dma.o
    0x080018a8   0x080018a8   0x0000000c   Code   RO         3670    i.DMA2_Stream1_IRQHandler  drivers_dma.o
    0x080018b4   0x080018b4   0x00000002   Code   RO         3671    i.DMA2_Stream2_IRQHandler  drivers_dma.o
    0x080018b6   0x080018b6   0x00000002   Code   RO         3672    i.DMA2_Stream3_IRQHandler  drivers_dma.o
    0x080018b8   0x080018b8   0x00000002   Code   RO         3673    i.DMA2_Stream4_IRQHandler  drivers_dma.o
    0x080018ba   0x080018ba   0x00000002   Code   RO         3674    i.DMA2_Stream5_IRQHandler  drivers_dma.o
    0x080018bc   0x080018bc   0x0000000c   Code   RO         3675    i.DMA2_Stream6_IRQHandler  drivers_dma.o
    0x080018c8   0x080018c8   0x00000002   Code   RO         3676    i.DMA2_Stream7_IRQHandler  drivers_dma.o
    0x080018ca   0x080018ca   0x00000002   PAD
    0x080018cc   0x080018cc   0x0000002c   Code   RO         4226    i.DMA_ClearFlag     stm32f4xx_dma.o
    0x080018f8   0x080018f8   0x0000002c   Code   RO         4227    i.DMA_ClearITPendingBit  stm32f4xx_dma.o
    0x08001924   0x08001924   0x00000014   Code   RO         4228    i.DMA_Cmd           stm32f4xx_dma.o
    0x08001938   0x08001938   0x00000124   Code   RO         4229    i.DMA_DeInit        stm32f4xx_dma.o
    0x08001a5c   0x08001a5c   0x00000014   Code   RO         4230    i.DMA_DoubleBufferModeCmd  stm32f4xx_dma.o
    0x08001a70   0x08001a70   0x00000016   Code   RO         4231    i.DMA_DoubleBufferModeConfig  stm32f4xx_dma.o
    0x08001a86   0x08001a86   0x0000000e   Code   RO         4233    i.DMA_GetCmdStatus  stm32f4xx_dma.o
    0x08001a94   0x08001a94   0x00000006   Code   RO         4234    i.DMA_GetCurrDataCounter  stm32f4xx_dma.o
    0x08001a9a   0x08001a9a   0x0000000e   Code   RO         4235    i.DMA_GetCurrentMemoryTarget  stm32f4xx_dma.o
    0x08001aa8   0x08001aa8   0x00000054   Code   RO         4240    i.DMA_Init          stm32f4xx_dma.o
    0x08001afc   0x08001afc   0x00000004   Code   RO         4243    i.DMA_SetCurrDataCounter  stm32f4xx_dma.o
    0x08001b00   0x08001b00   0x00000002   Code   RO         6107    i.DebugMon_Handler  stm32f4xx_it.o
    0x08001b02   0x08001b02   0x00000002   PAD
    0x08001b04   0x08001b04   0x00000024   Code   RO         3248    i.EXTI0_IRQHandler  platform_exti.o
    0x08001b28   0x08001b28   0x000000a0   Code   RO         3249    i.EXTI15_10_IRQHandler  platform_exti.o
    0x08001bc8   0x08001bc8   0x00000024   Code   RO         3250    i.EXTI1_IRQHandler  platform_exti.o
    0x08001bec   0x08001bec   0x00000024   Code   RO         3251    i.EXTI2_IRQHandler  platform_exti.o
    0x08001c10   0x08001c10   0x00000024   Code   RO         3252    i.EXTI3_IRQHandler  platform_exti.o
    0x08001c34   0x08001c34   0x00000024   Code   RO         3253    i.EXTI4_IRQHandler  platform_exti.o
    0x08001c58   0x08001c58   0x0000007c   Code   RO         3254    i.EXTI9_5_IRQHandler  platform_exti.o
    0x08001cd4   0x08001cd4   0x0000000c   Code   RO         4355    i.EXTI_ClearITPendingBit  stm32f4xx_exti.o
    0x08001ce0   0x08001ce0   0x00000014   Code   RO         4359    i.EXTI_GetITStatus  stm32f4xx_exti.o
    0x08001cf4   0x08001cf4   0x00000010   Code   RO         3083    i.GPIO_GetPinNum    platform_io.o
    0x08001d04   0x08001d04   0x00000012   Code   RO         3084    i.GPIO_GetPinSource  platform_io.o
    0x08001d16   0x08001d16   0x00000078   Code   RO         4671    i.GPIO_Init         stm32f4xx_gpio.o
    0x08001d8e   0x08001d8e   0x00000020   Code   RO         4672    i.GPIO_PinAFConfig  stm32f4xx_gpio.o
    0x08001dae   0x08001dae   0x00000004   Code   RO         4678    i.GPIO_ResetBits    stm32f4xx_gpio.o
    0x08001db2   0x08001db2   0x00000004   Code   RO         4679    i.GPIO_SetBits      stm32f4xx_gpio.o
    0x08001db6   0x08001db6   0x00000002   PAD
    0x08001db8   0x08001db8   0x00000108   Code   RO         3086    i.GPIOx_Init        platform_io.o
    0x08001ec0   0x08001ec0   0x00000020   Code   RO         1041    i.Guard_Task        guard_task.o
    0x08001ee0   0x08001ee0   0x000001d0   Code   RO         6108    i.HardFault_Exception  stm32f4xx_it.o
    0x080020b0   0x080020b0   0x00000010   Code   RO         6058    i.IWDG_ReloadCounter  stm32f4xx_iwdg.o
    0x080020c0   0x080020c0   0x00000002   Code   RO         6109    i.MemManage_Handler  stm32f4xx_it.o
    0x080020c2   0x080020c2   0x00000002   PAD
    0x080020c4   0x080020c4   0x00000038   Code   RO          840    i.Message_Task      message_task.o
    0x080020fc   0x080020fc   0x00000002   Code   RO         6110    i.NMI_Handler       stm32f4xx_it.o
    0x080020fe   0x080020fe   0x00000002   PAD
    0x08002100   0x08002100   0x00000064   Code   RO         4178    i.NVIC_Init         misc.o
    0x08002164   0x08002164   0x00000014   Code   RO         4179    i.NVIC_PriorityGroupConfig  misc.o
    0x08002178   0x08002178   0x000000c0   Code   RO         3407    i.PWM_Init          platform_pwm.o
    0x08002238   0x08002238   0x00000018   Code   RO         4768    i.RCC_AHB1PeriphClockCmd  stm32f4xx_rcc.o
    0x08002250   0x08002250   0x00000018   Code   RO         4777    i.RCC_APB1PeriphClockCmd  stm32f4xx_rcc.o
    0x08002268   0x08002268   0x00000018   Code   RO         4779    i.RCC_APB1PeriphResetCmd  stm32f4xx_rcc.o
    0x08002280   0x08002280   0x00000018   Code   RO         4780    i.RCC_APB2PeriphClockCmd  stm32f4xx_rcc.o
    0x08002298   0x08002298   0x00000018   Code   RO         4782    i.RCC_APB2PeriphResetCmd  stm32f4xx_rcc.o
    0x080022b0   0x080022b0   0x00000094   Code   RO         4789    i.RCC_GetClocksFreq  stm32f4xx_rcc.o
    0x08002344   0x08002344   0x0000013c   Code   RO         3934    i.RC_Init           drivers_remote.o
    0x08002480   0x08002480   0x0000001c   Code   RO          659    i.RTOSsystem_Task   rtossystem_task.o
    0x0800249c   0x0800249c   0x000000d0   Code   RO         6187    i.SetSysClock       system_stm32f4xx.o
    0x0800256c   0x0800256c   0x0000010c   Code   RO          614    i.Start_Task        start_task.o
    0x08002678   0x08002678   0x00000018   Code   RO         4182    i.SysTick_CLKSourceConfig  misc.o
    0x08002690   0x08002690   0x00000020   Code   RO         3337    i.SysTick_Handler   platform_systick.o
    0x080026b0   0x080026b0   0x0000005c   Code   RO         6189    i.SystemInit        system_stm32f4xx.o
    0x0800270c   0x0800270c   0x0000004c   Code   RO         3469    i.TIM1_UP_TIM10_IRQHandler  platform_timer.o
    0x08002758   0x08002758   0x0000002c   Code   RO         3470    i.TIM2_IRQHandler   platform_timer.o
    0x08002784   0x08002784   0x00000030   Code   RO         3471    i.TIM3_IRQHandler   platform_timer.o
    0x080027b4   0x080027b4   0x00000030   Code   RO         3472    i.TIM4_IRQHandler   platform_timer.o
    0x080027e4   0x080027e4   0x00000030   Code   RO         3473    i.TIM5_IRQHandler   platform_timer.o
    0x08002814   0x08002814   0x00000030   Code   RO         3474    i.TIM6_DAC_IRQHandler  platform_timer.o
    0x08002844   0x08002844   0x00000030   Code   RO         3475    i.TIM7_IRQHandler   platform_timer.o
    0x08002874   0x08002874   0x0000004c   Code   RO         3476    i.TIM8_UP_TIM13_IRQHandler  platform_timer.o
    0x080028c0   0x080028c0   0x00000006   Code   RO         5167    i.TIM_ClearITPendingBit  stm32f4xx_tim.o
    0x080028c6   0x080028c6   0x00000014   Code   RO         5172    i.TIM_Cmd           stm32f4xx_tim.o
    0x080028da   0x080028da   0x00000016   Code   RO         5174    i.TIM_CtrlPWMOutputs  stm32f4xx_tim.o
    0x080028f0   0x080028f0   0x000000f8   Code   RO         3408    i.TIM_GetGPIO_AF    platform_pwm.o
    0x080029e8   0x080029e8   0x00000018   Code   RO         5193    i.TIM_GetITStatus   stm32f4xx_tim.o
    0x08002a00   0x08002a00   0x00000060   Code   RO         5201    i.TIM_OC1Init       stm32f4xx_tim.o
    0x08002a60   0x08002a60   0x0000000c   Code   RO         5204    i.TIM_OC1PreloadConfig  stm32f4xx_tim.o
    0x08002a6c   0x08002a6c   0x00000080   Code   RO         5206    i.TIM_OC2Init       stm32f4xx_tim.o
    0x08002aec   0x08002aec   0x00000014   Code   RO         5209    i.TIM_OC2PreloadConfig  stm32f4xx_tim.o
    0x08002b00   0x08002b00   0x0000007c   Code   RO         5211    i.TIM_OC3Init       stm32f4xx_tim.o
    0x08002b7c   0x08002b7c   0x0000000c   Code   RO         5214    i.TIM_OC3PreloadConfig  stm32f4xx_tim.o
    0x08002b88   0x08002b88   0x00000060   Code   RO         5216    i.TIM_OC4Init       stm32f4xx_tim.o
    0x08002be8   0x08002be8   0x00000014   Code   RO         5218    i.TIM_OC4PreloadConfig  stm32f4xx_tim.o
    0x08002bfc   0x08002bfc   0x0000007c   Code   RO         5244    i.TIM_TimeBaseInit  stm32f4xx_tim.o
    0x08002c78   0x08002c78   0x00000150   Code   RO         3409    i.TIMx_OCxInit      platform_pwm.o
    0x08002dc8   0x08002dc8   0x000000cc   Code   RO         3477    i.Timer_ClockCmd    platform_timer.o
    0x08002e94   0x08002e94   0x0000000c   Code   RO         1389    i.UART7_IRQHandler  dev_serial.o
    0x08002ea0   0x08002ea0   0x00000b98   Code   RO          971    i.UIDraw_Task       uidraw_task.o
    0x08003a38   0x08003a38   0x00000130   Code   RO         1507    i.USART1_IRQHandler  protocol_dbus.o
    0x08003b68   0x08003b68   0x0000000c   Code   RO         1390    i.USART3_IRQHandler  dev_serial.o
    0x08003b74   0x08003b74   0x0000000c   Code   RO         1391    i.USART6_IRQHandler  dev_serial.o
    0x08003b80   0x08003b80   0x00000006   Code   RO         5705    i.USART_ClearFlag   stm32f4xx_usart.o
    0x08003b86   0x08003b86   0x0000000c   Code   RO         5706    i.USART_ClearITPendingBit  stm32f4xx_usart.o
    0x08003b92   0x08003b92   0x00000014   Code   RO         5709    i.USART_Cmd         stm32f4xx_usart.o
    0x08003ba6   0x08003ba6   0x00000010   Code   RO         5710    i.USART_DMACmd      stm32f4xx_usart.o
    0x08003bb6   0x08003bb6   0x00000002   PAD
    0x08003bb8   0x08003bb8   0x000000ac   Code   RO         5711    i.USART_DeInit      stm32f4xx_usart.o
    0x08003c64   0x08003c64   0x0000000e   Code   RO         5712    i.USART_GetFlagStatus  stm32f4xx_usart.o
    0x08003c72   0x08003c72   0x0000003e   Code   RO         5713    i.USART_GetITStatus  stm32f4xx_usart.o
    0x08003cb0   0x08003cb0   0x00000030   Code   RO         5715    i.USART_ITConfig    stm32f4xx_usart.o
    0x08003ce0   0x08003ce0   0x000000ac   Code   RO         5716    i.USART_Init        stm32f4xx_usart.o
    0x08003d8c   0x08003d8c   0x00000008   Code   RO         5723    i.USART_ReceiveData  stm32f4xx_usart.o
    0x08003d94   0x08003d94   0x00000008   Code   RO         5726    i.USART_SendData    stm32f4xx_usart.o
    0x08003d9c   0x08003d9c   0x00000002   Code   RO         6114    i.UsageFault_Handler  stm32f4xx_it.o
    0x08003d9e   0x08003d9e   0x000000b4   Code   RO         1508    i._Z10SBUS_TO_RCPVKhP9RC_ctrl_t  protocol_dbus.o
    0x08003e52   0x08003e52   0x00000002   PAD
    0x08003e54   0x08003e54   0x000001e4   Code   RO         1769    i._Z11Num_PainterPcjjttjjjjjjjif  protocol_ui.o
    0x08004038   0x08004038   0x00000040   Code   RO          488    i._Z12CAN_ALL_Initv  app_motor.o
    0x08004078   0x08004078   0x00000314   Code   RO         1770    i._Z12Char_PainterPcS_jttjjjjjjh  protocol_ui.o
    0x0800438c   0x0800438c   0x0000000e   Code   RO         1042    i._Z12Close_Enableh  guard_task.o
    0x0800439a   0x0800439a   0x00000018   Code   RO         1043    i._Z12Error_Enableh  guard_task.o
    0x080043b2   0x080043b2   0x00000002   Code   RO         1044    i._Z12Guard_Returnh  guard_task.o
    0x080043b4   0x080043b4   0x00000070   Code   RO         1161    i._Z12Serial3_Hookv  correspondence_task.o
    0x08004424   0x08004424   0x00000070   Code   RO         1162    i._Z12Serial6_Hookv  correspondence_task.o
    0x08004494   0x08004494   0x00000018   Code   RO         1163    i._Z12Serial7_Hookv  correspondence_task.o
    0x080044ac   0x080044ac   0x00000080   Code   RO            3    i._Z12SoftWareInitv  main.o
    0x0800452c   0x0800452c   0x00000018   Code   RO          688    i._Z12System_Resetv  chassis_task.o
    0x08004544   0x08004544   0x00000026   Code   RO         1771    i._Z13Char_SplicingPcS_  protocol_ui.o
    0x0800456a   0x0800456a   0x00000002   PAD
    0x0800456c   0x0800456c   0x000001a8   Code   RO         1772    i._Z13Graph_PainterPcjjttjjjjjjjjjj  protocol_ui.o
    0x08004714   0x08004714   0x00000018   Code   RO          566    i._Z13power_ctrl_onh  app_power_ctrl.o
    0x0800472c   0x0800472c   0x0000006c   Code   RO         1926    i._Z13uart7_dma_getv  protocol_judgement.o
    0x08004798   0x08004798   0x00000018   Code   RO         1927    i._Z14Usart_SendBuffPht  protocol_judgement.o
    0x080047b0   0x080047b0   0x00000020   Code   RO         4072    i._Z14fp32_constrainfff  algorithm_user_lib.o
    0x080047d0   0x080047d0   0x00000018   Code   RO          567    i._Z14power_ctrl_offh  app_power_ctrl.o
    0x080047e8   0x080047e8   0x0000000c   Code   RO          689    i._Z14rc_key_v_freshP9RC_ctrl_t  chassis_task.o
    0x080047f4   0x080047f4   0x00000064   Code   RO         1928    i._Z15usart7_DMA_initv  protocol_judgement.o
    0x08004858   0x08004858   0x00000020   Code   RO         1929    i._Z16usart7_send_charh  protocol_judgement.o
    0x08004878   0x08004878   0x0000001c   Code   RO         1600    i._Z18Get_CRC8_Check_SumPhjh  protocol_crc.o
    0x08004894   0x08004894   0x000000f0   Code   RO         1931    i._Z18referee_data_solvev  protocol_judgement.o
    0x08004984   0x08004984   0x0000002c   Code   RO         1601    i._Z19Get_CRC16_Check_SumPhjt  protocol_crc.o
    0x080049b0   0x080049b0   0x00000008   Code   RO         1932    i._Z19get_robo_data_Pointv  protocol_judgement.o
    0x080049b8   0x080049b8   0x0000001c   Code   RO         1602    i._Z21Append_CRC8_Check_SumPhj  protocol_crc.o
    0x080049d4   0x080049d4   0x00000026   Code   RO         1603    i._Z21Verify_CRC8_Check_SumPhj  protocol_crc.o
    0x080049fa   0x080049fa   0x00000002   PAD
    0x080049fc   0x080049fc   0x00000028   Code   RO         1604    i._Z22Append_CRC16_Check_SumPhj  protocol_crc.o
    0x08004a24   0x08004a24   0x0000003c   Code   RO         1605    i._Z22Verify_CRC16_Check_SumPhj  protocol_crc.o
    0x08004a60   0x08004a60   0x00000008   Code   RO         1046    i._Z22get_guard_ctrl_pointerv  guard_task.o
    0x08004a68   0x08004a68   0x00000012   Code   RO         4077    i._Z23first_order_filter_initP25first_order_filter_type_tfPKf  algorithm_user_lib.o
    0x08004a7a   0x08004a7a   0x00000002   PAD
    0x08004a7c   0x08004a7c   0x00000008   Code   RO          690    i._Z24get_chassis_ctrl_pointerv  chassis_task.o
    0x08004a84   0x08004a84   0x00000008   Code   RO          841    i._Z24get_message_ctrl_pointerv  message_task.o
    0x08004a8c   0x08004a8c   0x00000034   Code   RO          569    i._Z24power_ctrl_configurationv  app_power_ctrl.o
    0x08004ac0   0x08004ac0   0x00000022   Code   RO          691    i._Z25motor_ecd_to_relative_ecdtt  chassis_task.o
    0x08004ae2   0x08004ae2   0x00000002   PAD
    0x08004ae4   0x08004ae4   0x0000003c   Code   RO         1246    i._Z7pinModeh15pinMode_TypeDef  dev_system.o
    0x08004b20   0x08004b20   0x0000013c   Code   RO         4032    i._Z8PID_CalcP10PidTypeDefffh  algorithm_pid.o
    0x08004c5c   0x08004c5c   0x0000005c   Code   RO         4033    i._Z8PID_InitP10PidTypeDefhPKfff  algorithm_pid.o
    0x08004cb8   0x08004cb8   0x0000009c   Code   RO          489    i._Z9CAN1_HookP8CanRxMsg  app_motor.o
    0x08004d54   0x08004d54   0x0000003c   Code   RO          490    i._Z9CAN1_SendP8CanRxMsg  app_motor.o
    0x08004d90   0x08004d90   0x00000050   Code   RO          491    i._Z9CAN2_HookP8CanRxMsg  app_motor.o
    0x08004de0   0x08004de0   0x0000003c   Code   RO          492    i._Z9CAN2_SendP8CanRxMsg  app_motor.o
    0x08004e1c   0x08004e1c   0x00000020   Code   RO         1049    i._ZN10Guard_Ctrl10Guard_FeedE4ID_e  guard_task.o
    0x08004e3c   0x08004e3c   0x00000044   Code   RO         1052    i._ZN10Guard_Ctrl10Guard_InitE4ID_ejjPFvhEbjS2_  guard_task.o
    0x08004e80   0x08004e80   0x00000092   Code   RO         1053    i._ZN10Guard_Ctrl10Guard_ScanEv  guard_task.o
    0x08004f12   0x08004f12   0x00000002   PAD
    0x08004f14   0x08004f14   0x00000038   Code   RO         1054    i._ZN10Guard_Ctrl11Guard_StartEv  guard_task.o
    0x08004f4c   0x08004f4c   0x0000005c   Code   RO         1392    i._ZN10Serialctrl10IRQHandlerEv  dev_serial.o
    0x08004fa8   0x08004fa8   0x00000004   Code   RO         1393    i._ZN10Serialctrl15attachInterruptEPFvvE  dev_serial.o
    0x08004fac   0x08004fac   0x00000016   Code   RO         1394    i._ZN10Serialctrl4peekEv  dev_serial.o
    0x08004fc2   0x08004fc2   0x00000018   Code   RO         1395    i._ZN10Serialctrl4readEv  dev_serial.o
    0x08004fda   0x08004fda   0x0000001c   Code   RO         1398    i._ZN10Serialctrl8sendDataEPKvh  dev_serial.o
    0x08004ff6   0x08004ff6   0x00000018   Code   RO         1399    i._ZN10Serialctrl8sendDataEh  dev_serial.o
    0x0800500e   0x0800500e   0x00000014   Code   RO         1400    i._ZN10Serialctrl9availableEv  dev_serial.o
    0x08005022   0x08005022   0x00000004   Code   RO         1481    i._ZN10SerialctrlC1EP13USART_TypeDefjt  dev_serial.o
    0x08005026   0x08005026   0x00000002   PAD
    0x08005028   0x08005028   0x00000184   Code   RO          692    i._ZN12Chassis_Ctrl12Chassis_InitEv  chassis_task.o
    0x080051ac   0x080051ac   0x000000ca   Code   RO          693    i._ZN12Chassis_Ctrl12Control_loopEv  chassis_task.o
    0x08005276   0x08005276   0x00000002   PAD
    0x08005278   0x08005278   0x000001e8   Code   RO          694    i._ZN12Chassis_Ctrl13RC_to_ControlEPfS0_  chassis_task.o
    0x08005460   0x08005460   0x000001dc   Code   RO          695    i._ZN12Chassis_Ctrl14Behaviour_ModeEv  chassis_task.o
    0x0800563c   0x0800563c   0x000000d4   Code   RO          696    i._ZN12Chassis_Ctrl15Feedback_UpdateEv  chassis_task.o
    0x08005710   0x08005710   0x000000b0   Code   RO          697    i._ZN12Chassis_Ctrl17Behaviour_ControlEPfS0_S0_  chassis_task.o
    0x080057c0   0x080057c0   0x000000ce   Code   RO          698    i._ZN12Chassis_Ctrl19Steering_Round_CalcEv  chassis_task.o
    0x0800588e   0x0800588e   0x00000022   Code   RO          699    i._ZN12Chassis_Ctrl21Steering_Mode_ControlEv  chassis_task.o
    0x080058b0   0x080058b0   0x00000108   Code   RO          700    i._ZN12Chassis_Ctrl21Vector_to_Wheel_SpeedEPfS0_S0_  chassis_task.o
    0x080059b8   0x080059b8   0x000001d4   Code   RO          701    i._ZN12Chassis_Ctrl26Steering_Behaviour_ControlEPfS0_S0_  chassis_task.o
    0x08005b8c   0x08005b8c   0x00000104   Code   RO          702    i._ZN12Chassis_Ctrl7ControlEv  chassis_task.o
    0x08005c90   0x08005c90   0x0000002c   Code   RO          843    i._ZN12Message_Ctrl11Usart6_HookEv  message_task.o
    0x08005cbc   0x08005cbc   0x00000030   Code   RO          844    i._ZN12Message_Ctrl11Usart7_HookEv  message_task.o
    0x08005cec   0x08005cec   0x00000010   Code   RO          846    i._ZN12Message_Ctrl4FeedEP4ID_e  message_task.o
    0x08005cfc   0x08005cfc   0x00000038   Code   RO          847    i._ZN12Message_Ctrl4HookEv  message_task.o
    0x08005d34   0x08005d34   0x00000018   Code   RO          848    i._ZN12Message_Ctrl4InitEv  message_task.o
    0x08005d4c   0x08005d4c   0x00000074   Code   RO         1165    i._ZN19correspondence_ctrl11Corres_InitEv  correspondence_task.o
    0x08005dc0   0x08005dc0   0x00000010   Code   RO         1166    i._ZN19correspondence_ctrl11Corres_SendEv  correspondence_task.o
    0x08005dd0   0x08005dd0   0x00000030   Code   RO         1167    i._ZN19correspondence_ctrl15Corres_FeedbackEv  correspondence_task.o
    0x08005e00   0x08005e00   0x00000036   Code   RO         3579    i._ZN6Buffer11Buffer_ReadEP10RingBufferPh  drivers_buffer.o
    0x08005e36   0x08005e36   0x0000002e   Code   RO         3583    i._ZN6Buffer12Buffer_WriteEP10RingBufferh  drivers_buffer.o
    0x08005e64   0x08005e64   0x0000002a   Code   RO         3584    i._ZN6Buffer9newBufferEP10RingBuffert  drivers_buffer.o
    0x08005e8e   0x08005e8e   0x00000002   PAD
    0x08005e90   0x08005e90   0x00000120   Code   RO         3969    i._ZN6CANdev9CANx_InitEhh  drivers_can.o
    0x08005fb0   0x08005fb0   0x00000008   Code   RO         3970    i._ZN6CANdev9CANx_InitEv  drivers_can.o
    0x08005fb8   0x08005fb8   0x00000008   Code   RO         3971    i._ZN6CANdevC1EP11CAN_TypeDef  drivers_can.o
    0x08005fc0   0x08005fc0   0x00000030   Code   RO         3677    i._ZN6DMAdev10IRQHandlerEv  drivers_dma.o
    0x08005ff0   0x08005ff0   0x000001b8   Code   RO         3681    i._ZN6DMAdev7dmaInitE10DMA_ConfigPjS1_jjjjjjj  drivers_dma.o
    0x080061a8   0x080061a8   0x00000028   Code   RO         3833    i._ZN6LEDdev8LED_InitEv  drivers_led.o
    0x080061d0   0x080061d0   0x00000006   Code   RO         3834    i._ZN6LEDdevC1Ev    drivers_led.o
    0x080061d6   0x080061d6   0x00000036   Code   RO         1304    i._ZN7CANctrl10IRQHandlerEv  dev_can.o
    0x0800620c   0x0800620c   0x00000004   Code   RO         1305    i._ZN7CANctrl15attachInterruptEPFvP8CanRxMsgE  dev_can.o
    0x08006210   0x08006210   0x0000004e   Code   RO         1309    i._ZN7CANctrl8SendDataEssss  dev_can.o
    0x0800625e   0x0800625e   0x00000002   PAD
    0x08006260   0x08006260   0x0000003c   Code   RO          297    i._ZN7LEDctrl6ToggleEv  app_led.o
    0x0800629c   0x0800629c   0x00000194   Code   RO          849    i._ZN8rc_key_c12rc_key_v_setEP9RC_ctrl_t  message_task.o
    0x08006430   0x08006430   0x0000000e   Code   RO          851    i._ZN8rc_key_c13read_key_evenEP13count_num_keyPb  message_task.o
    0x0800643e   0x0800643e   0x00000020   Code   RO          852    i._ZN8rc_key_c13sum_key_countEsP13count_num_key  message_task.o
    0x0800645e   0x0800645e   0x00000010   Code   RO          854    i._ZN8rc_key_c15read_key_singleEP13count_num_key  message_task.o
    0x0800646e   0x0800646e   0x00000020   Code   RO          855    i._ZN8rc_key_c15read_key_singleEP13count_num_keyPb  message_task.o
    0x0800648e   0x0800648e   0x0000001e   Code   RO          856    i._ZN8rc_key_c8read_keyEP13count_num_key11key_count_ePb  message_task.o
    0x080064ac   0x080064ac   0x00000024   Code   RO          857    i._ZN8rc_key_c8read_keyEP13count_num_key11key_count_eb  message_task.o
    0x080064d0   0x080064d0   0x00000010   Code   RO         3864    i._ZN9Serialdev11Serial_InitEj  drivers_serial.o
    0x080064e0   0x080064e0   0x00000150   Code   RO         3866    i._ZN9Serialdev11Serial_InitEj13SERIAL_Confighh  drivers_serial.o
    0x08006630   0x08006630   0x0000000e   Code   RO         3867    i._ZN9Serialdev11Serial_InitEjhh  drivers_serial.o
    0x0800663e   0x0800663e   0x00000020   Code   RO         3868    i._ZN9SerialdevC1EP13USART_TypeDefj  drivers_serial.o
    0x0800665e   0x0800665e   0x00000054   Code   RO         3869    i._ZN9SerialdevC1EP13USART_TypeDefjt  drivers_serial.o
    0x080066b2   0x080066b2   0x00000004   Code   RO          800    i._ZSt4sqrtf        chassis_task.o
    0x080066b6   0x080066b6   0x00000026   Code   RO         6746    i.__ARM_fpclassifyf  m_wm.l(fpclassifyf.o)
    0x080066dc   0x080066dc   0x000002ac   Code   RO         6611    i.__hardfp_atan2f   m_wm.l(atan2f.o)
    0x08006988   0x08006988   0x0000003a   Code   RO         6623    i.__hardfp_sqrtf    m_wm.l(sqrtf_full.o)
    0x080069c2   0x080069c2   0x00000006   Code   RO         6750    i.__mathlib_flt_infnan2  m_wm.l(funder.o)
    0x080069c8   0x080069c8   0x00000010   Code   RO         6754    i.__mathlib_flt_underflow  m_wm.l(funder.o)
    0x080069d8   0x080069d8   0x0000000c   Code   RO          302    i.__sti___11_app_led_cpp_LED  app_led.o
    0x080069e4   0x080069e4   0x0000002c   Code   RO         1310    i.__sti___11_dev_can_cpp_06246a71  dev_can.o
    0x08006a10   0x08006a10   0x00000018   Code   RO          493    i.__sti___13_app_motor_cpp_CAN_Cmd  app_motor.o
    0x08006a28   0x08006a28   0x00000050   Code   RO         1401    i.__sti___14_dev_serial_cpp_Serial3  dev_serial.o
    0x08006a78   0x08006a78   0x0000005c   Code   RO         3683    i.__sti___15_drivers_dma_cpp_5c429ec9  drivers_dma.o
    0x08006ad4   0x08006ad4   0x0000003c   Code   RO         1168    i.__sti___23_Correspondence_Task_cpp_Usart3  correspondence_task.o
    0x08006b10   0x08006b10   0x0000000e   Code   RO         6570    i._is_digit         c_w.l(__printf_wp.o)
    0x08006b1e   0x08006b1e   0x00000018   Code   RO         6226    i._sys_close        retarget_io.o
    0x08006b36   0x08006b36   0x00000002   PAD
    0x08006b38   0x08006b38   0x00000028   Code   RO         3870    i._sys_exit         drivers_serial.o
    0x08006b60   0x08006b60   0x0000000c   Code   RO         6227    i._sys_flen         retarget_io.o
    0x08006b6c   0x08006b6c   0x00000018   Code   RO         6228    i._sys_istty        retarget_io.o
    0x08006b84   0x08006b84   0x0000005c   Code   RO         6229    i._sys_open         retarget_io.o
    0x08006be0   0x08006be0   0x00000006   Code   RO         6231    i._sys_seek         retarget_io.o
    0x08006be6   0x08006be6   0x00000022   Code   RO         6232    i._sys_write        retarget_io.o
    0x08006c08   0x08006c08   0x00000004   Code   RO         6233    i._ttywrch          retarget_io.o
    0x08006c0c   0x08006c0c   0x00000058   Code   RO         3339    i.delay_init        platform_systick.o
    0x08006c64   0x08006c64   0x00000034   Code   RO         3343    i.delay_xus         platform_systick.o
    0x08006c98   0x08006c98   0x0000001c   Code   RO         3871    i.fputc             drivers_serial.o
    0x08006cb4   0x08006cb4   0x00000008   Code   RO         1510    i.get_remote_control_point  protocol_dbus.o
    0x08006cbc   0x08006cbc   0x0000000e   Code   RO            4    i.main              main.o
    0x08006cca   0x08006cca   0x00000002   PAD
    0x08006ccc   0x08006ccc   0x00000070   Code   RO         2488    i.prvAddCurrentTaskToDelayedList  tasks.o
    0x08006d3c   0x08006d3c   0x000000d0   Code   RO         2489    i.prvAddNewTaskToReadyList  tasks.o
    0x08006e0c   0x08006e0c   0x00000050   Code   RO         2846    i.prvCheckForValidListAndQueue  timers.o
    0x08006e5c   0x08006e5c   0x00000054   Code   RO         2490    i.prvCheckTasksWaitingTermination  tasks.o
    0x08006eb0   0x08006eb0   0x00000026   Code   RO         2267    i.prvCopyDataFromQueue  queue.o
    0x08006ed6   0x08006ed6   0x0000006c   Code   RO         2268    i.prvCopyDataToQueue  queue.o
    0x08006f42   0x08006f42   0x00000014   Code   RO         2491    i.prvDeleteTCB      tasks.o
    0x08006f56   0x08006f56   0x00000002   PAD
    0x08006f58   0x08006f58   0x0000004c   Code   RO         3032    i.prvHeapInit       heap_4.o
    0x08006fa4   0x08006fa4   0x00000028   Code   RO         2492    i.prvIdleTask       tasks.o
    0x08006fcc   0x08006fcc   0x0000009c   Code   RO         2493    i.prvInitialiseNewTask  tasks.o
    0x08007068   0x08007068   0x0000004c   Code   RO         3033    i.prvInsertBlockIntoFreeList  heap_4.o
    0x080070b4   0x080070b4   0x00000038   Code   RO         2847    i.prvInsertTimerInActiveList  timers.o
    0x080070ec   0x080070ec   0x0000001a   Code   RO         2269    i.prvIsQueueEmpty   queue.o
    0x08007106   0x08007106   0x0000006c   Code   RO         2270    i.prvNotifyQueueSetContainer  queue.o
    0x08007172   0x08007172   0x00000002   PAD
    0x08007174   0x08007174   0x000000b8   Code   RO         2848    i.prvProcessReceivedCommands  timers.o
    0x0800722c   0x0800722c   0x000000b4   Code   RO         2849    i.prvProcessTimerOrBlockTask  timers.o
    0x080072e0   0x080072e0   0x00000020   Code   RO         2495    i.prvResetNextTaskUnblockTime  tasks.o
    0x08007300   0x08007300   0x00000028   Code   RO         2850    i.prvSampleTimeNow  timers.o
    0x08007328   0x08007328   0x0000006c   Code   RO         2851    i.prvSwitchTimerLists  timers.o
    0x08007394   0x08007394   0x00000028   Code   RO         2962    i.prvTaskExitError  port.o
    0x080073bc   0x080073bc   0x00000028   Code   RO         2852    i.prvTimerTask      timers.o
    0x080073e4   0x080073e4   0x00000078   Code   RO         2271    i.prvUnlockQueue    queue.o
    0x0800745c   0x0800745c   0x000000d8   Code   RO         3034    i.pvPortMalloc      heap_4.o
    0x08007534   0x08007534   0x00000018   Code   RO         2499    i.pvTaskIncrementMutexHeldCount  tasks.o
    0x0800754c   0x0800754c   0x00000038   Code   RO         3410    i.pwmWrite          platform_pwm.o
    0x08007584   0x08007584   0x0000002c   Code   RO         2963    i.pxPortInitialiseStack  port.o
    0x080075b0   0x080075b0   0x0000001c   Code   RO         1511    i.remote_control_init  protocol_dbus.o
    0x080075cc   0x080075cc   0x0000002c   Code   RO          615    i.startTast         start_task.o
    0x080075f8   0x080075f8   0x00000024   Code   RO         2230    i.uxListRemove      list.o
    0x0800761c   0x0800761c   0x00000016   Code   RO         2231    i.vListInitialise   list.o
    0x08007632   0x08007632   0x00000006   Code   RO         2232    i.vListInitialiseItem  list.o
    0x08007638   0x08007638   0x00000030   Code   RO         2233    i.vListInsert       list.o
    0x08007668   0x08007668   0x00000018   Code   RO         2234    i.vListInsertEnd    list.o
    0x08007680   0x08007680   0x00000040   Code   RO         2965    i.vPortEnterCritical  port.o
    0x080076c0   0x080076c0   0x00000028   Code   RO         2966    i.vPortExitCritical  port.o
    0x080076e8   0x080076e8   0x0000005c   Code   RO         3035    i.vPortFree         heap_4.o
    0x08007744   0x08007744   0x00000054   Code   RO         2967    i.vPortValidateInterruptPriority  port.o
    0x08007798   0x08007798   0x00000024   Code   RO         2277    i.vQueueAddToRegistry  queue.o
    0x080077bc   0x080077bc   0x00000044   Code   RO         2281    i.vQueueWaitForMessageRestricted  queue.o
    0x08007800   0x08007800   0x0000004c   Code   RO         2508    i.vTaskDelay        tasks.o
    0x0800784c   0x0800784c   0x000000ac   Code   RO         2510    i.vTaskDelete       tasks.o
    0x080078f8   0x080078f8   0x0000000c   Code   RO         2514    i.vTaskMissedYield  tasks.o
    0x08007904   0x08007904   0x00000030   Code   RO         2516    i.vTaskPlaceOnEventList  tasks.o
    0x08007934   0x08007934   0x00000038   Code   RO         2517    i.vTaskPlaceOnEventListRestricted  tasks.o
    0x0800796c   0x0800796c   0x00000084   Code   RO         2519    i.vTaskPriorityInherit  tasks.o
    0x080079f0   0x080079f0   0x00000024   Code   RO         2523    i.vTaskSetTimeOutState  tasks.o
    0x08007a14   0x08007a14   0x00000070   Code   RO         2524    i.vTaskStartScheduler  tasks.o
    0x08007a84   0x08007a84   0x00000010   Code   RO         2526    i.vTaskSuspendAll   tasks.o
    0x08007a94   0x08007a94   0x0000005c   Code   RO         2527    i.vTaskSwitchContext  tasks.o
    0x08007af0   0x08007af0   0x000000e0   Code   RO         2968    i.xPortStartScheduler  port.o
    0x08007bd0   0x08007bd0   0x0000002c   Code   RO         2969    i.xPortSysTickHandler  port.o
    0x08007bfc   0x08007bfc   0x00000056   Code   RO         2286    i.xQueueGenericCreate  queue.o
    0x08007c52   0x08007c52   0x00000002   PAD
    0x08007c54   0x08007c54   0x00000170   Code   RO         2287    i.xQueueGenericReceive  queue.o
    0x08007dc4   0x08007dc4   0x00000088   Code   RO         2288    i.xQueueGenericReset  queue.o
    0x08007e4c   0x08007e4c   0x00000174   Code   RO         2289    i.xQueueGenericSend  queue.o
    0x08007fc0   0x08007fc0   0x000000da   Code   RO         2290    i.xQueueGenericSendFromISR  queue.o
    0x0800809a   0x0800809a   0x00000002   PAD
    0x0800809c   0x0800809c   0x0000006c   Code   RO         2528    i.xTaskCheckForTimeOut  tasks.o
    0x08008108   0x08008108   0x00000056   Code   RO         2529    i.xTaskCreate       tasks.o
    0x0800815e   0x0800815e   0x00000002   PAD
    0x08008160   0x08008160   0x0000001c   Code   RO         2534    i.xTaskGetSchedulerState  tasks.o
    0x0800817c   0x0800817c   0x0000000c   Code   RO         2535    i.xTaskGetTickCount  tasks.o
    0x08008188   0x08008188   0x000000c8   Code   RO         2537    i.xTaskIncrementTick  tasks.o
    0x08008250   0x08008250   0x00000098   Code   RO         2540    i.xTaskPriorityDisinherit  tasks.o
    0x080082e8   0x080082e8   0x00000078   Code   RO         2541    i.xTaskRemoveFromEventList  tasks.o
    0x08008360   0x08008360   0x000000c4   Code   RO         2543    i.xTaskResumeAll    tasks.o
    0x08008424   0x08008424   0x00000048   Code   RO         2856    i.xTimerCreateTimerTask  timers.o
    0x0800846c   0x0800846c   0x0000005c   Code   RO         2857    i.xTimerGenericCommand  timers.o
    0x080084c8   0x080084c8   0x0000000a   Code   RO         6824    x$fpl$fpinit        g_wm.l(fpinit.o)
    0x080084d2   0x080084d2   0x00000000   Code   RO         6745    x$fpl$usenofp       g_wm.l(usenofp.o)
    0x080084d2   0x080084d2   0x00000008   Data   RO          310    .constdata          app_led.o
    0x080084da   0x080084da   0x00000002   PAD
    0x080084dc   0x080084dc   0x0000004c   Data   RO          720    .constdata          chassis_task.o
    0x08008528   0x08008528   0x00000300   Data   RO         1612    .constdata          protocol_crc.o
    0x08008828   0x08008828   0x00000b00   Data   RO         3087    .constdata          platform_io.o
    0x08009328   0x08009328   0x00000008   Data   RO         3837    .constdata          drivers_led.o
    0x08009330   0x08009330   0x00000007   Data   RO         6234    .constdata          retarget_io.o
    0x08009337   0x08009337   0x00000008   Data   RO         6235    .constdata          retarget_io.o
    0x0800933f   0x0800933f   0x00000008   Data   RO         6236    .constdata          retarget_io.o
    0x08009347   0x08009347   0x00000001   PAD
    0x08009348   0x08009348   0x00000804   Data   RO         6440    .constdata          arm_cortexM4lf_math.lib(arm_common_tables.o)
    0x08009b4c   0x08009b4c   0x00000028   Data   RO         6543    .constdata          c_w.l(_printf_hex_int.o)
    0x08009b74   0x08009b74   0x00000011   Data   RO         6573    .constdata          c_w.l(__printf_flags_wp.o)
    0x08009b85   0x08009b85   0x00000003   PAD
    0x08009b88   0x08009b88   0x00000020   Data   RO         6938    Region$$Table       anon$$obj.o
    0x08009ba8   0x08009ba8   0x00000004   Data   RO          312    .init_array         app_led.o
    0x08009bac   0x08009ba8   0x00000004   Data   RO          502    .init_array         app_motor.o
    0x08009bb0   0x08009ba8   0x00000004   Data   RO         1180    .init_array         correspondence_task.o
    0x08009bb4   0x08009ba8   0x00000004   Data   RO         1321    .init_array         dev_can.o
    0x08009bb8   0x08009ba8   0x00000004   Data   RO         1417    .init_array         dev_serial.o
    0x08009bbc   0x08009ba8   0x00000004   Data   RO         3708    .init_array         drivers_dma.o
    0x08009bc0   0x08009ba8   0x00000000   Data   RO         6606    .init_array         c_w.l(init_aeabi.o)


    Execution Region RW_IRAM1 (Exec base: 0x20000000, Load base: 0x08009bc0, Size: 0x000223a8, Max: 0x00030000, ABSOLUTE, COMPRESSED[0x00000050])

    Exec Addr    Load Addr    Size         Type   Attr      Idx    E Section Name        Object

    0x20000000   COMPRESSED   0x00000004   Data   RW            7    .data               main.o
    0x20000004   COMPRESSED   0x00000001   Data   RW          311    .data               app_led.o
    0x20000005   COMPRESSED   0x00000002   Data   RW          501    .data               app_motor.o
    0x20000007   COMPRESSED   0x00000001   PAD
    0x20000008   COMPRESSED   0x0000001c   Data   RW          618    .data               start_task.o
    0x20000024   COMPRESSED   0x00000018   Data   RW          721    .data               chassis_task.o
    0x2000003c   COMPRESSED   0x0000000c   Data   RW          877    .data               message_task.o
    0x20000048   COMPRESSED   0x0000006c   Data   RW          976    .data               uidraw_task.o
    0x200000b4   COMPRESSED   0x00000004   Data   RW         1179    .data               correspondence_task.o
    0x200000b8   COMPRESSED   0x0000000c   Data   RW         1523    .data               protocol_dbus.o
    0x200000c4   COMPRESSED   0x00000002   Data   RW         1613    .data               protocol_crc.o
    0x200000c6   COMPRESSED   0x00000002   PAD
    0x200000c8   COMPRESSED   0x0000001c   Data   RW         1942    .data               protocol_judgement.o
    0x200000e4   COMPRESSED   0x0000003c   Data   RW         2546    .data               tasks.o
    0x20000120   COMPRESSED   0x00000014   Data   RW         2863    .data               timers.o
    0x20000134   COMPRESSED   0x0000000c   Data   RW         2970    .data               port.o
    0x20000140   COMPRESSED   0x00000018   Data   RW         3040    .data               heap_4.o
    0x20000158   COMPRESSED   0x00000024   Data   RW         3346    .data               platform_systick.o
    0x2000017c   COMPRESSED   0x00000010   Data   RW         4821    .data               stm32f4xx_rcc.o
    0x2000018c   COMPRESSED   0x00000014   Data   RW         6190    .data               system_stm32f4xx.o
    0x200001a0   COMPRESSED   0x00000004   Data   RW         6687    .data               c_w.l(stdio_streams.o)
    0x200001a4   COMPRESSED   0x00000004   Data   RW         6688    .data               c_w.l(stdio_streams.o)
    0x200001a8   COMPRESSED   0x00000004   Data   RW         6689    .data               c_w.l(stdio_streams.o)
    0x200001ac        -       0x000000cc   Zero   RW          500    .bss                app_motor.o
    0x20000278        -       0x00000630   Zero   RW          719    .bss                chassis_task.o
    0x200008a8        -       0x00000014   Zero   RW          876    .bss                message_task.o
    0x200008bc        -       0x0000018c   Zero   RW         1071    .bss                guard_task.o
    0x20000a48        -       0x00000068   Zero   RW         1178    .bss                correspondence_task.o
    0x20000ab0        -       0x00000040   Zero   RW         1320    .bss                dev_can.o
    0x20000af0        -       0x00000060   Zero   RW         1415    .bss                dev_serial.o
    0x20000b50        -       0x0000005e   Zero   RW         1522    .bss                protocol_dbus.o
    0x20000bae        -       0x00000217   Zero   RW         1784    .bss                protocol_ui.o
    0x20000dc5   COMPRESSED   0x00000001   PAD
    0x20000dc6        -       0x00000702   Zero   RW         1941    .bss                protocol_judgement.o
    0x200014c8        -       0x00000040   Zero   RW         2301    .bss                queue.o
    0x20001508        -       0x000002e4   Zero   RW         2545    .bss                tasks.o
    0x200017ec        -       0x00000028   Zero   RW         2862    .bss                timers.o
    0x20001814        -       0x00020000   Zero   RW         3039    .bss                heap_4.o
    0x20021814        -       0x00000040   Zero   RW         3259    .bss                platform_exti.o
    0x20021854        -       0x00000038   Zero   RW         3485    .bss                platform_timer.o
    0x2002188c        -       0x000000c0   Zero   RW         3707    .bss                drivers_dma.o
    0x2002194c        -       0x00000054   Zero   RW         6684    .bss                c_w.l(stdio_streams.o)
    0x200219a0        -       0x00000054   Zero   RW         6685    .bss                c_w.l(stdio_streams.o)
    0x200219f4        -       0x00000054   Zero   RW         6686    .bss                c_w.l(stdio_streams.o)
    0x20021a48        -       0x00000060   Zero   RW         6765    .bss                c_w.l(libspace.o)
    0x20021aa8        -       0x00000500   Zero   RW         6220    HEAP                startup_stm32f427xx.o
    0x20021fa8        -       0x00000400   Zero   RW         6219    STACK               startup_stm32f427xx.o


==============================================================================

Image component sizes


      Code (inc. data)   RO Data    RW Data    ZI Data      Debug   Object Name

       408          8          0          0          0       2006   algorithm_pid.o
        50          0          0          0          0       1855   algorithm_user_lib.o
        72         16         12          1          0     258116   app_led.o
       444         74          4          2        204       8311   app_motor.o
       100         12          0          0          0       2032   app_power_ctrl.o
      3424        180         76         24       1584      20655   chassis_task.o
       540         92          4          4        104       6145   correspondence_task.o
         0          0          0          0          0      11748   croutine.o
       204         24          4          0         64       3618   dev_can.o
       334         40          4          0         96       7886   dev_serial.o
        60          6          0          0          0        574   dev_system.o
       142          0          0          0          0       5762   drivers_buffer.o
       304         14          0          0          0       3228   drivers_can.o
       672         80          4          0        192      13462   drivers_dma.o
        46          4          8          0          0       1636   drivers_led.o
       316         20          0          0          0       1466   drivers_remote.o
       550         62          0          0          0       8448   drivers_serial.o
         0          0          0          0          0      11760   event_groups.o
       382         28          0          0        396       5654   guard_task.o
       460         24          0         24     131072       4675   heap_4.o
       136          0          0          0          0       3390   list.o
       142         14          0          4          0     285775   main.o
       816         52          0         12         20       9299   message_task.o
       144         14          0          0          0       2265   misc.o
       464         28          0          0         64       4655   platform_exti.o
       298         52       2816          0          0     320412   platform_io.o
       832        136          0          0          0       3638   platform_pwm.o
       172         22          0         36          0       3666   platform_systick.o
       640        132          0          0         56       6491   platform_timer.o
       722         76          0         12          0      10826   port.o
       238         22        768          2          0     283762   protocol_crc.o
       520         42          0         12         94       9637   protocol_dbus.o
       512         64          0         28       1794      10960   protocol_judgement.o
      1734        136          0          0        535     256396   protocol_ui.o
      1684         18          0          0         64      17273   queue.o
       196         24         23          0          0       5997   retarget_io.o
        28          4          0          0          0        542   rtossystem_task.o
       312        130          0         28          0       5777   start_task.o
       128         30        428          0       2304        832   startup_stm32f427xx.o
      1084         20          0          0          0       7074   stm32f4xx_can.o
       564         48          0          0          0       8491   stm32f4xx_dma.o
        32         10          0          0          0       1180   stm32f4xx_exti.o
       160          0          0          0          0       3039   stm32f4xx_gpio.o
       474        278          0          0          0       3801   stm32f4xx_it.o
        16          6          0          0          0        501   stm32f4xx_iwdg.o
       268         46          0         16          0       6117   stm32f4xx_rcc.o
       704         60          0          0          0      10707   stm32f4xx_tim.o
       538         42          0          0          0       8439   stm32f4xx_usart.o
       300         36          0         20          0       1925   system_stm32f4xx.o
      2330        206          0         60        740      23789   tasks.o
       852         80          0         20         40      17155   timers.o
      2968        180          0        108          0      19888   uidraw_task.o

    ----------------------------------------------------------------------
     28566       2692       4186        416     139424    1732736   Object Totals
         0          0         32          0          0          0   (incl. Generated)
        50          0          3          3          1          0   (incl. Padding)

    ----------------------------------------------------------------------

      Code (inc. data)   RO Data    RW Data    ZI Data      Debug   Library Member Name

         0          0       2052          0          0       4636   arm_common_tables.o
       120         12          0          0          0      16970   arm_cos_f32.o
       116         12          0          0          0        658   arm_sin_f32.o
        90          0          0          0          0          0   __dczerorl2.o
         8          0          0          0          0         68   __main.o
       312          4         17          0          0         92   __printf_flags_wp.o
        14          0          0          0          0         68   __printf_wp.o
         0          0          0          0          0          0   __rtentry.o
        12          0          0          0          0          0   __rtentry2.o
         6          0          0          0          0          0   __rtentry4.o
        52          8          0          0          0          0   __scatter.o
        28          0          0          0          0          0   __scatter_zi.o
        48          6          0          0          0         96   _printf_char_common.o
        36          4          0          0          0         80   _printf_char_file.o
         6          0          0          0          0          0   _printf_d.o
       120         16          0          0          0         92   _printf_dec.o
        88          4         40          0          0         88   _printf_hex_int.o
       178          0          0          0          0         88   _printf_intcommon.o
        78          0          0          0          0        108   _printf_pad.o
         0          0          0          0          0          0   _printf_percent.o
         4          0          0          0          0          0   _printf_percent_end.o
         6          0          0          0          0          0   _printf_x.o
        22          0          0          0          0        100   _rserrno.o
        22          0          0          0          0         80   abort.o
        16          0          0          0          0         68   aeabi_memset.o
        48         34          0          0          0         76   defsig_abrt_inner.o
        14          0          0          0          0         80   defsig_abrt_outer.o
        10          0          0          0          0         68   defsig_exit.o
        50          0          0          0          0         88   defsig_general.o
        80         58          0          0          0         76   defsig_rtmem_inner.o
        14          0          0          0          0         80   defsig_rtmem_outer.o
        52         38          0          0          0         76   defsig_rtred_inner.o
        14          0          0          0          0         80   defsig_rtred_outer.o
        18          0          0          0          0         80   exit.o
        76          0          0          0          0         88   fclose.o
         8          0          0          0          0         68   ferror.o
       236          4          0          0          0        128   fopen.o
       248          6          0          0          0         84   fseek.o
        66          0          0          0          0         76   ftell.o
        94          0          0          0          0         80   h1_alloc.o
        52          0          0          0          0         68   h1_extend.o
        78          0          0          0          0         80   h1_free.o
        14          0          0          0          0         84   h1_init.o
         6          0          0          0          0        152   heapauxi.o
         4          0          0          0          0        136   hguard.o
        36         10          0          0          0         80   init_aeabi.o
       138          0          0          0          0        168   init_alloc.o
       312         46          0          0          0        112   initio.o
         2          0          0          0          0          0   libinit.o
        22          0          0          0          0          0   libinit2.o
         2          0          0          0          0          0   libshutdown.o
         6          0          0          0          0          0   libshutdown2.o
         8          4          0          0         96         68   libspace.o
         0          0          0          0          0          0   maybetermalloc1.o
        24          4          0          0          0         84   noretval__2printf.o
         8          4          0          0          0         68   rt_errno_addr_intlibspace.o
         8          4          0          0          0         68   rt_heap_descriptor_intlibspace.o
        68          0          0          0          0         68   rt_memclr.o
        78          0          0          0          0         80   rt_memclr_w.o
       138          0          0          0          0         68   rt_memcpy_v6.o
       100          0          0          0          0         80   rt_memcpy_w.o
         2          0          0          0          0          0   rtexit.o
        10          0          0          0          0          0   rtexit2.o
        70          0          0          0          0         80   setvbuf.o
       240          6          0          0          0        156   stdio.o
         0          0          0         12        252          0   stdio_streams.o
       128          0          0          0          0         68   strcmpv7m.o
        72          0          0          0          0         80   strcpy.o
        62          0          0          0          0         76   strlen.o
        74          0          0          0          0         80   sys_stackheap_outer.o
         2          0          0          0          0         68   use_no_semi.o
         2          0          0          0          0         68   use_no_semi_2.o
        10          0          0          0          0        116   fpinit.o
         0          0          0          0          0          0   usenofp.o
       684         90          0          0          0        208   atan2f.o
        38          0          0          0          0        116   fpclassifyf.o
        22          6          0          0          0        232   funder.o
        58          0          0          0          0        136   sqrtf_full.o

    ----------------------------------------------------------------------
      5008        380       2112         12        348      27468   Library Totals
        20          0          3          0          0          0   (incl. Padding)

    ----------------------------------------------------------------------

      Code (inc. data)   RO Data    RW Data    ZI Data      Debug   Library Name

       236         24       2052          0          0      22264   arm_cortexM4lf_math.lib
      3940        260         57         12        348       4396   c_w.l
        10          0          0          0          0        116   g_wm.l
       802         96          0          0          0        692   m_wm.l

    ----------------------------------------------------------------------
      5008        380       2112         12        348      27468   Library Totals

    ----------------------------------------------------------------------

==============================================================================


      Code (inc. data)   RO Data    RW Data    ZI Data      Debug   

     33574       3072       6298        428     139772    1728008   Grand Totals
     33574       3072       6298         80     139772    1728008   ELF Image Totals (compressed)
     33574       3072       6298         80          0          0   ROM Totals

==============================================================================

    Total RO  Size (Code + RO Data)                39872 (  38.94kB)
    Total RW  Size (RW Data + ZI Data)            140200 ( 136.91kB)
    Total ROM Size (Code + RO Data + RW Data)      39952 (  39.02kB)

==============================================================================

