<html>
<body>
<pre>
<h1>µVision Build Log</h1>
<h2>Tool Versions:</h2>
IDE-Version: ¦ÌVision V5.36.0.0
Copyright (C) 2021 ARM Ltd and ARM Germany GmbH. All rights reserved.
License Information: Bin Mcreeper, zs, LIC=VGXG8-31TSS-DY8V3-AU7E4-HEEB1-FWHP3
 
Tool Versions:
Toolchain:       MDK-ARM Plus  Version: 5.36.0.0
Toolchain Path:  D:\study\STM32\mdk1\ARM\ARMCC\Bin
C Compiler:      Armcc.exe V5.06 update 7 (build 960)
Assembler:       Armasm.exe V5.06 update 7 (build 960)
Linker/Locator:  ArmLink.exe V5.06 update 7 (build 960)
Library Manager: ArmAr.exe V5.06 update 7 (build 960)
Hex Converter:   FromElf.exe V5.06 update 7 (build 960)
CPU DLL:         SARMCM3.DLL V5.36.0.0
Dialog DLL:      DRAMSTM.DLL
Target DLL:      CMSIS_AGDI.dll V1.33.0.0
Dialog DLL:      TCM.DLL V1.53.0.0
 
<h2>Project:</h2>
E:\a-ma\standard\infantry\chassis\Project\HERO_CHASSIS.uvprojx
Project File Date:  09/09/2022

<h2>Output:</h2>
*** Using Compiler 'V5.06 update 7 (build 960)', folder: 'D:\study\STM32\mdk1\ARM\ARMCC\Bin'
Rebuild target 'HERO_CHASSIS'
compiling app_power_ctrl.cpp...
compiling RTOSsystem_task.cpp...
compiling app_led.cpp...
compiling app_motor.cpp...
compiling main.cpp...
compiling start_task.cpp...
compiling Message_Task.cpp...
compiling Chassis_Task.cpp...
compiling protocol_crc.cpp...
compiling dev_system.cpp...
compiling Guard_Task.cpp...
compiling dev_serial.cpp...
..\Device\dev_serial.cpp(32): warning:  #550-D: variable "temp"  was set but never used
  		int temp;
..\Device\dev_serial.cpp: 1 warning, 0 errors
compiling Correspondence_Task.cpp...
compiling dev_can.cpp...
compiling protocol_dbus.cpp...
compiling UIDraw_Task.cpp...
compiling croutine.c...
compiling list.c...
compiling event_groups.c...
compiling queue.c...
compiling timers.c...
compiling heap_4.c...
compiling tasks.c...
compiling port.c...
compiling protocol_ui.cpp...
compiling protocol_judgement.cpp...
compiling platform_exti.c...
compiling platform_systick.c...
compiling drivers_buffer.cpp...
compiling platform_pwm.c...
compiling platform_io.c...
compiling platform_timer.c...
compiling drivers_state_machines.cpp...
compiling drivers_dma.cpp...
compiling drivers_led.cpp...
compiling misc.c...
compiling drivers_can.cpp...
compiling drivers_serial.cpp...
compiling drivers_remote.cpp...
compiling algorithm_pid.cpp...
compiling algorithm_user_lib.cpp...
compiling stm32f4xx_dma.c...
compiling stm32f4xx_exti.c...
compiling stm32f4xx_gpio.c...
compiling stm32f4xx_syscfg.c...
compiling stm32f4xx_usart.c...
compiling stm32f4xx_flash.c...
compiling stm32f4xx_rcc.c...
compiling stm32f4xx_iwdg.c...
compiling stm32f4xx_tim.c...
compiling stm32f4xx_can.c...
assembling startup_stm32f427xx.s...
compiling retarget_io.c...
compiling system_stm32f4xx.c...
compiling stm32f4xx_it.c...
linking...
Program Size: Code=33438 RO-data=6298 RW-data=432 ZI-data=139648  
".\Objects\HERO_CHASSIS.axf" - 0 Error(s), 1 Warning(s).

<h2>Software Packages used:</h2>

Package Vendor: Keil
                http://www.keil.com/pack/Keil.ARM_Compiler.1.6.3.pack
                Keil.ARM_Compiler.1.6.3
                Keil ARM Compiler extensions for ARM Compiler 5 and ARM Compiler 6
   * Component: STDIN Variant: Breakpoint Version: 1.2.0
   * Component: STDOUT Variant: Breakpoint Version: 1.2.0
   * Component: TTY Variant: Breakpoint Version: 1.2.0

Package Vendor: Keil
                http://www.keil.com/pack/Keil.STM32F4xx_DFP.2.15.0.pack
                Keil.STM32F4xx_DFP.2.15.0
                STMicroelectronics STM32F4 Series Device Support, Drivers and Examples

<h2>Collection of Component include folders:</h2>
  .\RTE\_HERO_CHASSIS
  D:\study\STM32\mdk1\arm\Keil\STM32F4xx_DFP\2.15.0\Drivers\CMSIS\Device\ST\STM32F4xx\Include

<h2>Collection of Component Files used:</h2>

   * Component: Keil.ARM Compiler::Compiler:I/O:STDIN:Breakpoint:1.2.0
      Source file:   Source\retarget_io.c

   * Component: Keil.ARM Compiler::Compiler:I/O:STDOUT:Breakpoint:1.2.0
      Source file:   Source\retarget_io.c

   * Component: Keil.ARM Compiler::Compiler:I/O:TTY:Breakpoint:1.2.0
      Source file:   Source\retarget_io.c
Build Time Elapsed:  00:00:33
</pre>
</body>
</html>
