Component: ARM Compiler 5.06 update 7 (build 960) Tool: armlink [4d3601]

==============================================================================

Section Cross References

    main.o(i._Z12SoftWareInitv) refers to misc.o(i.NVIC_PriorityGroupConfig) for NVIC_PriorityGroupConfig
    main.o(i._Z12SoftWareInitv) refers to platform_systick.o(i.delay_init) for delay_init
    main.o(i._Z12SoftWareInitv) refers to app_power_ctrl.o(i._Z24power_ctrl_configurationv) for power_ctrl_configuration()
    main.o(i._Z12SoftWareInitv) refers to queue.o(i.xQueueGenericCreate) for xQueueGenericCreate
    main.o(i._Z12SoftWareInitv) refers to drivers_serial.o(i._ZN9Serialdev11Serial_InitEj) for Serialdev::Serial_Init(unsigned)
    main.o(i._Z12SoftWareInitv) refers to protocol_judgement.o(i._Z11usart8_initv) for usart8_init()
    main.o(i._Z12SoftWareInitv) refers to drivers_serial.o(i._ZN9Serialdev11Serial_InitEjhh) for Serialdev::Serial_Init(unsigned, unsigned char, unsigned char)
    main.o(i._Z12SoftWareInitv) refers to drivers_serial.o(i._ZN9Serialdev11Serial_InitEj13SERIAL_Confighh) for Serialdev::Serial_Init(unsigned, SERIAL_Config, unsigned char, unsigned char)
    main.o(i._Z12SoftWareInitv) refers to app_power_ctrl.o(i._Z13power_ctrl_onh) for power_ctrl_on(unsigned char)
    main.o(i._Z12SoftWareInitv) refers to platform_systick.o(i.delay_xus) for delay_xus
    main.o(i._Z12SoftWareInitv) refers to protocol_dbus.o(i.remote_control_init) for remote_control_init
    main.o(i._Z12SoftWareInitv) refers to main.o(.data) for Message_Queue
    main.o(i._Z12SoftWareInitv) refers to dev_serial.o(.bss) for Serial3
    main.o(i.main) refers to main.o(i._Z12SoftWareInitv) for SoftWareInit()
    main.o(i.main) refers to start_task.o(i.startTast) for startTast
    main.o(i.main) refers to tasks.o(i.vTaskStartScheduler) for vTaskStartScheduler
    main.o(.ARM.exidx) refers to main.o(i._Z12SoftWareInitv) for i._Z12SoftWareInitv
    main.o(.ARM.exidx) refers to main.o(i.main) for i.main
    app_led.o(i._ZN7LEDctrl6ToggleE11Pin_TypeDef) refers to tasks.o(i.vTaskDelay) for vTaskDelay
    app_led.o(i._ZN7LEDctrl6ToggleE11Pin_TypeDef) refers to platform_io.o(.constdata) for PIN_MAP
    app_led.o(i._ZN7LEDctrl6ToggleEv) refers to tasks.o(i.vTaskDelay) for vTaskDelay
    app_led.o(i._ZN7LEDctrl6ToggleEv) refers to app_led.o(.constdata) for LED_Pins
    app_led.o(i._ZN7LEDctrl6ToggleEv) refers to platform_io.o(.constdata) for PIN_MAP
    app_led.o(i._ZN7LEDctrl7Turn_OnE11Pin_TypeDef) refers to platform_io.o(.constdata) for PIN_MAP
    app_led.o(i._ZN7LEDctrl7Turn_OnEv) refers to app_led.o(.constdata) for LED_Pins
    app_led.o(i._ZN7LEDctrl7Turn_OnEv) refers to platform_io.o(.constdata) for PIN_MAP
    app_led.o(i._ZN7LEDctrl8Turn_OffE11Pin_TypeDef) refers to platform_io.o(.constdata) for PIN_MAP
    app_led.o(i._ZN7LEDctrl8Turn_OffEv) refers to app_led.o(.constdata) for LED_Pins
    app_led.o(i._ZN7LEDctrl8Turn_OffEv) refers to platform_io.o(.constdata) for PIN_MAP
    app_led.o(i.__sti___11_app_led_cpp_LED) refers to drivers_led.o(i._ZN6LEDdevC1Ev) for LEDdev::LEDdev()
    app_led.o(i.__sti___11_app_led_cpp_LED) refers to app_led.o(.data) for LED
    app_led.o(.ARM.exidx) refers to app_led.o(i._ZN7LEDctrl7Turn_OnEv) for i._ZN7LEDctrl7Turn_OnEv
    app_led.o(.ARM.exidx) refers to app_led.o(i._ZN7LEDctrl7Turn_OnE11Pin_TypeDef) for i._ZN7LEDctrl7Turn_OnE11Pin_TypeDef
    app_led.o(.ARM.exidx) refers to app_led.o(i._ZN7LEDctrl8Turn_OffEv) for i._ZN7LEDctrl8Turn_OffEv
    app_led.o(.ARM.exidx) refers to app_led.o(i._ZN7LEDctrl8Turn_OffE11Pin_TypeDef) for i._ZN7LEDctrl8Turn_OffE11Pin_TypeDef
    app_led.o(.ARM.exidx) refers to app_led.o(i._ZN7LEDctrl6ToggleEv) for i._ZN7LEDctrl6ToggleEv
    app_led.o(.ARM.exidx) refers to app_led.o(i._ZN7LEDctrl6ToggleE11Pin_TypeDef) for i._ZN7LEDctrl6ToggleE11Pin_TypeDef
    app_led.o(.ARM.exidx) refers to app_led.o(i.__sti___11_app_led_cpp_LED) for i.__sti___11_app_led_cpp_LED
    app_led.o(.init_array) refers to app_led.o(i.__sti___11_app_led_cpp_LED) for __sti___11_app_led_cpp_LED
    app_led.o(.init_array) refers to init_aeabi.o(.text) for __cpp_initialize__aeabi_
    app_motor.o(i._Z12CAN_ALL_Initv) refers to drivers_can.o(i._ZN6CANdev9CANx_InitEv) for CANdev::CANx_Init()
    app_motor.o(i._Z12CAN_ALL_Initv) refers to dev_can.o(i._ZN7CANctrl15attachInterruptEPFvP8CanRxMsgE) for CANctrl::attachInterrupt(void(*)(CanRxMsg*))
    app_motor.o(i._Z12CAN_ALL_Initv) refers to dev_can.o(.bss) for CAN1_Ctrl
    app_motor.o(i._Z12CAN_ALL_Initv) refers to app_motor.o(i._Z9CAN1_HookP8CanRxMsg) for CAN1_Hook(CanRxMsg*)
    app_motor.o(i._Z12CAN_ALL_Initv) refers to app_motor.o(i._Z9CAN2_HookP8CanRxMsg) for CAN2_Hook(CanRxMsg*)
    app_motor.o(i._Z9CAN1_HookP8CanRxMsg) refers to queue.o(i.xQueueGenericSend) for xQueueGenericSend
    app_motor.o(i._Z9CAN1_HookP8CanRxMsg) refers to app_motor.o(.bss) for CAN_Cmd
    app_motor.o(i._Z9CAN1_HookP8CanRxMsg) refers to guard_task.o(.data) for Guard_ID
[...]
    DMA_Init                                 0x08001b05   Thumb Code    82  stm32f4xx_dma.o(i.DMA_Init)
    DMA_SetCurrDataCounter                   0x08001b5d   Thumb Code     4  stm32f4xx_dma.o(i.DMA_SetCurrDataCounter)
    DebugMon_Handler                         0x08001b61   Thumb Code     2  stm32f4xx_it.o(i.DebugMon_Handler)
    EXTI0_IRQHandler                         0x08001b65   Thumb Code    34  platform_exti.o(i.EXTI0_IRQHandler)
    EXTI15_10_IRQHandler                     0x08001b8d   Thumb Code   208  platform_exti.o(i.EXTI15_10_IRQHandler)
    EXTI1_IRQHandler                         0x08001c61   Thumb Code    34  platform_exti.o(i.EXTI1_IRQHandler)
    EXTI2_IRQHandler                         0x08001c89   Thumb Code    34  platform_exti.o(i.EXTI2_IRQHandler)
    EXTI3_IRQHandler                         0x08001cb1   Thumb Code    34  platform_exti.o(i.EXTI3_IRQHandler)
    EXTI4_IRQHandler                         0x08001cd9   Thumb Code    34  platform_exti.o(i.EXTI4_IRQHandler)
    EXTI9_5_IRQHandler                       0x08001d01   Thumb Code   162  platform_exti.o(i.EXTI9_5_IRQHandler)
    EXTI_ClearITPendingBit                   0x08001da9   Thumb Code     6  stm32f4xx_exti.o(i.EXTI_ClearITPendingBit)
    EXTI_GetITStatus                         0x08001db5   Thumb Code    20  stm32f4xx_exti.o(i.EXTI_GetITStatus)
    GPIO_GetPinNum                           0x08001dcd   Thumb Code    18  platform_io.o(i.GPIO_GetPinNum)
    GPIO_GetPinSource                        0x08001de5   Thumb Code    20  platform_io.o(i.GPIO_GetPinSource)
    GPIO_Init                                0x08001df9   Thumb Code   144  stm32f4xx_gpio.o(i.GPIO_Init)
    GPIO_PinAFConfig                         0x08001e89   Thumb Code    70  stm32f4xx_gpio.o(i.GPIO_PinAFConfig)
    GPIO_ResetBits                           0x08001ecf   Thumb Code     4  stm32f4xx_gpio.o(i.GPIO_ResetBits)
    GPIO_SetBits                             0x08001ed3   Thumb Code     4  stm32f4xx_gpio.o(i.GPIO_SetBits)
    GPIOx_Init                               0x08001ed9   Thumb Code   354  platform_io.o(i.GPIOx_Init)
    Guard_Scan_Time                          0x0800206d   Thumb Code    12  guard_task.o(i.Guard_Scan_Time)
    Guard_Task                               0x0800207d   Thumb Code    36  guard_task.o(i.Guard_Task)
    HardFault_Handler                        0x080020ad   Thumb Code     4  stm32f4xx_it.o(i.HardFault_Handler)
    IWDG_ReloadCounter                       0x080020b1   Thumb Code    10  stm32f4xx_iwdg.o(i.IWDG_ReloadCounter)
    MemManage_Handler                        0x080020c1   Thumb Code     4  stm32f4xx_it.o(i.MemManage_Handler)
    Message_Task                             0x080020c5   Thumb Code   110  message_task.o(i.Message_Task)
    NMI_Handler                              0x08002155   Thumb Code     2  stm32f4xx_it.o(i.NMI_Handler)
    NVIC_Init                                0x08002159   Thumb Code   106  misc.o(i.NVIC_Init)
    NVIC_PriorityGroupConfig                 0x080021d1   Thumb Code    10  misc.o(i.NVIC_PriorityGroupConfig)
    PWM_Init                                 0x080021e5   Thumb Code   258  platform_pwm.o(i.PWM_Init)
    RCC_AHB1PeriphClockCmd                   0x08002305   Thumb Code    26  stm32f4xx_rcc.o(i.RCC_AHB1PeriphClockCmd)
    RCC_APB1PeriphClockCmd                   0x08002325   Thumb Code    26  stm32f4xx_rcc.o(i.RCC_APB1PeriphClockCmd)
    RCC_APB1PeriphResetCmd                   0x08002345   Thumb Code    26  stm32f4xx_rcc.o(i.RCC_APB1PeriphResetCmd)
    RCC_APB2PeriphClockCmd                   0x08002365   Thumb Code    26  stm32f4xx_rcc.o(i.RCC_APB2PeriphClockCmd)
    RCC_APB2PeriphResetCmd                   0x08002385   Thumb Code    26  stm32f4xx_rcc.o(i.RCC_APB2PeriphResetCmd)
    RCC_GetClocksFreq                        0x080023a5   Thumb Code   214  stm32f4xx_rcc.o(i.RCC_GetClocksFreq)
    RC_Init                                  0x0800248d   Thumb Code   312  drivers_remote.o(i.RC_Init)
    RTOSsystem_Task                          0x080025d9   Thumb Code    24  rtossystem_task.o(i.RTOSsystem_Task)
    Start_Task                               0x08002715   Thumb Code   158  start_task.o(i.Start_Task)
    SysTick_CLKSourceConfig                  0x08002831   Thumb Code    40  misc.o(i.SysTick_CLKSourceConfig)
    SysTick_Handler                          0x08002859   Thumb Code    28  platform_systick.o(i.SysTick_Handler)
    SystemInit                               0x08002879   Thumb Code    88  system_stm32f4xx.o(i.SystemInit)
    TIM1_UP_TIM10_IRQHandler                 0x080028e1   Thumb Code    72  platform_timer.o(i.TIM1_UP_TIM10_IRQHandler)
    TIM2_IRQHandler                          0x08002935   Thumb Code    38  platform_timer.o(i.TIM2_IRQHandler)
    TIM3_IRQHandler                          0x08002961   Thumb Code    38  platform_timer.o(i.TIM3_IRQHandler)
    TIM4_IRQHandler                          0x08002991   Thumb Code    38  platform_timer.o(i.TIM4_IRQHandler)
    TIM5_IRQHandler                          0x080029c1   Thumb Code    38  platform_timer.o(i.TIM5_IRQHandler)
    TIM6_DAC_IRQHandler                      0x080029f1   Thumb Code    38  platform_timer.o(i.TIM6_DAC_IRQHandler)
    TIM7_IRQHandler                          0x08002a21   Thumb Code    38  platform_timer.o(i.TIM7_IRQHandler)
    TIM8_UP_TIM13_IRQHandler                 0x08002a51   Thumb Code    72  platform_timer.o(i.TIM8_UP_TIM13_IRQHandler)
    TIM_ClearITPendingBit                    0x08002aa5   Thumb Code     6  stm32f4xx_tim.o(i.TIM_ClearITPendingBit)
    TIM_Cmd                                  0x08002aab   Thumb Code    24  stm32f4xx_tim.o(i.TIM_Cmd)
    TIM_CtrlPWMOutputs                       0x08002ac3   Thumb Code    30  stm32f4xx_tim.o(i.TIM_CtrlPWMOutputs)
    TIM_GetGPIO_AF                           0x08002ae1   Thumb Code   248  platform_pwm.o(i.TIM_GetGPIO_AF)
    TIM_GetITStatus                          0x08002c11   Thumb Code    34  stm32f4xx_tim.o(i.TIM_GetITStatus)
    TIM_OC1Init                              0x08002c35   Thumb Code   114  stm32f4xx_tim.o(i.TIM_OC1Init)
    TIM_OC1PreloadConfig                     0x08002cb1   Thumb Code    18  stm32f4xx_tim.o(i.TIM_OC1PreloadConfig)
    TIM_OC2Init                              0x08002cc5   Thumb Code   154  stm32f4xx_tim.o(i.TIM_OC2Init)
    TIM_OC2PreloadConfig                     0x08002d69   Thumb Code    26  stm32f4xx_tim.o(i.TIM_OC2PreloadConfig)
    TIM_OC3Init                              0x08002d85   Thumb Code   150  stm32f4xx_tim.o(i.TIM_OC3Init)
    TIM_OC3PreloadConfig                     0x08002e25   Thumb Code    18  stm32f4xx_tim.o(i.TIM_OC3PreloadConfig)
    TIM_OC4Init                              0x08002e39   Thumb Code   112  stm32f4xx_tim.o(i.TIM_OC4Init)
    TIM_OC4PreloadConfig                     0x08002eb1   Thumb Code    26  stm32f4xx_tim.o(i.TIM_OC4PreloadConfig)
    TIM_TimeBaseInit                         0x08002ecd   Thumb Code   104  stm32f4xx_tim.o(i.TIM_TimeBaseInit)
    TIMx_OCxInit                             0x08002f51   Thumb Code   292  platform_pwm.o(i.TIMx_OCxInit)
    Timer_ClockCmd                           0x080030a9   Thumb Code   236  platform_timer.o(i.Timer_ClockCmd)
    UART7_IRQHandler                         0x080031c9   Thumb Code    16  dev_serial.o(i.UART7_IRQHandler)
    USART1_IRQHandler                        0x080031e1   Thumb Code   272  protocol_dbus.o(i.USART1_IRQHandler)
    USART3_IRQHandler                        0x08003311   Thumb Code    16  dev_serial.o(i.USART3_IRQHandler)
    USART6_IRQHandler                        0x08003329   Thumb Code    16  dev_serial.o(i.USART6_IRQHandler)
    USART_ClearFlag                          0x08003341   Thumb Code    18  stm32f4xx_usart.o(i.USART_ClearFlag)
    USART_ClearITPendingBit                  0x08003353   Thumb Code    30  stm32f4xx_usart.o(i.USART_ClearITPendingBit)
    USART_Cmd                                0x08003371   Thumb Code    24  stm32f4xx_usart.o(i.USART_Cmd)
    USART_DMACmd                             0x08003389   Thumb Code    18  stm32f4xx_usart.o(i.USART_DMACmd)
    USART_DeInit                             0x0800339d   Thumb Code   206  stm32f4xx_usart.o(i.USART_DeInit)
    USART_GetITStatus                        0x0800348d   Thumb Code    84  stm32f4xx_usart.o(i.USART_GetITStatus)
    USART_ITConfig                           0x080034e1   Thumb Code    74  stm32f4xx_usart.o(i.USART_ITConfig)
    USART_Init                               0x0800352d   Thumb Code   204  stm32f4xx_usart.o(i.USART_Init)
    USART_ReceiveData                        0x08003601   Thumb Code    10  stm32f4xx_usart.o(i.USART_ReceiveData)
    UsageFault_Handler                       0x0800360b   Thumb Code     4  stm32f4xx_it.o(i.UsageFault_Handler)
    Error_Send()                             0x08003611   Thumb Code    18  guard_task.o(i._Z10Error_Sendv)
    Guard_Feed(Guard_ID_t*)                  0x0800362d   Thumb Code    44  guard_task.o(i._Z10Guard_FeedP10Guard_ID_t)
    Usart6_hook()                            0x08003739   Thumb Code   120  message_task.o(i._Z11Usart6_hookv)
    usart8_init()                            0x080037d1   Thumb Code   282  protocol_judgement.o(i._Z11usart8_initv)
    CAN_ALL_Init()                           0x080038fd   Thumb Code    32  app_motor.o(i._Z12CAN_ALL_Initv)
    Guard_Return()                           0x0800392d   Thumb Code     2  guard_task.o(i._Z12Guard_Returnv)
    SoftWareInit()                           0x08003931   Thumb Code   142  main.o(i._Z12SoftWareInitv)
    System_Reset()                           0x080039d9   Thumb Code    20  guard_task.o(i._Z12System_Resetv)
    rc_key_v_set()                           0x080039f5   Thumb Code   564  message_task.o(i._Z12rc_key_v_setv)
    power_ctrl_on(unsigned char)             0x08003c3d   Thumb Code    26  app_power_ctrl.o(i._Z13power_ctrl_onh)
    read_key_even(count_num_key*, bool*)     0x08003c5d   Thumb Code    34  message_task.o(i._Z13read_key_evenP13count_num_keyPb)
    sum_key_count(short, count_num_key*)     0x08003c7f   Thumb Code    32  message_task.o(i._Z13sum_key_countsP13count_num_key)
    fp32_constrain(float, float, float)      0x08003c9f   Thumb Code    42  algorithm_user_lib.o(i._Z14fp32_constrainfff)
    power_ctrl_off(unsigned char)            0x08003cc9   Thumb Code    26  app_power_ctrl.o(i._Z14power_ctrl_offh)
    read_key_count(count_num_key*)           0x08003ce9   Thumb Code    28  message_task.o(i._Z14read_key_countP13count_num_key)
    read_key_single(count_num_key*, bool*)   0x08003d05   Thumb Code    36  message_task.o(i._Z15read_key_singleP13count_num_keyPb)
    get_yaw_motor_point()                    0x08003d29   Thumb Code     4  message_task.o(i._Z19get_yaw_motor_pointv)
    first_order_filter_cali(first_order_filter_type_t*, float) 0x08003d31   Thumb Code    84  algorithm_user_lib.o(i._Z23first_order_filter_caliP25first_order_filter_type_tf)
    first_order_filter_init(first_order_filter_type_t*, float, const float*) 0x08003d85   Thumb Code    32  algorithm_user_lib.o(i._Z23first_order_filter_initP25first_order_filter_type_tfPKf)
    power_ctrl_configuration()               0x08003da9   Thumb Code    54  app_power_ctrl.o(i._Z24power_ctrl_configurationv)
    pinMode(unsigned char, pinMode_TypeDef)  0x08003de1   Thumb Code    88  dev_system.o(i._Z7pinModeh15pinMode_TypeDef)
    PID_Calc(PidTypeDef*, float, float, unsigned char) 0x08003e3d   Thumb Code   504  algorithm_pid.o(i._Z8PID_CalcP10PidTypeDefffh)
    PID_Init(PidTypeDef*, unsigned char, const float*, float, float) 0x08004039   Thumb Code    92  algorithm_pid.o(i._Z8PID_InitP10PidTypeDefhPKfff)
    IWDG_Feed()                              0x08004239   Thumb Code     8  guard_task.o(i._Z9IWDG_Feedv)
    Guard_Ctrl::Guard_Init(Guard_ID_t, Guard_ID_t*, unsigned, void(*)()) 0x08004241   Thumb Code    66  guard_task.o(i._ZN10Guard_Ctrl10Guard_InitE10Guard_ID_tPS0_jPFvvE)
    Guard_Ctrl::Guard_Scan()                 0x08004289   Thumb Code   120  guard_task.o(i._ZN10Guard_Ctrl10Guard_ScanEv)
    Guard_Ctrl::Guard_Start()                0x08004301   Thumb Code   166  guard_task.o(i._ZN10Guard_Ctrl11Guard_StartEv)
    Serialctrl::IRQHandler()                 0x080043b5   Thumb Code    56  dev_serial.o(i._ZN10Serialctrl10IRQHandlerEv)
    Serialctrl::Hook()                       0x080043ed   Thumb Code   134  dev_serial.o(i._ZN10Serialctrl4HookEv)
    Serialctrl::read()                       0x0800447d   Thumb Code    26  dev_serial.o(i._ZN10Serialctrl4readEv)
    Serialctrl::Serialctrl(USART_TypeDef*, unsigned, unsigned char, unsigned char) 0x08004497   Thumb Code    56  dev_serial.o(i._ZN10SerialctrlC1EP13USART_TypeDefjhh)
    Serialctrl::Serialctrl__sub_object(USART_TypeDef*, unsigned, unsigned char, unsigned char) 0x08004497   Thumb Code     0  dev_serial.o(i._ZN10SerialctrlC1EP13USART_TypeDefjhh)
    Chassis_Ctrl::Chassis_Init()             0x080044d1   Thumb Code   210  chassis_task.o(i._ZN12Chassis_Ctrl12Chassis_InitEv)
    Chassis_Ctrl::Feedback_Update()          0x080045d1   Thumb Code   244  chassis_task.o(i._ZN12Chassis_Ctrl15Feedback_UpdateEv)
    Chassis_Ctrl::chassis_control_loop()     0x080046d5   Thumb Code   136  chassis_task.o(i._ZN12Chassis_Ctrl20chassis_control_loopEv)
    Chassis_Ctrl::motor_angle_to_set_change(unsigned short, unsigned short) 0x08004765   Thumb Code    38  chassis_task.o(i._ZN12Chassis_Ctrl25motor_angle_to_set_changeEtt)
    Chassis_Ctrl::chassis_behaviour_mode_set() 0x0800478d   Thumb Code   680  chassis_task.o(i._ZN12Chassis_Ctrl26chassis_behaviour_mode_setEv)
    Chassis_Ctrl::chassis_rc_to_control_vector(float*, float*) 0x08004a51   Thumb Code   624  chassis_task.o(i._ZN12Chassis_Ctrl28chassis_rc_to_control_vectorEPfS0_)
    Chassis_Ctrl::chassis_behaviour_control_set(float*, float*, float*) 0x08004cdd   Thumb Code   268  chassis_task.o(i._ZN12Chassis_Ctrl29chassis_behaviour_control_setEPfS0_S0_)
    Chassis_Ctrl::chassis_vector_to_wheel_speed(float*, float*, float*) 0x08004dfd   Thumb Code   104  chassis_task.o(i._ZN12Chassis_Ctrl29chassis_vector_to_wheel_speedEPfS0_S0_)
    Chassis_Ctrl::Control()                  0x08004e6d   Thumb Code   542  chassis_task.o(i._ZN12Chassis_Ctrl7ControlEv)
    Usart_Data_t::Usart_Data_t(unsigned char, unsigned char, unsigned char) 0x08005099   Thumb Code     8  message_task.o(i._ZN12Usart_Data_tC1Ehhh)
    Usart_Data_t::Usart_Data_t__sub_object(unsigned char, unsigned char, unsigned char) 0x08005099   Thumb Code     0  message_task.o(i._ZN12Usart_Data_tC1Ehhh)
    Buffer::Buffer_Read(RingBuffer*, unsigned char*) 0x080050a1   Thumb Code    66  drivers_buffer.o(i._ZN6Buffer11Buffer_ReadEP10RingBufferPh)
    Buffer::Buffer_Write(RingBuffer*, unsigned char) 0x080050e3   Thumb Code    56  drivers_buffer.o(i._ZN6Buffer12Buffer_WriteEP10RingBufferh)
    Buffer::newBuffer(RingBuffer*, unsigned short) 0x0800511b   Thumb Code    52  drivers_buffer.o(i._ZN6Buffer9newBufferEP10RingBuffert)
    CANdev::CANx_Init(unsigned char, unsigned char) 0x08005151   Thumb Code   328  drivers_can.o(i._ZN6CANdev9CANx_InitEhh)
    CANdev::CANx_Init()                      0x080052a5   Thumb Code    16  drivers_can.o(i._ZN6CANdev9CANx_InitEv)
    CANdev::CANdev(CAN_TypeDef*)             0x080052b5   Thumb Code     8  drivers_can.o(i._ZN6CANdevC1EP11CAN_TypeDef)
    CANdev::CANdev__sub_object(CAN_TypeDef*) 0x080052b5   Thumb Code     0  drivers_can.o(i._ZN6CANdevC1EP11CAN_TypeDef)
    DMAdev::IRQHandler()                     0x080052bd   Thumb Code    50  drivers_dma.o(i._ZN6DMAdev10IRQHandlerEv)
    DMAdev::DMAdev(DMA_Stream_TypeDef*, unsigned) 0x080052ef   Thumb Code     6  drivers_dma.o(i._ZN6DMAdevC1EP18DMA_Stream_TypeDefj)
    DMAdev::DMAdev__sub_object(DMA_Stream_TypeDef*, unsigned) 0x080052ef   Thumb Code     0  drivers_dma.o(i._ZN6DMAdevC1EP18DMA_Stream_TypeDefj)
    LEDdev::LED_Init()                       0x080052f5   Thumb Code    52  drivers_led.o(i._ZN6LEDdev8LED_InitEv)
    LEDdev::LEDdev()                         0x0800532d   Thumb Code     6  drivers_led.o(i._ZN6LEDdevC1Ev)
    LEDdev::LEDdev__sub_object()             0x0800532d   Thumb Code     0  drivers_led.o(i._ZN6LEDdevC1Ev)
    CANctrl::IRQHandler()                    0x08005335   Thumb Code    56  dev_can.o(i._ZN7CANctrl10IRQHandlerEv)
    CANctrl::attachInterrupt(void(*)(CanRxMsg*)) 0x08005379   Thumb Code     4  dev_can.o(i._ZN7CANctrl15attachInterruptEPFvP8CanRxMsgE)
    CANctrl::Hook(CanRxMsg*)                 0x0800537d   Thumb Code    18  dev_can.o(i._ZN7CANctrl4HookEP8CanRxMsg)
    CANctrl::SendData(short, short, short, short) 0x0800538f   Thumb Code    94  dev_can.o(i._ZN7CANctrl8SendDataEssss)
    CANctrl::CANctrl(CAN_TypeDef*, unsigned) 0x080053ed   Thumb Code    24  dev_can.o(i._ZN7CANctrlC1EP11CAN_TypeDefj)
    CANctrl::CANctrl__sub_object(CAN_TypeDef*, unsigned) 0x080053ed   Thumb Code     0  dev_can.o(i._ZN7CANctrlC1EP11CAN_TypeDefj)
    LEDctrl::Toggle()                        0x08005405   Thumb Code    66  app_led.o(i._ZN7LEDctrl6ToggleEv)
    Serialdev::Serial_Init(unsigned)         0x08005451   Thumb Code    24  drivers_serial.o(i._ZN9Serialdev11Serial_InitEj)
    Serialdev::Serial_Init(unsigned, SERIAL_Config, unsigned char, unsigned char) 0x08005469   Thumb Code   340  drivers_serial.o(i._ZN9Serialdev11Serial_InitEj13SERIAL_Confighh)
    Serialdev::Serial_Init(unsigned, unsigned char, unsigned char) 0x080055d9   Thumb Code    26  drivers_serial.o(i._ZN9Serialdev11Serial_InitEjhh)
    Serialdev::Serialdev(USART_TypeDef*, unsigned) 0x080055f3   Thumb Code    36  drivers_serial.o(i._ZN9SerialdevC1EP13USART_TypeDefj)
    Serialdev::Serialdev__sub_object(USART_TypeDef*, unsigned) 0x080055f3   Thumb Code     0  drivers_serial.o(i._ZN9SerialdevC1EP13USART_TypeDefj)
    Serialdev::Serialdev(USART_TypeDef*, unsigned, unsigned short) 0x08005617   Thumb Code   100  drivers_serial.o(i._ZN9SerialdevC1EP13USART_TypeDefjt)
    Serialdev::Serialdev__sub_object(USART_TypeDef*, unsigned, unsigned short) 0x08005617   Thumb Code     0  drivers_serial.o(i._ZN9SerialdevC1EP13USART_TypeDefjt)
    operator new(unsigned)                   0x0800567d   Thumb Code    34  new.o(i._Znwj)
    _sys_close                               0x080058a9   Thumb Code    38  retarget_io.o(i._sys_close)
    _sys_exit                                0x080058d1   Thumb Code    14  drivers_serial.o(i._sys_exit)
    _sys_flen                                0x080058fd   Thumb Code    36  retarget_io.o(i._sys_flen)
    _sys_istty                               0x08005921   Thumb Code    36  retarget_io.o(i._sys_istty)
    _sys_open                                0x08005945   Thumb Code    80  retarget_io.o(i._sys_open)
    _sys_seek                                0x080059ad   Thumb Code    44  retarget_io.o(i._sys_seek)
    _sys_write                               0x080059d9   Thumb Code    70  retarget_io.o(i._sys_write)
    _ttywrch                                 0x08005a1f   Thumb Code     4  retarget_io.o(i._ttywrch)
    delay_init                               0x08005a25   Thumb Code    90  platform_systick.o(i.delay_init)
    delay_xus                                0x08005a91   Thumb Code    76  platform_systick.o(i.delay_xus)
    fputc                                    0x08005ae1   Thumb Code    22  drivers_serial.o(i.fputc)
    get_remote_control_point                 0x08005afd   Thumb Code     4  protocol_dbus.o(i.get_remote_control_point)
    main                                     0x08005b05   Thumb Code    16  main.o(i.main)
    pvPortMalloc                             0x0800658d   Thumb Code   296  heap_4.o(i.pvPortMalloc)
    pvTaskIncrementMutexHeldCount            0x080066c9   Thumb Code    26  tasks.o(i.pvTaskIncrementMutexHeldCount)
    pxPortInitialiseStack                    0x080066e9   Thumb Code    38  port.o(i.pxPortInitialiseStack)
    remote_control_init                      0x08006715   Thumb Code    16  protocol_dbus.o(i.remote_control_init)
    startTast                                0x08006729   Thumb Code    24  start_task.o(i.startTast)
    uxListRemove                             0x08006759   Thumb Code    40  list.o(i.uxListRemove)
    vListInitialise                          0x08006781   Thumb Code    26  list.o(i.vListInitialise)
    vListInitialiseItem                      0x0800679b   Thumb Code     6  list.o(i.vListInitialiseItem)
    vListInsert                              0x080067a1   Thumb Code    52  list.o(i.vListInsert)
    vListInsertEnd                           0x080067d5   Thumb Code    24  list.o(i.vListInsertEnd)
    vPortEnterCritical                       0x080067ed   Thumb Code    76  port.o(i.vPortEnterCritical)
    vPortExitCritical                        0x08006841   Thumb Code    56  port.o(i.vPortExitCritical)
    vPortFree                                0x0800687d   Thumb Code   140  heap_4.o(i.vPortFree)
    vPortValidateInterruptPriority           0x08006911   Thumb Code   106  port.o(i.vPortValidateInterruptPriority)
    vQueueAddToRegistry                      0x08006989   Thumb Code    38  queue.o(i.vQueueAddToRegistry)
    vQueueWaitForMessageRestricted           0x080069b5   Thumb Code    74  queue.o(i.vQueueWaitForMessageRestricted)
    vTaskDelay                               0x08006a01   Thumb Code    82  tasks.o(i.vTaskDelay)
    vTaskDelete                              0x08006a5d   Thumb Code   202  tasks.o(i.vTaskDelete)
    vTaskMissedYield                         0x08006b51   Thumb Code     8  tasks.o(i.vTaskMissedYield)
    vTaskPlaceOnEventList                    0x08006b5d   Thumb Code    52  tasks.o(i.vTaskPlaceOnEventList)
    vTaskPlaceOnEventListRestricted          0x08006b95   Thumb Code    60  tasks.o(i.vTaskPlaceOnEventListRestricted)
    vTaskPriorityInherit                     0x08006bd5   Thumb Code   164  tasks.o(i.vTaskPriorityInherit)
    vTaskSetTimeOutState                     0x08006c85   Thumb Code    38  tasks.o(i.vTaskSetTimeOutState)
    vTaskStartScheduler                      0x08006cb5   Thumb Code   118  tasks.o(i.vTaskStartScheduler)
    vTaskSuspendAll                          0x08006d49   Thumb Code    12  tasks.o(i.vTaskSuspendAll)
    vTaskSwitchContext                       0x08006d59   Thumb Code   118  tasks.o(i.vTaskSwitchContext)
    xPortStartScheduler                      0x08006de5   Thumb Code   284  port.o(i.xPortStartScheduler)
    xPortSysTickHandler                      0x08006f1d   Thumb Code    46  port.o(i.xPortSysTickHandler)
    xQueueGenericCreate                      0x08006f51   Thumb Code    88  queue.o(i.xQueueGenericCreate)
    xQueueGenericReceive                     0x08006fa9   Thumb Code   446  queue.o(i.xQueueGenericReceive)
    xQueueGenericReset                       0x0800716d   Thumb Code   146  queue.o(i.xQueueGenericReset)
    xQueueGenericSend                        0x08007205   Thumb Code   452  queue.o(i.xQueueGenericSend)
    xQueueGenericSendFromISR                 0x080073cd   Thumb Code   298  queue.o(i.xQueueGenericSendFromISR)
    xTaskCheckForTimeOut                     0x080074f9   Thumb Code   132  tasks.o(i.xTaskCheckForTimeOut)
    xTaskCreate                              0x08007585   Thumb Code    96  tasks.o(i.xTaskCreate)
    xTaskGetSchedulerState                   0x080075e5   Thumb Code    24  tasks.o(i.xTaskGetSchedulerState)
    xTaskGetTickCount                        0x08007605   Thumb Code     6  tasks.o(i.xTaskGetTickCount)
    xTaskIncrementTick                       0x08007611   Thumb Code   282  tasks.o(i.xTaskIncrementTick)
    xTaskPriorityDisinherit                  0x08007759   Thumb Code   188  tasks.o(i.xTaskPriorityDisinherit)
    xTaskRemoveFromEventList                 0x08007821   Thumb Code   128  tasks.o(i.xTaskRemoveFromEventList)
    xTaskResumeAll                           0x080078b9   Thumb Code   224  tasks.o(i.xTaskResumeAll)
    xTimerCreate                             0x080079bd   Thumb Code    48  timers.o(i.xTimerCreate)
    xTimerCreateTimerTask                    0x080079ed   Thumb Code    64  timers.o(i.xTimerCreateTimerTask)
    xTimerGenericCommand                     0x08007a41   Thumb Code   126  timers.o(i.xTimerGenericCommand)
    _fp_init                                 0x08007ac5   Thumb Code    10  fpinit.o(x$fpl$fpinit)
    __fplib_config_fpu_vfp                   0x08007acd   Thumb Code     0  fpinit.o(x$fpl$fpinit)
    __fplib_config_pureend_doubles           0x08007acd   Thumb Code     0  fpinit.o(x$fpl$fpinit)
    PIN_MAP                                  0x08007afc   Data        2816  platform_io.o(.constdata)
    __stdin_name                             0x08008604   Data           7  retarget_io.o(.constdata)
    __stdout_name                            0x0800860b   Data           8  retarget_io.o(.constdata)
    __stderr_name                            0x08008613   Data           8  retarget_io.o(.constdata)
    sinTable_f32                             0x0800861c   Data        2052  arm_common_tables.o(.constdata)
    Region$$Table$$Base                      0x08008e20   Number         0  anon$$obj.o(Region$$Table)
    Region$$Table$$Limit                     0x08008e40   Number         0  anon$$obj.o(Region$$Table)
    SHT$$INIT_ARRAY$$Base                    0x08008e40   Number         0  app_led.o(.init_array)
    SHT$$INIT_ARRAY$$Limit                   0x08008e5c   Number         0  init_aeabi.o(.init_array)
    Message_Queue                            0x20000000   Data           4  main.o(.data)
    Guard_Queue                              0x20000004   Data           4  main.o(.data)
    Error_Queue                              0x20000008   Data           4  main.o(.data)
    LED                                      0x2000000c   Data           1  app_led.o(.data)
    RTOSsystem_Handler                       0x20000014   Data           4  start_task.o(.data)
    ChassisTask_Handler                      0x20000018   Data           4  start_task.o(.data)
    MessageTask_Handler                      0x2000001c   Data           4  start_task.o(.data)
    UIDrawTask_Handler                       0x20000020   Data           4  start_task.o(.data)
    GuardTask_Handler                        0x20000024   Data           4  start_task.o(.data)
    CorrespondenceTask_Handler               0x20000028   Data           4  start_task.o(.data)
    Guard_Scan                               0x2000002c   Data           4  start_task.o(.data)
    last_key                                 0x20000030   Data           2  chassis_task.o(.data)
    UIsend                                   0x20000032   Data           1  chassis_task.o(.data)
    Speed_Gear                               0x20000033   Data           1  chassis_task.o(.data)
    Chassis_Queue                            0x20000034   Data           4  chassis_task.o(.data)
    ecd_data                                 0x20000038   Data           2  message_task.o(.data)
    int_data                                 0x2000003a   Data           2  message_task.o(.data)
    float_data                               0x2000003c   Data           8  message_task.o(.data)
    Message                                  0x20000044   Data           4  message_task.o(.data)
    Message_ID                               0x20000048   Data           1  message_task.o(.data)
    Press                                    0x20000049   Data           6  message_task.o(.data)
    Guard_ID                                 0x2000004f   Data           1  guard_task.o(.data)
    Error_Flag                               0x20000050   Data           3  guard_task.o(.data)
    pxCurrentTCB                             0x20000058   Data           4  tasks.o(.data)
    SysTickMillis                            0x200000d0   Data           4  platform_systick.o(.data)
    SystemCoreClock                          0x20000100   Data           4  system_stm32f4xx.o(.data)
    AHBPrescTable                            0x20000104   Data          16  system_stm32f4xx.o(.data)
    __aeabi_stdin                            0x20000114   Data           4  stdio_streams.o(.data)
    __aeabi_stdout                           0x20000118   Data           4  stdio_streams.o(.data)
    __aeabi_stderr                           0x2000011c   Data           4  stdio_streams.o(.data)
    CAN_Cmd                                  0x20000120   Data         124  app_motor.o(.bss)
    Chassis                                  0x2000019c   Data         712  chassis_task.o(.bss)
    Usart3                                   0x20000464   Data          14  message_task.o(.bss)
    Usart6                                   0x20000472   Data          14  message_task.o(.bss)
    Usart7                                   0x20000480   Data          14  message_task.o(.bss)
    Usart8                                   0x2000048e   Data          14  message_task.o(.bss)
    Message_Data                             0x2000049c   Data          12  message_task.o(.bss)
    Gimbal                                   0x200004a8   Data          12  message_task.o(.bss)
    Key                                      0x200004b4   Data          48  message_task.o(.bss)
    Guard                                    0x200004e4   Data         164  guard_task.o(.bss)
    CAN1_Ctrl                                0x20000588   Data          12  dev_can.o(.bss)
    CAN2_Ctrl                                0x20000594   Data          12  dev_can.o(.bss)
    Serial3                                  0x200005b4   Data          40  dev_serial.o(.bss)
    Serial6                                  0x200005dc   Data          40  dev_serial.o(.bss)
    Serial7                                  0x20000604   Data          40  dev_serial.o(.bss)
    Serial8                                  0x2000062c   Data          40  dev_serial.o(.bss)
    rc_ctrl                                  0x20000654   Data          22  protocol_dbus.o(.bss)
    USART8_TX_BUF                            0x200007cc   Data         512  protocol_judgement.o(.bss)
    rx8_buf                                  0x200009cc   Data        1000  protocol_judgement.o(.bss)
    xQueueRegistry                           0x20000db4   Data          64  queue.o(.bss)
    usart3_TxDMA                             0x20021178   Data          24  drivers_dma.o(.bss)
    usart3_RxDMA                             0x20021190   Data          24  drivers_dma.o(.bss)
    usart6_TxDMA                             0x200211a8   Data          24  drivers_dma.o(.bss)
    usart6_RxDMA                             0x200211c0   Data          24  drivers_dma.o(.bss)
    usart7_TxDMA                             0x200211d8   Data          24  drivers_dma.o(.bss)
    usart7_RxDMA                             0x200211f0   Data          24  drivers_dma.o(.bss)
    usart8_TxDMA                             0x20021208   Data          24  drivers_dma.o(.bss)
    usart8_RxDMA                             0x20021220   Data          24  drivers_dma.o(.bss)
    __stdin                                  0x20021238   Data          84  stdio_streams.o(.bss)
    __stdout                                 0x2002128c   Data          84  stdio_streams.o(.bss)
    __stderr                                 0x200212e0   Data          84  stdio_streams.o(.bss)
    __libspace_start                         0x20021334   Data          96  libspace.o(.bss)
    __temporary_stack_top$libspace           0x20021394   Data           0  libspace.o(.bss)



==============================================================================

Memory Map of the image

  Image Entry point : 0x080001ad

  Load Region LR_IROM1 (Base: 0x08000000, Size: 0x00008f7c, Max: 0x00200000, ABSOLUTE)

    Execution Region ER_IROM1 (Exec base: 0x08000000, Load base: 0x08000000, Size: 0x00008e5c, Max: 0x00200000, ABSOLUTE)

    Exec Addr    Load Addr    Size         Type   Attr      Idx    E Section Name        Object

    0x08000000   0x08000000   0x000001ac   Data   RO         5834    RESET               startup_stm32f427xx.o
    0x080001ac   0x080001ac   0x00000008   Code   RO         6200  * !!!main             c_w.l(__main.o)
    0x080001b4   0x080001b4   0x00000034   Code   RO         6669    !!!scatter          c_w.l(__scatter.o)
    0x080001e8   0x080001e8   0x0000001a   Code   RO         6671    !!handler_copy      c_w.l(__scatter_copy.o)
    0x08000202   0x08000202   0x00000002   PAD
    0x08000204   0x08000204   0x0000001c   Code   RO         6673    !!handler_zi        c_w.l(__scatter_zi.o)
    0x08000220   0x08000220   0x00000000   Code   RO         6181    .ARM.Collect$$_printf_percent$$00000000  c_w.l(_printf_percent.o)
    0x08000220   0x08000220   0x00000006   Code   RO         6179    .ARM.Collect$$_printf_percent$$00000009  c_w.l(_printf_d.o)
    0x08000226   0x08000226   0x00000004   Code   RO         6263    .ARM.Collect$$_printf_percent$$00000017  c_w.l(_printf_percent_end.o)
    0x0800022a   0x0800022a   0x00000002   Code   RO         6562    .ARM.Collect$$libinit$$00000000  c_w.l(libinit.o)
    0x0800022c   0x0800022c   0x00000004   Code   RO         6278    .ARM.Collect$$libinit$$00000001  c_w.l(libinit2.o)
    0x08000230   0x08000230   0x00000000   Code   RO         6281    .ARM.Collect$$libinit$$00000004  c_w.l(libinit2.o)
    0x08000230   0x08000230   0x00000008   Code   RO         6282    .ARM.Collect$$libinit$$00000005  c_w.l(libinit2.o)
    0x08000238   0x08000238   0x00000000   Code   RO         6284    .ARM.Collect$$libinit$$0000000A  c_w.l(libinit2.o)
    0x08000238   0x08000238   0x00000000   Code   RO         6286    .ARM.Collect$$libinit$$0000000C  c_w.l(libinit2.o)
    0x08000238   0x08000238   0x00000000   Code   RO         6288    .ARM.Collect$$libinit$$0000000E  c_w.l(libinit2.o)
    0x08000238   0x08000238   0x00000000   Code   RO         6291    .ARM.Collect$$libinit$$00000011  c_w.l(libinit2.o)
    0x08000238   0x08000238   0x00000000   Code   RO         6293    .ARM.Collect$$libinit$$00000013  c_w.l(libinit2.o)
    0x08000238   0x08000238   0x00000000   Code   RO         6295    .ARM.Collect$$libinit$$00000015  c_w.l(libinit2.o)
    0x08000238   0x08000238   0x00000000   Code   RO         6297    .ARM.Collect$$libinit$$00000017  c_w.l(libinit2.o)
    0x08000238   0x08000238   0x00000000   Code   RO         6299    .ARM.Collect$$libinit$$00000019  c_w.l(libinit2.o)
    0x08000238   0x08000238   0x00000000   Code   RO         6301    .ARM.Collect$$libinit$$0000001B  c_w.l(libinit2.o)
    0x08000238   0x08000238   0x00000000   Code   RO         6303    .ARM.Collect$$libinit$$0000001D  c_w.l(libinit2.o)
    0x08000238   0x08000238   0x00000000   Code   RO         6305    .ARM.Collect$$libinit$$0000001F  c_w.l(libinit2.o)
    0x08000238   0x08000238   0x00000000   Code   RO         6307    .ARM.Collect$$libinit$$00000021  c_w.l(libinit2.o)
    0x08000238   0x08000238   0x00000000   Code   RO         6309    .ARM.Collect$$libinit$$00000023  c_w.l(libinit2.o)
    0x08000238   0x08000238   0x00000004   Code   RO         6310    .ARM.Collect$$libinit$$00000024  c_w.l(libinit2.o)
    0x0800023c   0x0800023c   0x00000000   Code   RO         6311    .ARM.Collect$$libinit$$00000025  c_w.l(libinit2.o)
    0x0800023c   0x0800023c   0x00000000   Code   RO         6315    .ARM.Collect$$libinit$$0000002C  c_w.l(libinit2.o)
    0x0800023c   0x0800023c   0x00000000   Code   RO         6317    .ARM.Collect$$libinit$$0000002E  c_w.l(libinit2.o)
    0x0800023c   0x0800023c   0x00000000   Code   RO         6319    .ARM.Collect$$libinit$$00000030  c_w.l(libinit2.o)
    0x0800023c   0x0800023c   0x00000004   Code   RO         6320    .ARM.Collect$$libinit$$00000031  c_w.l(libinit2.o)
    0x08000240   0x08000240   0x00000000   Code   RO         6321    .ARM.Collect$$libinit$$00000032  c_w.l(libinit2.o)
    0x08000240   0x08000240   0x00000002   Code   RO         6322    .ARM.Collect$$libinit$$00000033  c_w.l(libinit2.o)
    0x08000242   0x08000242   0x00000002   Code   RO         6666    .ARM.Collect$$libshutdown$$00000000  c_w.l(libshutdown.o)
    0x08000244   0x08000244   0x00000000   Code   RO         6564    .ARM.Collect$$libshutdown$$00000002  c_w.l(libshutdown2.o)
    0x08000244   0x08000244   0x00000000   Code   RO         6566    .ARM.Collect$$libshutdown$$00000004  c_w.l(libshutdown2.o)
    0x08000244   0x08000244   0x00000004   Code   RO         6567    .ARM.Collect$$libshutdown$$00000005  c_w.l(libshutdown2.o)
    0x08000248   0x08000248   0x00000000   Code   RO         6568    .ARM.Collect$$libshutdown$$00000006  c_w.l(libshutdown2.o)
    0x08000248   0x08000248   0x00000000   Code   RO         6571    .ARM.Collect$$libshutdown$$00000009  c_w.l(libshutdown2.o)
    0x08000248   0x08000248   0x00000000   Code   RO         6574    .ARM.Collect$$libshutdown$$0000000C  c_w.l(libshutdown2.o)
    0x08000248   0x08000248   0x00000000   Code   RO         6576    .ARM.Collect$$libshutdown$$0000000E  c_w.l(libshutdown2.o)
    0x08000248   0x08000248   0x00000000   Code   RO         6579    .ARM.Collect$$libshutdown$$00000011  c_w.l(libshutdown2.o)
    0x08000248   0x08000248   0x00000002   Code   RO         6580    .ARM.Collect$$libshutdown$$00000012  c_w.l(libshutdown2.o)
    0x0800024a   0x0800024a   0x00000000   Code   RO         6216    .ARM.Collect$$rtentry$$00000000  c_w.l(__rtentry.o)
    0x0800024a   0x0800024a   0x00000000   Code   RO         6348    .ARM.Collect$$rtentry$$00000002  c_w.l(__rtentry2.o)
    0x0800024a   0x0800024a   0x00000006   Code   RO         6360    .ARM.Collect$$rtentry$$00000004  c_w.l(__rtentry4.o)
    0x08000250   0x08000250   0x00000000   Code   RO         6350    .ARM.Collect$$rtentry$$00000009  c_w.l(__rtentry2.o)
    0x08000250   0x08000250   0x00000004   Code   RO         6351    .ARM.Collect$$rtentry$$0000000A  c_w.l(__rtentry2.o)
    0x08000254   0x08000254   0x00000000   Code   RO         6353    .ARM.Collect$$rtentry$$0000000C  c_w.l(__rtentry2.o)
    0x08000254   0x08000254   0x00000008   Code   RO         6354    .ARM.Collect$$rtentry$$0000000D  c_w.l(__rtentry2.o)
    0x0800025c   0x0800025c   0x00000002   Code   RO         6607    .ARM.Collect$$rtexit$$00000000  c_w.l(rtexit.o)
    0x0800025e   0x0800025e   0x00000000   Code   RO         6639    .ARM.Collect$$rtexit$$00000002  c_w.l(rtexit2.o)
    0x0800025e   0x0800025e   0x00000004   Code   RO         6640    .ARM.Collect$$rtexit$$00000003  c_w.l(rtexit2.o)
    0x08000262   0x08000262   0x00000006   Code   RO         6641    .ARM.Collect$$rtexit$$00000004  c_w.l(rtexit2.o)
    0x08000268   0x08000268   0x000000b6   Code   RO         2607    .emb_text           port.o
    0x0800031e   0x0800031e   0x00000002   PAD
    0x08000320   0x08000320   0x00000000   Code   RO         6366    .emb_text           c_w.l(maybetermalloc1.o)
    0x08000320   0x08000320   0x00000050   Code   RO         5835    .text               startup_stm32f427xx.o
    0x08000370   0x08000370   0x00000078   Code   RO         5928    .text               arm_cortexM4lf_math.lib(arm_cos_f32.o)
    0x080003e8   0x080003e8   0x00000074   Code   RO         5981    .text               arm_cortexM4lf_math.lib(arm_sin_f32.o)
    0x0800045c   0x0800045c   0x00000002   Code   RO         6086    .text               c_w.l(use_no_semi_2.o)
    0x0800045e   0x0800045e   0x0000005e   Code   RO         6090    .text               c_w.l(h1_alloc.o)
    0x080004bc   0x080004bc   0x00000018   Code   RO         6148    .text               c_w.l(noretval__2printf.o)
    0x080004d4   0x080004d4   0x00000068   Code   RO         6152    .text               c_w.l(__printf.o)
    0x0800053c   0x0800053c   0x00000078   Code   RO         6156    .text               c_w.l(_printf_dec.o)
    0x080005b4   0x080005b4   0x00000016   Code   RO         6182    .text               c_w.l(abort.o)
    0x080005ca   0x080005ca   0x0000008a   Code   RO         6188    .text               c_w.l(rt_memcpy_v6.o)
    0x08000654   0x08000654   0x00000064   Code   RO         6190    .text               c_w.l(rt_memcpy_w.o)
    0x080006b8   0x080006b8   0x00000010   Code   RO         6192    .text               c_w.l(aeabi_memset.o)
    0x080006c8   0x080006c8   0x00000044   Code   RO         6194    .text               c_w.l(rt_memclr.o)
    0x0800070c   0x0800070c   0x00000080   Code   RO         6196    .text               c_w.l(strcmpv7m.o)
    0x0800078c   0x0800078c   0x00000006   Code   RO         6198    .text               c_w.l(heapauxi.o)
    0x08000792   0x08000792   0x00000002   PAD
    0x08000794   0x08000794   0x00000024   Code   RO         6205    .text               c_w.l(init_aeabi.o)
    0x080007b8   0x080007b8   0x00000002   Code   RO         6212    .text               c_w.l(use_no_semi.o)
    0x080007ba   0x080007ba   0x00000002   PAD
    0x080007bc   0x080007bc   0x00000008   Code   RO         6220    .text               c_w.l(rt_heap_descriptor_intlibspace.o)
    0x080007c4   0x080007c4   0x00000008   Code   RO         6225    .text               c_w.l(rt_new_handler_addr_intlibspace.o)
    0x080007cc   0x080007cc   0x00000004   Code   RO         6227    .text               c_w.l(hguard.o)
    0x080007d0   0x080007d0   0x0000008a   Code   RO         6229    .text               c_w.l(init_alloc.o)
    0x0800085a   0x0800085a   0x0000000e   Code   RO         6235    .text               c_w.l(h1_init.o)
    0x08000868   0x08000868   0x0000004e   Code   RO         6237    .text               c_w.l(h1_free.o)
    0x080008b6   0x080008b6   0x000000b2   Code   RO         6253    .text               c_w.l(_printf_intcommon.o)
    0x08000968   0x08000968   0x00000030   Code   RO         6255    .text               c_w.l(_printf_char_common.o)
    0x08000998   0x08000998   0x00000024   Code   RO         6261    .text               c_w.l(_printf_char_file.o)
    0x080009bc   0x080009bc   0x0000000e   Code   RO         6270    .text               c_w.l(defsig_abrt_outer.o)
    0x080009ca   0x080009ca   0x0000004e   Code   RO         6274    .text               c_w.l(rt_memclr_w.o)
    0x08000a18   0x08000a18   0x00000004   Code   RO         6326    .text               cpprt_w.l(arm_newhandler_noexceptions.o)
    0x08000a1c   0x08000a1c   0x00000008   Code   RO         6344    .text               c_w.l(libspace.o)
    0x08000a24   0x08000a24   0x00000034   Code   RO         6368    .text               c_w.l(h1_extend.o)
    0x08000a58   0x08000a58   0x00000008   Code   RO         6374    .text               c_w.l(ferror.o)
    0x08000a60   0x08000a60   0x00000138   Code   RO         6376    .text               c_w.l(initio.o)
    0x08000b98   0x08000b98   0x0000000a   Code   RO         6382    .text               c_w.l(defsig_exit.o)
    0x08000ba2   0x08000ba2   0x00000002   PAD
    0x08000ba4   0x08000ba4   0x00000030   Code   RO         6384    .text               c_w.l(defsig_abrt_inner.o)
    0x08000bd4   0x08000bd4   0x0000000e   Code   RO         6386    .text               c_w.l(defsig_rtmem_outer.o)
    0x08000be2   0x08000be2   0x0000001a   Code   RO         6517    .text               cpprt_w.l(arm_exceptions_terminate.o)
    0x08000bfc   0x08000bfc   0x0000004a   Code   RO         6526    .text               c_w.l(sys_stackheap_outer.o)
    0x08000c46   0x08000c46   0x00000046   Code   RO         6530    .text               c_w.l(setvbuf.o)
    0x08000c8c   0x08000c8c   0x000000ec   Code   RO         6533    .text               c_w.l(fopen.o)
    0x08000d78   0x08000d78   0x0000004c   Code   RO         6535    .text               c_w.l(fclose.o)
    0x08000dc4   0x08000dc4   0x00000012   Code   RO         6541    .text               c_w.l(exit.o)
    0x08000dd6   0x08000dd6   0x00000032   Code   RO         6545    .text               c_w.l(defsig_general.o)
    0x08000e08   0x08000e08   0x0000000e   Code   RO         6547    .text               c_w.l(defsig_rtred_outer.o)
    0x08000e16   0x08000e16   0x00000002   PAD
    0x08000e18   0x08000e18   0x00000050   Code   RO         6551    .text               c_w.l(defsig_rtmem_inner.o)
    0x08000e68   0x08000e68   0x00000050   Code   RO         6597    .text               cpprt_w.l(arm_exceptions_globs.o)
    0x08000eb8   0x08000eb8   0x00000008   Code   RO         6612    .text               c_w.l(rt_eh_globals_addr_intlibspace.o)
    0x08000ec0   0x08000ec0   0x000000f8   Code   RO         6618    .text               c_w.l(fseek.o)
    0x08000fb8   0x08000fb8   0x000000f0   Code   RO         6620    .text               c_w.l(stdio.o)
    0x080010a8   0x080010a8   0x00000034   Code   RO         6624    .text               c_w.l(defsig_rtred_inner.o)
    0x080010dc   0x080010dc   0x0000003c   Code   RO         6635    .text               cpprt_w.l(arm_exceptions_mem.o)
    0x08001118   0x08001118   0x00000042   Code   RO         6645    .text               c_w.l(ftell.o)
    0x0800115a   0x0800115a   0x00000002   PAD
    0x0800115c   0x0800115c   0x00000008   Code   RO         6662    .text               c_w.l(rt_errno_addr_intlibspace.o)
    0x08001164   0x08001164   0x00000004   Code   RO         5729    i.BusFault_Handler  stm32f4xx_it.o
    0x08001168   0x08001168   0x00000018   Code   RO         1136    i.CAN1_RX0_IRQHandler  dev_can.o
    0x08001180   0x08001180   0x00000018   Code   RO         1137    i.CAN2_RX0_IRQHandler  dev_can.o
    0x08001198   0x08001198   0x000000a8   Code   RO         5518    i.CAN_ClearITPendingBit  stm32f4xx_can.o
    0x08001240   0x08001240   0x00000108   Code   RO         5522    i.CAN_FilterInit    stm32f4xx_can.o
    0x08001348   0x08001348   0x00000120   Code   RO         5524    i.CAN_GetITStatus   stm32f4xx_can.o
    0x08001468   0x08001468   0x00000012   Code   RO         5528    i.CAN_ITConfig      stm32f4xx_can.o
    0x0800147a   0x0800147a   0x00000114   Code   RO         5529    i.CAN_Init          stm32f4xx_can.o
    0x0800158e   0x0800158e   0x000000f0   Code   RO         5532    i.CAN_Receive       stm32f4xx_can.o
    0x0800167e   0x0800167e   0x00000126   Code   RO         5537    i.CAN_Transmit      stm32f4xx_can.o
    0x080017a4   0x080017a4   0x0000009c   Code   RO          673    i.Chassis_Task      chassis_task.o
    0x08001840   0x08001840   0x00000012   Code   RO         5540    i.CheckITStatus     stm32f4xx_can.o
    0x08001852   0x08001852   0x00000002   PAD
    0x08001854   0x08001854   0x00000010   Code   RO         3284    i.DMA1_Stream0_IRQHandler  drivers_dma.o
    0x08001864   0x08001864   0x00000010   Code   RO         3285    i.DMA1_Stream1_IRQHandler  drivers_dma.o
    0x08001874   0x08001874   0x00000002   Code   RO         3286    i.DMA1_Stream2_IRQHandler  drivers_dma.o
    0x08001876   0x08001876   0x00000002   PAD
    0x08001878   0x08001878   0x00000010   Code   RO         3287    i.DMA1_Stream3_IRQHandler  drivers_dma.o
    0x08001888   0x08001888   0x00000002   Code   RO         3288    i.DMA1_Stream4_IRQHandler  drivers_dma.o
    0x0800188a   0x0800188a   0x00000002   Code   RO         3289    i.DMA1_Stream5_IRQHandler  drivers_dma.o
    0x0800188c   0x0800188c   0x00000010   Code   RO         3290    i.DMA1_Stream6_IRQHandler  drivers_dma.o
    0x0800189c   0x0800189c   0x00000002   Code   RO         3291    i.DMA1_Stream7_IRQHandler  drivers_dma.o
    0x0800189e   0x0800189e   0x00000002   Code   RO         3292    i.DMA2_Stream0_IRQHandler  drivers_dma.o
    0x080018a0   0x080018a0   0x00000010   Code   RO         3293    i.DMA2_Stream1_IRQHandler  drivers_dma.o
    0x080018b0   0x080018b0   0x00000002   Code   RO         3294    i.DMA2_Stream2_IRQHandler  drivers_dma.o
    0x080018b2   0x080018b2   0x00000002   Code   RO         3295    i.DMA2_Stream3_IRQHandler  drivers_dma.o
    0x080018b4   0x080018b4   0x00000002   Code   RO         3296    i.DMA2_Stream4_IRQHandler  drivers_dma.o
    0x080018b6   0x080018b6   0x00000002   Code   RO         3297    i.DMA2_Stream5_IRQHandler  drivers_dma.o
    0x080018b8   0x080018b8   0x00000010   Code   RO         3298    i.DMA2_Stream6_IRQHandler  drivers_dma.o
    0x080018c8   0x080018c8   0x00000002   Code   RO         3299    i.DMA2_Stream7_IRQHandler  drivers_dma.o
    0x080018ca   0x080018ca   0x00000002   PAD
    0x080018cc   0x080018cc   0x00000034   Code   RO         3834    i.DMA_ClearFlag     stm32f4xx_dma.o
    0x08001900   0x08001900   0x00000034   Code   RO         3835    i.DMA_ClearITPendingBit  stm32f4xx_dma.o
    0x08001934   0x08001934   0x00000016   Code   RO         3836    i.DMA_Cmd           stm32f4xx_dma.o
    0x0800194a   0x0800194a   0x00000002   PAD
    0x0800194c   0x0800194c   0x00000158   Code   RO         3837    i.DMA_DeInit        stm32f4xx_dma.o
    0x08001aa4   0x08001aa4   0x00000016   Code   RO         3838    i.DMA_DoubleBufferModeCmd  stm32f4xx_dma.o
    0x08001aba   0x08001aba   0x00000018   Code   RO         3839    i.DMA_DoubleBufferModeConfig  stm32f4xx_dma.o
    0x08001ad2   0x08001ad2   0x00000014   Code   RO         3841    i.DMA_GetCmdStatus  stm32f4xx_dma.o
    0x08001ae6   0x08001ae6   0x00000008   Code   RO         3842    i.DMA_GetCurrDataCounter  stm32f4xx_dma.o
    0x08001aee   0x08001aee   0x00000014   Code   RO         3843    i.DMA_GetCurrentMemoryTarget  stm32f4xx_dma.o
    0x08001b02   0x08001b02   0x00000002   PAD
    0x08001b04   0x08001b04   0x00000058   Code   RO         3848    i.DMA_Init          stm32f4xx_dma.o
    0x08001b5c   0x08001b5c   0x00000004   Code   RO         3851    i.DMA_SetCurrDataCounter  stm32f4xx_dma.o
    0x08001b60   0x08001b60   0x00000002   Code   RO         5730    i.DebugMon_Handler  stm32f4xx_it.o
    0x08001b62   0x08001b62   0x00000002   PAD
    0x08001b64   0x08001b64   0x00000028   Code   RO         2894    i.EXTI0_IRQHandler  platform_exti.o
    0x08001b8c   0x08001b8c   0x000000d4   Code   RO         2895    i.EXTI15_10_IRQHandler  platform_exti.o
    0x08001c60   0x08001c60   0x00000028   Code   RO         2896    i.EXTI1_IRQHandler  platform_exti.o
    0x08001c88   0x08001c88   0x00000028   Code   RO         2897    i.EXTI2_IRQHandler  platform_exti.o
    0x08001cb0   0x08001cb0   0x00000028   Code   RO         2898    i.EXTI3_IRQHandler  platform_exti.o
    0x08001cd8   0x08001cd8   0x00000028   Code   RO         2899    i.EXTI4_IRQHandler  platform_exti.o
    0x08001d00   0x08001d00   0x000000a8   Code   RO         2900    i.EXTI9_5_IRQHandler  platform_exti.o
    0x08001da8   0x08001da8   0x0000000c   Code   RO         3963    i.EXTI_ClearITPendingBit  stm32f4xx_exti.o
    0x08001db4   0x08001db4   0x00000018   Code   RO         3967    i.EXTI_GetITStatus  stm32f4xx_exti.o
    0x08001dcc   0x08001dcc   0x00000018   Code   RO         2729    i.GPIO_GetPinNum    platform_io.o
    0x08001de4   0x08001de4   0x00000014   Code   RO         2730    i.GPIO_GetPinSource  platform_io.o
    0x08001df8   0x08001df8   0x00000090   Code   RO         4279    i.GPIO_Init         stm32f4xx_gpio.o
    0x08001e88   0x08001e88   0x00000046   Code   RO         4280    i.GPIO_PinAFConfig  stm32f4xx_gpio.o
    0x08001ece   0x08001ece   0x00000004   Code   RO         4286    i.GPIO_ResetBits    stm32f4xx_gpio.o
    0x08001ed2   0x08001ed2   0x00000004   Code   RO         4287    i.GPIO_SetBits      stm32f4xx_gpio.o
    0x08001ed6   0x08001ed6   0x00000002   PAD
    0x08001ed8   0x08001ed8   0x00000194   Code   RO         2732    i.GPIOx_Init        platform_io.o
    0x0800206c   0x0800206c   0x00000010   Code   RO          948    i.Guard_Scan_Time   guard_task.o
    0x0800207c   0x0800207c   0x00000030   Code   RO          949    i.Guard_Task        guard_task.o
    0x080020ac   0x080020ac   0x00000004   Code   RO         5731    i.HardFault_Handler  stm32f4xx_it.o
    0x080020b0   0x080020b0   0x00000010   Code   RO         5681    i.IWDG_ReloadCounter  stm32f4xx_iwdg.o
    0x080020c0   0x080020c0   0x00000004   Code   RO         5732    i.MemManage_Handler  stm32f4xx_it.o
    0x080020c4   0x080020c4   0x00000090   Code   RO          777    i.Message_Task      message_task.o
    0x08002154   0x08002154   0x00000002   Code   RO         5733    i.NMI_Handler       stm32f4xx_it.o
    0x08002156   0x08002156   0x00000002   PAD
    0x08002158   0x08002158   0x00000078   Code   RO         3786    i.NVIC_Init         misc.o
    0x080021d0   0x080021d0   0x00000014   Code   RO         3787    i.NVIC_PriorityGroupConfig  misc.o
    0x080021e4   0x080021e4   0x00000120   Code   RO         3054    i.PWM_Init          platform_pwm.o
    0x08002304   0x08002304   0x00000020   Code   RO         4376    i.RCC_AHB1PeriphClockCmd  stm32f4xx_rcc.o
    0x08002324   0x08002324   0x00000020   Code   RO         4385    i.RCC_APB1PeriphClockCmd  stm32f4xx_rcc.o
    0x08002344   0x08002344   0x00000020   Code   RO         4387    i.RCC_APB1PeriphResetCmd  stm32f4xx_rcc.o
    0x08002364   0x08002364   0x00000020   Code   RO         4388    i.RCC_APB2PeriphClockCmd  stm32f4xx_rcc.o
    0x08002384   0x08002384   0x00000020   Code   RO         4390    i.RCC_APB2PeriphResetCmd  stm32f4xx_rcc.o
    0x080023a4   0x080023a4   0x000000e8   Code   RO         4397    i.RCC_GetClocksFreq  stm32f4xx_rcc.o
    0x0800248c   0x0800248c   0x0000014c   Code   RO         3548    i.RC_Init           drivers_remote.o
    0x080025d8   0x080025d8   0x0000001c   Code   RO          645    i.RTOSsystem_Task   rtossystem_task.o
    0x080025f4   0x080025f4   0x00000120   Code   RO         5800    i.SetSysClock       system_stm32f4xx.o
    0x08002714   0x08002714   0x0000011c   Code   RO          592    i.Start_Task        start_task.o
    0x08002830   0x08002830   0x00000028   Code   RO         3790    i.SysTick_CLKSourceConfig  misc.o
    0x08002858   0x08002858   0x00000020   Code   RO         2983    i.SysTick_Handler   platform_systick.o
    0x08002878   0x08002878   0x00000068   Code   RO         5802    i.SystemInit        system_stm32f4xx.o
    0x080028e0   0x080028e0   0x00000054   Code   RO         3117    i.TIM1_UP_TIM10_IRQHandler  platform_timer.o
    0x08002934   0x08002934   0x0000002c   Code   RO         3118    i.TIM2_IRQHandler   platform_timer.o
    0x08002960   0x08002960   0x00000030   Code   RO         3119    i.TIM3_IRQHandler   platform_timer.o
    0x08002990   0x08002990   0x00000030   Code   RO         3120    i.TIM4_IRQHandler   platform_timer.o
    0x080029c0   0x080029c0   0x00000030   Code   RO         3121    i.TIM5_IRQHandler   platform_timer.o
    0x080029f0   0x080029f0   0x00000030   Code   RO         3122    i.TIM6_DAC_IRQHandler  platform_timer.o
    0x08002a20   0x08002a20   0x00000030   Code   RO         3123    i.TIM7_IRQHandler   platform_timer.o
    0x08002a50   0x08002a50   0x00000054   Code   RO         3124    i.TIM8_UP_TIM13_IRQHandler  platform_timer.o
    0x08002aa4   0x08002aa4   0x00000006   Code   RO         4777    i.TIM_ClearITPendingBit  stm32f4xx_tim.o
    0x08002aaa   0x08002aaa   0x00000018   Code   RO         4782    i.TIM_Cmd           stm32f4xx_tim.o
    0x08002ac2   0x08002ac2   0x0000001e   Code   RO         4784    i.TIM_CtrlPWMOutputs  stm32f4xx_tim.o
    0x08002ae0   0x08002ae0   0x00000130   Code   RO         3055    i.TIM_GetGPIO_AF    platform_pwm.o
    0x08002c10   0x08002c10   0x00000022   Code   RO         4803    i.TIM_GetITStatus   stm32f4xx_tim.o
    0x08002c32   0x08002c32   0x00000002   PAD
    0x08002c34   0x08002c34   0x0000007c   Code   RO         4811    i.TIM_OC1Init       stm32f4xx_tim.o
    0x08002cb0   0x08002cb0   0x00000012   Code   RO         4814    i.TIM_OC1PreloadConfig  stm32f4xx_tim.o
    0x08002cc2   0x08002cc2   0x00000002   PAD
    0x08002cc4   0x08002cc4   0x000000a4   Code   RO         4816    i.TIM_OC2Init       stm32f4xx_tim.o
    0x08002d68   0x08002d68   0x0000001a   Code   RO         4819    i.TIM_OC2PreloadConfig  stm32f4xx_tim.o
    0x08002d82   0x08002d82   0x00000002   PAD
    0x08002d84   0x08002d84   0x000000a0   Code   RO         4821    i.TIM_OC3Init       stm32f4xx_tim.o
    0x08002e24   0x08002e24   0x00000012   Code   RO         4824    i.TIM_OC3PreloadConfig  stm32f4xx_tim.o
    0x08002e36   0x08002e36   0x00000002   PAD
    0x08002e38   0x08002e38   0x00000078   Code   RO         4826    i.TIM_OC4Init       stm32f4xx_tim.o
    0x08002eb0   0x08002eb0   0x0000001a   Code   RO         4828    i.TIM_OC4PreloadConfig  stm32f4xx_tim.o
    0x08002eca   0x08002eca   0x00000002   PAD
    0x08002ecc   0x08002ecc   0x00000084   Code   RO         4854    i.TIM_TimeBaseInit  stm32f4xx_tim.o
    0x08002f50   0x08002f50   0x00000158   Code   RO         3056    i.TIMx_OCxInit      platform_pwm.o
    0x080030a8   0x080030a8   0x00000120   Code   RO         3125    i.Timer_ClockCmd    platform_timer.o
    0x080031c8   0x080031c8   0x00000018   Code   RO         1235    i.UART7_IRQHandler  dev_serial.o
    0x080031e0   0x080031e0   0x00000130   Code   RO         1358    i.USART1_IRQHandler  protocol_dbus.o
    0x08003310   0x08003310   0x00000018   Code   RO         1236    i.USART3_IRQHandler  dev_serial.o
    0x08003328   0x08003328   0x00000018   Code   RO         1237    i.USART6_IRQHandler  dev_serial.o
    0x08003340   0x08003340   0x00000012   Code   RO         5328    i.USART_ClearFlag   stm32f4xx_usart.o
    0x08003352   0x08003352   0x0000001e   Code   RO         5329    i.USART_ClearITPendingBit  stm32f4xx_usart.o
    0x08003370   0x08003370   0x00000018   Code   RO         5332    i.USART_Cmd         stm32f4xx_usart.o
    0x08003388   0x08003388   0x00000012   Code   RO         5333    i.USART_DMACmd      stm32f4xx_usart.o
    0x0800339a   0x0800339a   0x00000002   PAD
    0x0800339c   0x0800339c   0x000000f0   Code   RO         5334    i.USART_DeInit      stm32f4xx_usart.o
    0x0800348c   0x0800348c   0x00000054   Code   RO         5336    i.USART_GetITStatus  stm32f4xx_usart.o
    0x080034e0   0x080034e0   0x0000004a   Code   RO         5338    i.USART_ITConfig    stm32f4xx_usart.o
    0x0800352a   0x0800352a   0x00000002   PAD
    0x0800352c   0x0800352c   0x000000d4   Code   RO         5339    i.USART_Init        stm32f4xx_usart.o
    0x08003600   0x08003600   0x0000000a   Code   RO         5346    i.USART_ReceiveData  stm32f4xx_usart.o
    0x0800360a   0x0800360a   0x00000004   Code   RO         5737    i.UsageFault_Handler  stm32f4xx_it.o
    0x0800360e   0x0800360e   0x00000002   PAD
    0x08003610   0x08003610   0x0000001c   Code   RO          950    i._Z10Error_Sendv   guard_task.o
    0x0800362c   0x0800362c   0x00000030   Code   RO          951    i._Z10Guard_FeedP10Guard_ID_t  guard_task.o
    0x0800365c   0x0800365c   0x000000da   Code   RO         1359    i._Z10SBUS_TO_RCPVKhP9RC_ctrl_t  protocol_dbus.o
    0x08003736   0x08003736   0x00000002   PAD
    0x08003738   0x08003738   0x00000098   Code   RO          779    i._Z11Usart6_hookv  message_task.o
    0x080037d0   0x080037d0   0x0000012c   Code   RO         1592    i._Z11usart8_initv  protocol_judgement.o
    0x080038fc   0x080038fc   0x00000030   Code   RO          486    i._Z12CAN_ALL_Initv  app_motor.o
    0x0800392c   0x0800392c   0x00000002   Code   RO          952    i._Z12Guard_Returnv  guard_task.o
    0x0800392e   0x0800392e   0x00000002   PAD
    0x08003930   0x08003930   0x000000a8   Code   RO            3    i._Z12SoftWareInitv  main.o
    0x080039d8   0x080039d8   0x0000001c   Code   RO          953    i._Z12System_Resetv  guard_task.o
    0x080039f4   0x080039f4   0x00000248   Code   RO          782    i._Z12rc_key_v_setv  message_task.o
    0x08003c3c   0x08003c3c   0x00000020   Code   RO          547    i._Z13power_ctrl_onh  app_power_ctrl.o
    0x08003c5c   0x08003c5c   0x00000022   Code   RO          783    i._Z13read_key_evenP13count_num_keyPb  message_task.o
    0x08003c7e   0x08003c7e   0x00000020   Code   RO          784    i._Z13sum_key_countsP13count_num_key  message_task.o
    0x08003c9e   0x08003c9e   0x0000002a   Code   RO         3680    i._Z14fp32_constrainfff  algorithm_user_lib.o
    0x08003cc8   0x08003cc8   0x00000020   Code   RO          548    i._Z14power_ctrl_offh  app_power_ctrl.o
    0x08003ce8   0x08003ce8   0x0000001c   Code   RO          785    i._Z14read_key_countP13count_num_key  message_task.o
    0x08003d04   0x08003d04   0x00000024   Code   RO          787    i._Z15read_key_singleP13count_num_keyPb  message_task.o
    0x08003d28   0x08003d28   0x00000008   Code   RO          788    i._Z19get_yaw_motor_pointv  message_task.o
    0x08003d30   0x08003d30   0x00000054   Code   RO         3684    i._Z23first_order_filter_caliP25first_order_filter_type_tf  algorithm_user_lib.o
    0x08003d84   0x08003d84   0x00000024   Code   RO         3685    i._Z23first_order_filter_initP25first_order_filter_type_tfPKf  algorithm_user_lib.o
    0x08003da8   0x08003da8   0x00000036   Code   RO          550    i._Z24power_ctrl_configurationv  app_power_ctrl.o
    0x08003dde   0x08003dde   0x00000002   PAD
    0x08003de0   0x08003de0   0x0000005c   Code   RO         1080    i._Z7pinModeh15pinMode_TypeDef  dev_system.o
    0x08003e3c   0x08003e3c   0x000001fc   Code   RO         3640    i._Z8PID_CalcP10PidTypeDefffh  algorithm_pid.o
    0x08004038   0x08004038   0x00000060   Code   RO         3641    i._Z8PID_InitP10PidTypeDefhPKfff  algorithm_pid.o
    0x08004098   0x08004098   0x000000d0   Code   RO          487    i._Z9CAN1_HookP8CanRxMsg  app_motor.o
    0x08004168   0x08004168   0x000000d0   Code   RO          488    i._Z9CAN2_HookP8CanRxMsg  app_motor.o
    0x08004238   0x08004238   0x00000008   Code   RO          954    i._Z9IWDG_Feedv     guard_task.o
    0x08004240   0x08004240   0x00000048   Code   RO          956    i._ZN10Guard_Ctrl10Guard_InitE10Guard_ID_tPS0_jPFvvE  guard_task.o
    0x08004288   0x08004288   0x00000078   Code   RO          957    i._ZN10Guard_Ctrl10Guard_ScanEv  guard_task.o
    0x08004300   0x08004300   0x000000b4   Code   RO          958    i._ZN10Guard_Ctrl11Guard_StartEv  guard_task.o
    0x080043b4   0x080043b4   0x00000038   Code   RO         1238    i._ZN10Serialctrl10IRQHandlerEv  dev_serial.o
    0x080043ec   0x080043ec   0x00000090   Code   RO         1240    i._ZN10Serialctrl4HookEv  dev_serial.o
    0x0800447c   0x0800447c   0x0000001a   Code   RO         1242    i._ZN10Serialctrl4readEv  dev_serial.o
    0x08004496   0x08004496   0x00000038   Code   RO         1332    i._ZN10SerialctrlC1EP13USART_TypeDefjhh  dev_serial.o
    0x080044ce   0x080044ce   0x00000002   PAD
    0x080044d0   0x080044d0   0x00000100   Code   RO          674    i._ZN12Chassis_Ctrl12Chassis_InitEv  chassis_task.o
    0x080045d0   0x080045d0   0x00000104   Code   RO          675    i._ZN12Chassis_Ctrl15Feedback_UpdateEv  chassis_task.o
    0x080046d4   0x080046d4   0x00000090   Code   RO          676    i._ZN12Chassis_Ctrl20chassis_control_loopEv  chassis_task.o
    0x08004764   0x08004764   0x00000026   Code   RO          677    i._ZN12Chassis_Ctrl25motor_angle_to_set_changeEtt  chassis_task.o
    0x0800478a   0x0800478a   0x00000002   PAD
    0x0800478c   0x0800478c   0x000002c4   Code   RO          678    i._ZN12Chassis_Ctrl26chassis_behaviour_mode_setEv  chassis_task.o
    0x08004a50   0x08004a50   0x0000028c   Code   RO          679    i._ZN12Chassis_Ctrl28chassis_rc_to_control_vectorEPfS0_  chassis_task.o
    0x08004cdc   0x08004cdc   0x00000120   Code   RO          680    i._ZN12Chassis_Ctrl29chassis_behaviour_control_setEPfS0_S0_  chassis_task.o
    0x08004dfc   0x08004dfc   0x00000070   Code   RO          681    i._ZN12Chassis_Ctrl29chassis_vector_to_wheel_speedEPfS0_S0_  chassis_task.o
    0x08004e6c   0x08004e6c   0x0000022c   Code   RO          682    i._ZN12Chassis_Ctrl7ControlEv  chassis_task.o
    0x08005098   0x08005098   0x00000008   Code   RO          878    i._ZN12Usart_Data_tC1Ehhh  message_task.o
    0x080050a0   0x080050a0   0x00000042   Code   RO         3231    i._ZN6Buffer11Buffer_ReadEP10RingBufferPh  drivers_buffer.o
    0x080050e2   0x080050e2   0x00000038   Code   RO         3235    i._ZN6Buffer12Buffer_WriteEP10RingBufferh  drivers_buffer.o
    0x0800511a   0x0800511a   0x00000034   Code   RO         3236    i._ZN6Buffer9newBufferEP10RingBuffert  drivers_buffer.o
    0x0800514e   0x0800514e   0x00000002   PAD
    0x08005150   0x08005150   0x00000154   Code   RO         3583    i._ZN6CANdev9CANx_InitEhh  drivers_can.o
    0x080052a4   0x080052a4   0x00000010   Code   RO         3584    i._ZN6CANdev9CANx_InitEv  drivers_can.o
    0x080052b4   0x080052b4   0x00000008   Code   RO         3585    i._ZN6CANdevC1EP11CAN_TypeDef  drivers_can.o
    0x080052bc   0x080052bc   0x00000032   Code   RO         3300    i._ZN6DMAdev10IRQHandlerEv  drivers_dma.o
    0x080052ee   0x080052ee   0x00000006   Code   RO         3305    i._ZN6DMAdevC1EP18DMA_Stream_TypeDefj  drivers_dma.o
    0x080052f4   0x080052f4   0x00000038   Code   RO         3453    i._ZN6LEDdev8LED_InitEv  drivers_led.o
    0x0800532c   0x0800532c   0x00000006   Code   RO         3454    i._ZN6LEDdevC1Ev    drivers_led.o
    0x08005332   0x08005332   0x00000002   PAD
    0x08005334   0x08005334   0x00000044   Code   RO         1138    i._ZN7CANctrl10IRQHandlerEv  dev_can.o
    0x08005378   0x08005378   0x00000004   Code   RO         1139    i._ZN7CANctrl15attachInterruptEPFvP8CanRxMsgE  dev_can.o
    0x0800537c   0x0800537c   0x00000012   Code   RO         1140    i._ZN7CANctrl4HookEP8CanRxMsg  dev_can.o
    0x0800538e   0x0800538e   0x0000005e   Code   RO         1144    i._ZN7CANctrl8SendDataEssss  dev_can.o
    0x080053ec   0x080053ec   0x00000018   Code   RO         1208    i._ZN7CANctrlC1EP11CAN_TypeDefj  dev_can.o
    0x08005404   0x08005404   0x0000004c   Code   RO          295    i._ZN7LEDctrl6ToggleEv  app_led.o
    0x08005450   0x08005450   0x00000018   Code   RO         3481    i._ZN9Serialdev11Serial_InitEj  drivers_serial.o
    0x08005468   0x08005468   0x00000170   Code   RO         3483    i._ZN9Serialdev11Serial_InitEj13SERIAL_Confighh  drivers_serial.o
    0x080055d8   0x080055d8   0x0000001a   Code   RO         3484    i._ZN9Serialdev11Serial_InitEjhh  drivers_serial.o
    0x080055f2   0x080055f2   0x00000024   Code   RO         3485    i._ZN9SerialdevC1EP13USART_TypeDefj  drivers_serial.o
    0x08005616   0x08005616   0x00000064   Code   RO         3486    i._ZN9SerialdevC1EP13USART_TypeDefjt  drivers_serial.o
    0x0800567a   0x0800567a   0x00000002   PAD
    0x0800567c   0x0800567c   0x00000028   Code   RO         6208    i._Znwj             cpprt_w.l(new.o)
    0x080056a4   0x080056a4   0x00000014   Code   RO          300    i.__sti___11_app_led_cpp_LED  app_led.o
    0x080056b8   0x080056b8   0x0000002c   Code   RO         1145    i.__sti___11_dev_can_cpp_06246a71  dev_can.o
    0x080056e4   0x080056e4   0x00000028   Code   RO          489    i.__sti___13_app_motor_cpp_CAN_Cmd  app_motor.o
    0x0800570c   0x0800570c   0x00000014   Code   RO          959    i.__sti___14_Guard_Task_cpp_Guard  guard_task.o
    0x08005720   0x08005720   0x00000090   Code   RO         1248    i.__sti___14_dev_serial_cpp_Serial3  dev_serial.o
    0x080057b0   0x080057b0   0x00000098   Code   RO         3306    i.__sti___15_drivers_dma_cpp_5c429ec9  drivers_dma.o
    0x08005848   0x08005848   0x00000060   Code   RO          789    i.__sti___16_Message_Task_cpp_Usart3  message_task.o
    0x080058a8   0x080058a8   0x00000026   Code   RO         5839    i._sys_close        retarget_io.o
    0x080058ce   0x080058ce   0x00000002   PAD
    0x080058d0   0x080058d0   0x0000002c   Code   RO         3487    i._sys_exit         drivers_serial.o
    0x080058fc   0x080058fc   0x00000024   Code   RO         5840    i._sys_flen         retarget_io.o
    0x08005920   0x08005920   0x00000024   Code   RO         5841    i._sys_istty        retarget_io.o
    0x08005944   0x08005944   0x00000068   Code   RO         5842    i._sys_open         retarget_io.o
    0x080059ac   0x080059ac   0x0000002c   Code   RO         5844    i._sys_seek         retarget_io.o
    0x080059d8   0x080059d8   0x00000046   Code   RO         5845    i._sys_write        retarget_io.o
    0x08005a1e   0x08005a1e   0x00000004   Code   RO         5846    i._ttywrch          retarget_io.o
    0x08005a22   0x08005a22   0x00000002   PAD
    0x08005a24   0x08005a24   0x0000006c   Code   RO         2985    i.delay_init        platform_systick.o
    0x08005a90   0x08005a90   0x00000050   Code   RO         2989    i.delay_xus         platform_systick.o
    0x08005ae0   0x08005ae0   0x0000001c   Code   RO         3488    i.fputc             drivers_serial.o
    0x08005afc   0x08005afc   0x00000008   Code   RO         1361    i.get_remote_control_point  protocol_dbus.o
    0x08005b04   0x08005b04   0x00000010   Code   RO            4    i.main              main.o
    0x08005b14   0x08005b14   0x00000098   Code   RO         2108    i.prvAddCurrentTaskToDelayedList  tasks.o
    0x08005bac   0x08005bac   0x000000b8   Code   RO         2109    i.prvAddNewTaskToReadyList  tasks.o
    0x08005c64   0x08005c64   0x00000064   Code   RO         2477    i.prvCheckForValidListAndQueue  timers.o
    0x08005cc8   0x08005cc8   0x00000064   Code   RO         2110    i.prvCheckTasksWaitingTermination  tasks.o
    0x08005d2c   0x08005d2c   0x0000002a   Code   RO         1872    i.prvCopyDataFromQueue  queue.o
    0x08005d56   0x08005d56   0x0000007c   Code   RO         1873    i.prvCopyDataToQueue  queue.o
    0x08005dd2   0x08005dd2   0x00000012   Code   RO         2111    i.prvDeleteTCB      tasks.o
    0x08005de4   0x08005de4   0x00000028   Code   RO         2478    i.prvGetNextExpireTime  timers.o
    0x08005e0c   0x08005e0c   0x0000007c   Code   RO         2678    i.prvHeapInit       heap_4.o
    0x08005e88   0x08005e88   0x00000028   Code   RO         2112    i.prvIdleTask       tasks.o
    0x08005eb0   0x08005eb0   0x0000002e   Code   RO         1875    i.prvInitialiseNewQueue  queue.o
    0x08005ede   0x08005ede   0x000000b4   Code   RO         2113    i.prvInitialiseNewTask  tasks.o
    0x08005f92   0x08005f92   0x0000004e   Code   RO         2479    i.prvInitialiseNewTimer  timers.o
    0x08005fe0   0x08005fe0   0x00000068   Code   RO         2114    i.prvInitialiseTaskLists  tasks.o
    0x08006048   0x08006048   0x00000068   Code   RO         2679    i.prvInsertBlockIntoFreeList  heap_4.o
    0x080060b0   0x080060b0   0x00000058   Code   RO         2480    i.prvInsertTimerInActiveList  timers.o
    0x08006108   0x08006108   0x0000001a   Code   RO         1876    i.prvIsQueueEmpty   queue.o
    0x08006122   0x08006122   0x0000001e   Code   RO         1877    i.prvIsQueueFull    queue.o
    0x08006140   0x08006140   0x00000090   Code   RO         1878    i.prvNotifyQueueSetContainer  queue.o
    0x080061d0   0x080061d0   0x00000064   Code   RO         2481    i.prvProcessExpiredTimer  timers.o
    0x08006234   0x08006234   0x000000f8   Code   RO         2482    i.prvProcessReceivedCommands  timers.o
    0x0800632c   0x0800632c   0x00000074   Code   RO         2483    i.prvProcessTimerOrBlockTask  timers.o
    0x080063a0   0x080063a0   0x00000034   Code   RO         2116    i.prvResetNextTaskUnblockTime  tasks.o
    0x080063d4   0x080063d4   0x0000002c   Code   RO         2484    i.prvSampleTimeNow  timers.o
    0x08006400   0x08006400   0x000000a0   Code   RO         2485    i.prvSwitchTimerLists  timers.o
    0x080064a0   0x080064a0   0x00000040   Code   RO         2608    i.prvTaskExitError  port.o
    0x080064e0   0x080064e0   0x0000001a   Code   RO         2486    i.prvTimerTask      timers.o
    0x080064fa   0x080064fa   0x00000092   Code   RO         1879    i.prvUnlockQueue    queue.o
    0x0800658c   0x0800658c   0x0000013c   Code   RO         2680    i.pvPortMalloc      heap_4.o
    0x080066c8   0x080066c8   0x00000020   Code   RO         2121    i.pvTaskIncrementMutexHeldCount  tasks.o
    0x080066e8   0x080066e8   0x0000002c   Code   RO         2609    i.pxPortInitialiseStack  port.o
    0x08006714   0x08006714   0x00000014   Code   RO         1362    i.remote_control_init  protocol_dbus.o
    0x08006728   0x08006728   0x0000002c   Code   RO          593    i.startTast         start_task.o
    0x08006754   0x08006754   0x00000004   Code   RO         5848    i.stdout_putchar    retarget_io.o
    0x08006758   0x08006758   0x00000028   Code   RO         1835    i.uxListRemove      list.o
    0x08006780   0x08006780   0x0000001a   Code   RO         1836    i.vListInitialise   list.o
    0x0800679a   0x0800679a   0x00000006   Code   RO         1837    i.vListInitialiseItem  list.o
    0x080067a0   0x080067a0   0x00000034   Code   RO         1838    i.vListInsert       list.o
    0x080067d4   0x080067d4   0x00000018   Code   RO         1839    i.vListInsertEnd    list.o
    0x080067ec   0x080067ec   0x00000054   Code   RO         2611    i.vPortEnterCritical  port.o
    0x08006840   0x08006840   0x0000003c   Code   RO         2612    i.vPortExitCritical  port.o
    0x0800687c   0x0800687c   0x00000094   Code   RO         2681    i.vPortFree         heap_4.o
    0x08006910   0x08006910   0x00000078   Code   RO         2613    i.vPortValidateInterruptPriority  port.o
    0x08006988   0x08006988   0x0000002c   Code   RO         1885    i.vQueueAddToRegistry  queue.o
    0x080069b4   0x080069b4   0x0000004a   Code   RO         1889    i.vQueueWaitForMessageRestricted  queue.o
    0x080069fe   0x080069fe   0x00000002   PAD
    0x08006a00   0x08006a00   0x0000005c   Code   RO         2130    i.vTaskDelay        tasks.o
    0x08006a5c   0x08006a5c   0x000000f4   Code   RO         2132    i.vTaskDelete       tasks.o
    0x08006b50   0x08006b50   0x0000000c   Code   RO         2136    i.vTaskMissedYield  tasks.o
    0x08006b5c   0x08006b5c   0x00000038   Code   RO         2138    i.vTaskPlaceOnEventList  tasks.o
    0x08006b94   0x08006b94   0x00000040   Code   RO         2139    i.vTaskPlaceOnEventListRestricted  tasks.o
    0x08006bd4   0x08006bd4   0x000000b0   Code   RO         2141    i.vTaskPriorityInherit  tasks.o
    0x08006c84   0x08006c84   0x00000030   Code   RO         2145    i.vTaskSetTimeOutState  tasks.o
    0x08006cb4   0x08006cb4   0x00000094   Code   RO         2146    i.vTaskStartScheduler  tasks.o
    0x08006d48   0x08006d48   0x00000010   Code   RO         2148    i.vTaskSuspendAll   tasks.o
    0x08006d58   0x08006d58   0x0000008c   Code   RO         2149    i.vTaskSwitchContext  tasks.o
    0x08006de4   0x08006de4   0x00000138   Code   RO         2614    i.xPortStartScheduler  port.o
    0x08006f1c   0x08006f1c   0x00000034   Code   RO         2615    i.xPortSysTickHandler  port.o
    0x08006f50   0x08006f50   0x00000058   Code   RO         1894    i.xQueueGenericCreate  queue.o
    0x08006fa8   0x08006fa8   0x000001c4   Code   RO         1895    i.xQueueGenericReceive  queue.o
    0x0800716c   0x0800716c   0x00000098   Code   RO         1896    i.xQueueGenericReset  queue.o
    0x08007204   0x08007204   0x000001c8   Code   RO         1897    i.xQueueGenericSend  queue.o
    0x080073cc   0x080073cc   0x0000012a   Code   RO         1898    i.xQueueGenericSendFromISR  queue.o
    0x080074f6   0x080074f6   0x00000002   PAD
    0x080074f8   0x080074f8   0x0000008c   Code   RO         2150    i.xTaskCheckForTimeOut  tasks.o
    0x08007584   0x08007584   0x00000060   Code   RO         2151    i.xTaskCreate       tasks.o
    0x080075e4   0x080075e4   0x00000020   Code   RO         2156    i.xTaskGetSchedulerState  tasks.o
    0x08007604   0x08007604   0x0000000c   Code   RO         2157    i.xTaskGetTickCount  tasks.o
    0x08007610   0x08007610   0x00000148   Code   RO         2159    i.xTaskIncrementTick  tasks.o
    0x08007758   0x08007758   0x000000c8   Code   RO         2162    i.xTaskPriorityDisinherit  tasks.o
    0x08007820   0x08007820   0x00000098   Code   RO         2163    i.xTaskRemoveFromEventList  tasks.o
    0x080078b8   0x080078b8   0x00000104   Code   RO         2165    i.xTaskResumeAll    tasks.o
    0x080079bc   0x080079bc   0x00000030   Code   RO         2489    i.xTimerCreate      timers.o
    0x080079ec   0x080079ec   0x00000054   Code   RO         2490    i.xTimerCreateTimerTask  timers.o
    0x08007a40   0x08007a40   0x00000084   Code   RO         2491    i.xTimerGenericCommand  timers.o
    0x08007ac4   0x08007ac4   0x0000000a   Code   RO         6523    x$fpl$fpinit        g_wm.l(fpinit.o)
    0x08007ace   0x08007ace   0x00000008   Data   RO          308    .constdata          app_led.o
    0x08007ad6   0x08007ad6   0x00000002   PAD
    0x08007ad8   0x08007ad8   0x00000024   Data   RO          694    .constdata          chassis_task.o
    0x08007afc   0x08007afc   0x00000b00   Data   RO         2733    .constdata          platform_io.o
    0x080085fc   0x080085fc   0x00000008   Data   RO         3457    .constdata          drivers_led.o
    0x08008604   0x08008604   0x00000017   Data   RO         5849    .constdata          retarget_io.o
    0x0800861b   0x0800861b   0x00000001   PAD
    0x0800861c   0x0800861c   0x00000804   Data   RO         6061    .constdata          arm_cortexM4lf_math.lib(arm_common_tables.o)
    0x08008e20   0x08008e20   0x00000020   Data   RO         6667    Region$$Table       anon$$obj.o
    0x08008e40   0x08008e40   0x00000004   Data   RO          310    .init_array         app_led.o
    0x08008e44   0x08008e40   0x00000004   Data   RO          496    .init_array         app_motor.o
    0x08008e48   0x08008e40   0x00000004   Data   RO          805    .init_array         message_task.o
    0x08008e4c   0x08008e40   0x00000004   Data   RO          974    .init_array         guard_task.o
    0x08008e50   0x08008e40   0x00000004   Data   RO         1157    .init_array         dev_can.o
    0x08008e54   0x08008e40   0x00000004   Data   RO         1264    .init_array         dev_serial.o
    0x08008e58   0x08008e40   0x00000004   Data   RO         3331    .init_array         drivers_dma.o
    0x08008e5c   0x08008e40   0x00000000   Data   RO         6203    .init_array         c_w.l(init_aeabi.o)


    Execution Region RW_IRAM1 (Exec base: 0x20000000, Load base: 0x08008e5c, Size: 0x00021c98, Max: 0x00030000, ABSOLUTE)

    Exec Addr    Load Addr    Size         Type   Attr      Idx    E Section Name        Object

    0x20000000   0x08008e5c   0x0000000c   Data   RW            7    .data               main.o
    0x2000000c   0x08008e68   0x00000001   Data   RW          309    .data               app_led.o
    0x2000000d   0x08008e69   0x00000001   Data   RW          495    .data               app_motor.o
    0x2000000e   0x08008e6a   0x00000002   PAD
    0x20000010   0x08008e6c   0x00000020   Data   RW          596    .data               start_task.o
    0x20000030   0x08008e8c   0x00000008   Data   RW          695    .data               chassis_task.o
    0x20000038   0x08008e94   0x00000017   Data   RW          804    .data               message_task.o
    0x2000004f   0x08008eab   0x00000004   Data   RW          973    .data               guard_task.o
    0x20000053   0x08008eaf   0x00000001   PAD
    0x20000054   0x08008eb0   0x00000002   Data   RW         1374    .data               protocol_dbus.o
    0x20000056   0x08008eb2   0x00000002   PAD
    0x20000058   0x08008eb4   0x0000003c   Data   RW         2168    .data               tasks.o
    0x20000094   0x08008ef0   0x00000014   Data   RW         2497    .data               timers.o
    0x200000a8   0x08008f04   0x0000000c   Data   RW         2616    .data               port.o
    0x200000b4   0x08008f10   0x00000018   Data   RW         2686    .data               heap_4.o
    0x200000cc   0x08008f28   0x00000024   Data   RW         2992    .data               platform_systick.o
    0x200000f0   0x08008f4c   0x00000010   Data   RW         4429    .data               stm32f4xx_rcc.o
    0x20000100   0x08008f5c   0x00000014   Data   RW         5803    .data               system_stm32f4xx.o
    0x20000114   0x08008f70   0x00000004   Data   RW         6267    .data               c_w.l(stdio_streams.o)
    0x20000118   0x08008f74   0x00000004   Data   RW         6268    .data               c_w.l(stdio_streams.o)
    0x2000011c   0x08008f78   0x00000004   Data   RW         6269    .data               c_w.l(stdio_streams.o)
    0x20000120        -       0x0000007c   Zero   RW          494    .bss                app_motor.o
    0x2000019c        -       0x000002c8   Zero   RW          693    .bss                chassis_task.o
    0x20000464        -       0x00000080   Zero   RW          803    .bss                message_task.o
    0x200004e4        -       0x000000a4   Zero   RW          972    .bss                guard_task.o
    0x20000588        -       0x0000002c   Zero   RW         1156    .bss                dev_can.o
    0x200005b4        -       0x000000a0   Zero   RW         1263    .bss                dev_serial.o
    0x20000654        -       0x0000005e   Zero   RW         1373    .bss                protocol_dbus.o
    0x200006b2        -       0x00000702   Zero   RW         1614    .bss                protocol_judgement.o
    0x20000db4        -       0x00000040   Zero   RW         1909    .bss                queue.o
    0x20000df4        -       0x000002e4   Zero   RW         2167    .bss                tasks.o
    0x200010d8        -       0x00000028   Zero   RW         2496    .bss                timers.o
    0x20001100        -       0x00020000   Zero   RW         2685    .bss                heap_4.o
    0x20021100        -       0x00000040   Zero   RW         2905    .bss                platform_exti.o
    0x20021140        -       0x00000038   Zero   RW         3133    .bss                platform_timer.o
    0x20021178        -       0x000000c0   Zero   RW         3330    .bss                drivers_dma.o
    0x20021238        -       0x00000054   Zero   RW         6264    .bss                c_w.l(stdio_streams.o)
    0x2002128c        -       0x00000054   Zero   RW         6265    .bss                c_w.l(stdio_streams.o)
    0x200212e0        -       0x00000054   Zero   RW         6266    .bss                c_w.l(stdio_streams.o)
    0x20021334        -       0x00000060   Zero   RW         6345    .bss                c_w.l(libspace.o)
    0x20021394   0x08008f7c   0x00000004   PAD
    0x20021398        -       0x00000500   Zero   RW         5833    HEAP                startup_stm32f427xx.o
    0x20021898        -       0x00000400   Zero   RW         5832    STACK               startup_stm32f427xx.o


==============================================================================

Image component sizes


      Code (inc. data)   RO Data    RW Data    ZI Data      Debug   Object Name

       604          8          0          0          0       1950   algorithm_pid.o
       162          4          0          0          0       2373   algorithm_user_lib.o
        96         16         12          1          0     295304   app_led.o
       504         62          4          1        124       7337   app_motor.o
       118         12          0          0          0       1604   app_power_ctrl.o
      3170        188         36          8        712      16243   chassis_task.o
         0          0          0          0          0      11688   croutine.o
       300         44          4          0         44       5442   dev_can.o
       498         66          4          0        160       5341   dev_serial.o
        92          4          0          0          0        590   dev_system.o
       174          0          0          0          0       2492   drivers_buffer.o
       364         12          0          0          0       2492   drivers_can.o
       324         78          4          0        192       9798   drivers_dma.o
        62          4          8          0          0       1188   drivers_led.o
       332         20          0          0          0       1438   drivers_remote.o
       626         64          0          0          0       6780   drivers_serial.o
         0          0          0          0          0      11672   event_groups.o
       570         62          4          4        164       6301   guard_task.o
       692         62          0         24     131072       4467   heap_4.o
       148          0          0          0          0       3286   list.o
       184         26          0         12          0     283674   main.o
      1122        122          4         23        128       9321   message_task.o
       180         24          0          0          0       2145   misc.o
       580         40          0          0         64       4227   platform_exti.o
       448         56       2816          0          0     320192   platform_io.o
       936        138          0          0          0       2843   platform_pwm.o
       220         26          0         36          0       3325   platform_systick.o
       740        132          0          0         56       5763   platform_timer.o
       918         86          0         12          0      10770   port.o
       550         40          0          2         94       7347   protocol_dbus.o
       300         18          0          0       1794       8457   protocol_judgement.o
      2122         22          0          0         64      17025   queue.o
       336         24         23          0          0       6625   retarget_io.o
        28          4          0          0          0        514   rtossystem_task.o
       328        146          0         32          0       4187   start_task.o
        80         32        428          0       2304        804   startup_stm32f427xx.o
      1566         16          0          0          0       6406   stm32f4xx_can.o
       656         54          0          0          0       7903   stm32f4xx_dma.o
        36         10          0          0          0       1104   stm32f4xx_exti.o
       222          0          0          0          0       2927   stm32f4xx_gpio.o
        20          0          0          0          0       2601   stm32f4xx_it.o
        16          6          0          0          0        477   stm32f4xx_iwdg.o
       392         48          0         16          0       5781   stm32f4xx_rcc.o
       882         66          0          0          0       8896   stm32f4xx_tim.o
       710         42          0          0          0       6744   stm32f4xx_usart.o
       392         32          0         20          0       1825   system_stm32f4xx.o
      3078        410          0         60        740      23019   tasks.o
      1264        116          0         20         40      18990   timers.o

    ----------------------------------------------------------------------
     27200       2442       3382        276     137752    1171678   Object Totals
         0          0         32          0          0          0   (incl. Generated)
        58          0          3          5          0          0   (incl. Padding)

    ----------------------------------------------------------------------

      Code (inc. data)   RO Data    RW Data    ZI Data      Debug   Library Member Name

         0          0       2052          0          0       4636   arm_common_tables.o
       120         12          0          0          0      16970   arm_cos_f32.o
       116         12          0          0          0        658   arm_sin_f32.o
         8          0          0          0          0         68   __main.o
       104          0          0          0          0         84   __printf.o
         0          0          0          0          0          0   __rtentry.o
        12          0          0          0          0          0   __rtentry2.o
         6          0          0          0          0          0   __rtentry4.o
        52          8          0          0          0          0   __scatter.o
        26          0          0          0          0          0   __scatter_copy.o
        28          0          0          0          0          0   __scatter_zi.o
        48          6          0          0          0         96   _printf_char_common.o
        36          4          0          0          0         80   _printf_char_file.o
         6          0          0          0          0          0   _printf_d.o
       120         16          0          0          0         92   _printf_dec.o
       178          0          0          0          0         88   _printf_intcommon.o
         0          0          0          0          0          0   _printf_percent.o
         4          0          0          0          0          0   _printf_percent_end.o
        22          0          0          0          0         80   abort.o
        16          0          0          0          0         68   aeabi_memset.o
        48         34          0          0          0         76   defsig_abrt_inner.o
        14          0          0          0          0         80   defsig_abrt_outer.o
        10          0          0          0          0         68   defsig_exit.o
        50          0          0          0          0         88   defsig_general.o
        80         58          0          0          0         76   defsig_rtmem_inner.o
        14          0          0          0          0         80   defsig_rtmem_outer.o
        52         38          0          0          0         76   defsig_rtred_inner.o
        14          0          0          0          0         80   defsig_rtred_outer.o
        18          0          0          0          0         80   exit.o
        76          0          0          0          0         88   fclose.o
         8          0          0          0          0         68   ferror.o
       236          4          0          0          0        128   fopen.o
       248          6          0          0          0         84   fseek.o
        66          0          0          0          0         76   ftell.o
        94          0          0          0          0         80   h1_alloc.o
        52          0          0          0          0         68   h1_extend.o
        78          0          0          0          0         80   h1_free.o
        14          0          0          0          0         84   h1_init.o
         6          0          0          0          0        152   heapauxi.o
         4          0          0          0          0        136   hguard.o
        36         10          0          0          0         80   init_aeabi.o
       138          0          0          0          0        168   init_alloc.o
       312         46          0          0          0        112   initio.o
         2          0          0          0          0          0   libinit.o
        22          0          0          0          0          0   libinit2.o
         2          0          0          0          0          0   libshutdown.o
         6          0          0          0          0          0   libshutdown2.o
         8          4          0          0         96         68   libspace.o
         0          0          0          0          0          0   maybetermalloc1.o
        24          4          0          0          0         84   noretval__2printf.o
         8          4          0          0          0         68   rt_eh_globals_addr_intlibspace.o
         8          4          0          0          0         68   rt_errno_addr_intlibspace.o
         8          4          0          0          0         68   rt_heap_descriptor_intlibspace.o
        68          0          0          0          0         68   rt_memclr.o
        78          0          0          0          0         80   rt_memclr_w.o
       138          0          0          0          0         68   rt_memcpy_v6.o
       100          0          0          0          0         80   rt_memcpy_w.o
         8          4          0          0          0         68   rt_new_handler_addr_intlibspace.o
         2          0          0          0          0          0   rtexit.o
        10          0          0          0          0          0   rtexit2.o
        70          0          0          0          0         80   setvbuf.o
       240          6          0          0          0        156   stdio.o
         0          0          0         12        252          0   stdio_streams.o
       128          0          0          0          0         68   strcmpv7m.o
        74          0          0          0          0         80   sys_stackheap_outer.o
         2          0          0          0          0         68   use_no_semi.o
         2          0          0          0          0         68   use_no_semi_2.o
        80         12          0          0          0        104   arm_exceptions_globs.o
        60          0          0          0          0        108   arm_exceptions_mem.o
        26          0          0          0          0         76   arm_exceptions_terminate.o
         4          0          0          0          0         68   arm_newhandler_noexceptions.o
        40          6          0          0          0         76   new.o
        10          0          0          0          0        116   fpinit.o

    ----------------------------------------------------------------------
      3810        302       2052         12        352      26816   Library Totals
        12          0          0          0          4          0   (incl. Padding)

    ----------------------------------------------------------------------

      Code (inc. data)   RO Data    RW Data    ZI Data      Debug   Library Name

       236         24       2052          0          0      22264   arm_cortexM4lf_math.lib
      3342        260          0         12        348       4004   c_w.l
       210         18          0          0          0        432   cpprt_w.l
        10          0          0          0          0        116   g_wm.l

    ----------------------------------------------------------------------
      3810        302       2052         12        352      26816   Library Totals

    ----------------------------------------------------------------------

==============================================================================


      Code (inc. data)   RO Data    RW Data    ZI Data      Debug   

     31010       2744       5434        288     138104    1169546   Grand Totals
     31010       2744       5434        288     138104    1169546   ELF Image Totals
     31010       2744       5434        288          0          0   ROM Totals

==============================================================================

    Total RO  Size (Code + RO Data)                36444 (  35.59kB)
    Total RW  Size (RW Data + ZI Data)            138392 ( 135.15kB)
    Total ROM Size (Code + RO Data + RW Data)      36732 (  35.87kB)

==============================================================================

